Archive member included because of file (symbol)

c:/program files/codesourcery/sourcery g++ lite/bin/../lib/gcc/arm-none-eabi/4.5.2/../../../../arm-none-eabi/lib/thumb2\libc.a(lib_a-init.o)
                              ./src/startup_stm32f4xx.o (__libc_init_array)
c:/program files/codesourcery/sourcery g++ lite/bin/../lib/gcc/arm-none-eabi/4.5.2/../../../../arm-none-eabi/lib/thumb2\libc.a(lib_a-memcmp.o)
                              ./FreeRTOS/tasks.o (memcmp)
c:/program files/codesourcery/sourcery g++ lite/bin/../lib/gcc/arm-none-eabi/4.5.2/../../../../arm-none-eabi/lib/thumb2\libc.a(lib_a-memcpy.o)
                              ./LCD/AsciiLib.o (memcpy)
c:/program files/codesourcery/sourcery g++ lite/bin/../lib/gcc/arm-none-eabi/4.5.2/../../../../arm-none-eabi/lib/thumb2\libc.a(lib_a-memset.o)
                              ./FreeRTOS/tasks.o (memset)
c:/program files/codesourcery/sourcery g++ lite/bin/../lib/gcc/arm-none-eabi/4.5.2/../../../../arm-none-eabi/lib/thumb2\libc.a(lib_a-strncpy.o)
                              ./FreeRTOS/tasks.o (strncpy)

Allocating common symbols
Common symbol       size              file

xHigherPriorityTaskWoken
                    0x4               ./src/stm32f4xx_it.o
xMEMS_Task          0x4               ./src/main.o
i                   0x2               ./LCD/LCD.o
xLED_Tasks          0x10              ./src/main.o
xQueue              0x4               ./src/main.o
xBALANCE_Task       0x4               ./src/main.o
__stdout            0x68              ./src/usart.o
NVIC_InitStructure  0x4               ./src/stm32f4_discovery.o
DeviceCode          0x2               ./LCD/LCD.o

Discarded input sections

 .text          0x00000000        0x0 c:/program files/codesourcery/sourcery g++ lite/bin/../lib/gcc/arm-none-eabi/4.5.2/thumb2/crti.o
 .data          0x00000000        0x0 c:/program files/codesourcery/sourcery g++ lite/bin/../lib/gcc/arm-none-eabi/4.5.2/thumb2/crti.o
 .bss           0x00000000        0x0 c:/program files/codesourcery/sourcery g++ lite/bin/../lib/gcc/arm-none-eabi/4.5.2/thumb2/crti.o
 .data          0x00000000        0x4 c:/program files/codesourcery/sourcery g++ lite/bin/../lib/gcc/arm-none-eabi/4.5.2/thumb2/crtbegin.o
 .text          0x00000000        0x0 ./src/hw_config.o
 .data          0x00000000        0x0 ./src/hw_config.o
 .bss           0x00000000        0x0 ./src/hw_config.o
 .text          0x00000000        0x0 ./src/main.o
 .data          0x00000000        0x0 ./src/main.o
 .bss           0x00000000        0x0 ./src/main.o
 .text.vApplicationMallocFailedHook
                0x00000000        0x8 ./src/main.o
 .text          0x00000000       0x14 ./src/startup_stm32f4xx.o
 .data          0x00000000        0x0 ./src/startup_stm32f4xx.o
 .bss           0x00000000        0x0 ./src/startup_stm32f4xx.o
 .text          0x00000000        0x0 ./src/stm32f4_discovery.o
 .data          0x00000000        0x0 ./src/stm32f4_discovery.o
 .bss           0x00000000        0x0 ./src/stm32f4_discovery.o
 .rodata.GPIO_CLK
                0x00000000       0x10 ./src/stm32f4_discovery.o
 .text.STM_EVAL_LEDInit
                0x00000000       0x68 ./src/stm32f4_discovery.o
 .text.STM_EVAL_LEDOn
                0x00000000       0x30 ./src/stm32f4_discovery.o
 .text.STM_EVAL_LEDOff
                0x00000000       0x30 ./src/stm32f4_discovery.o
 .text.STM_EVAL_PBGetState
                0x00000000       0x38 ./src/stm32f4_discovery.o
 COMMON         0x00000000        0x4 ./src/stm32f4_discovery.o
 .text          0x00000000        0x0 ./src/stm32f4xx_it.o
 .data          0x00000000        0x0 ./src/stm32f4xx_it.o
 .bss           0x00000000        0x0 ./src/stm32f4xx_it.o
 .text.USARTx_IRQHANDLER
                0x00000000       0x14 ./src/stm32f4xx_it.o
 .text          0x00000000        0x0 ./src/system_stm32f4xx.o
 .data          0x00000000        0x0 ./src/system_stm32f4xx.o
 .bss           0x00000000        0x0 ./src/system_stm32f4xx.o
 .data.AHBPrescTable
                0x00000000       0x10 ./src/system_stm32f4xx.o
 .text.SystemCoreClockUpdate
                0x00000000      0x114 ./src/system_stm32f4xx.o
 .text          0x00000000        0x0 ./src/tiny_printf.o
 .data          0x00000000        0x0 ./src/tiny_printf.o
 .bss           0x00000000        0x0 ./src/tiny_printf.o
 .text.ts_itoa  0x00000000       0x9c ./src/tiny_printf.o
 .text.ts_formatstring
                0x00000000      0x164 ./src/tiny_printf.o
 .text.ts_formatlength
                0x00000000      0x158 ./src/tiny_printf.o
 .text.sprintf  0x00000000       0x30 ./src/tiny_printf.o
 .text.fprintf  0x00000000       0xc0 ./src/tiny_printf.o
 .text.printf   0x00000000       0xbc ./src/tiny_printf.o
 .text          0x00000000        0x0 ./src/usart.o
 .data          0x00000000        0x0 ./src/usart.o
 .bss           0x00000000        0x0 ./src/usart.o
 .text.USART_Configuration
[...]
Memory Configuration

Name             Origin             Length             Attributes
FLASH            0x08000000         0x00100000         xr
RAM              0x20000000         0x00020000         xrw
MEMORY_B1        0x60000000         0x00000000         xr
CCMRAM           0x10000000         0x00010000         rw
*default*        0x00000000         0xffffffff

Linker script and memory map

LOAD c:/program files/codesourcery/sourcery g++ lite/bin/../lib/gcc/arm-none-eabi/4.5.2/thumb2/crti.o
LOAD c:/program files/codesourcery/sourcery g++ lite/bin/../lib/gcc/arm-none-eabi/4.5.2/thumb2/crtbegin.o
                0x00001000                malloc_getpagesize_P = 0x1000
LOAD ./src/hw_config.o
LOAD ./src/main.o
LOAD ./src/startup_stm32f4xx.o
LOAD ./src/stm32f4_discovery.o
LOAD ./src/stm32f4xx_it.o
LOAD ./src/system_stm32f4xx.o
LOAD ./src/tiny_printf.o
LOAD ./src/usart.o
LOAD ./Libraries/STM32F4xx_StdPeriph_Driver/src/misc.o
LOAD ./Libraries/STM32F4xx_StdPeriph_Driver/src/stm32f4xx_adc.o
LOAD ./Libraries/STM32F4xx_StdPeriph_Driver/src/stm32f4xx_can.o
LOAD ./Libraries/STM32F4xx_StdPeriph_Driver/src/stm32f4xx_crc.o
LOAD ./Libraries/STM32F4xx_StdPeriph_Driver/src/stm32f4xx_cryp.o
LOAD ./Libraries/STM32F4xx_StdPeriph_Driver/src/stm32f4xx_cryp_aes.o
LOAD ./Libraries/STM32F4xx_StdPeriph_Driver/src/stm32f4xx_cryp_des.o
LOAD ./Libraries/STM32F4xx_StdPeriph_Driver/src/stm32f4xx_cryp_tdes.o
LOAD ./Libraries/STM32F4xx_StdPeriph_Driver/src/stm32f4xx_dac.o
LOAD ./Libraries/STM32F4xx_StdPeriph_Driver/src/stm32f4xx_dbgmcu.o
LOAD ./Libraries/STM32F4xx_StdPeriph_Driver/src/stm32f4xx_dcmi.o
LOAD ./Libraries/STM32F4xx_StdPeriph_Driver/src/stm32f4xx_dma.o
LOAD ./Libraries/STM32F4xx_StdPeriph_Driver/src/stm32f4xx_exti.o
LOAD ./Libraries/STM32F4xx_StdPeriph_Driver/src/stm32f4xx_flash.o
LOAD ./Libraries/STM32F4xx_StdPeriph_Driver/src/stm32f4xx_fsmc.o
LOAD ./Libraries/STM32F4xx_StdPeriph_Driver/src/stm32f4xx_gpio.o
LOAD ./Libraries/STM32F4xx_StdPeriph_Driver/src/stm32f4xx_hash.o
LOAD ./Libraries/STM32F4xx_StdPeriph_Driver/src/stm32f4xx_hash_md5.o
LOAD ./Libraries/STM32F4xx_StdPeriph_Driver/src/stm32f4xx_hash_sha1.o
LOAD ./Libraries/STM32F4xx_StdPeriph_Driver/src/stm32f4xx_i2c.o
LOAD ./Libraries/STM32F4xx_StdPeriph_Driver/src/stm32f4xx_iwdg.o
LOAD ./Libraries/STM32F4xx_StdPeriph_Driver/src/stm32f4xx_pwr.o
LOAD ./Libraries/STM32F4xx_StdPeriph_Driver/src/stm32f4xx_rcc.o
LOAD ./Libraries/STM32F4xx_StdPeriph_Driver/src/stm32f4xx_rng.o
LOAD ./Libraries/STM32F4xx_StdPeriph_Driver/src/stm32f4xx_rtc.o
LOAD ./Libraries/STM32F4xx_StdPeriph_Driver/src/stm32f4xx_sdio.o
LOAD ./Libraries/STM32F4xx_StdPeriph_Driver/src/stm32f4xx_spi.o
LOAD ./Libraries/STM32F4xx_StdPeriph_Driver/src/stm32f4xx_syscfg.o
LOAD ./Libraries/STM32F4xx_StdPeriph_Driver/src/stm32f4xx_tim.o
LOAD ./Libraries/STM32F4xx_StdPeriph_Driver/src/stm32f4xx_usart.o
LOAD ./Libraries/STM32F4xx_StdPeriph_Driver/src/stm32f4xx_wwdg.o
LOAD ./LCD/AsciiLib.o
LOAD ./LCD/LCD.o
LOAD ./LCD/TIM3_PWM.o
LOAD ./FreeRTOS/portable/MemMang/heap_2.o
LOAD ./FreeRTOS/portable/port.o
LOAD ./FreeRTOS/list.o
LOAD ./FreeRTOS/queue.o
LOAD ./FreeRTOS/tasks.o
LOAD ./FreeRTOS/timers.o
START GROUP
LOAD c:/program files/codesourcery/sourcery g++ lite/bin/../lib/gcc/arm-none-eabi/4.5.2/thumb2\libgcc.a
LOAD c:/program files/codesourcery/sourcery g++ lite/bin/../lib/gcc/arm-none-eabi/4.5.2/../../../../arm-none-eabi/lib/thumb2\libc.a
END GROUP
LOAD c:/program files/codesourcery/sourcery g++ lite/bin/../lib/gcc/arm-none-eabi/4.5.2/thumb2/crtend.o
LOAD c:/program files/codesourcery/sourcery g++ lite/bin/../lib/gcc/arm-none-eabi/4.5.2/thumb2/crtn.o
                0x20020000                _estack = 0x20020000
                0x00000000                _Min_Heap_Size = 0x0
                0x00000400                _Min_Stack_Size = 0x400

.isr_vector     0x08000000      0x188
                0x08000000                . = ALIGN (0x4)
 *(.isr_vector)
 .isr_vector    0x08000000      0x188 ./src/startup_stm32f4xx.o
                0x08000000                g_pfnVectors
                0x08000188                . = ALIGN (0x4)

.text           0x08000188     0x6680
                0x08000188                . = ALIGN (0x4)
 *(.text)
 .text          0x08000188       0x30 c:/program files/codesourcery/sourcery g++ lite/bin/../lib/gcc/arm-none-eabi/4.5.2/thumb2/crtbegin.o
 .text          0x080001b8       0x50 c:/program files/codesourcery/sourcery g++ lite/bin/../lib/gcc/arm-none-eabi/4.5.2/../../../../arm-none-eabi/lib/thumb2\libc.a(lib_a-init.o)
                0x080001b8                __libc_init_array
 .text          0x08000208       0x64 c:/program files/codesourcery/sourcery g++ lite/bin/../lib/gcc/arm-none-eabi/4.5.2/../../../../arm-none-eabi/lib/thumb2\libc.a(lib_a-memcmp.o)
                0x08000208                memcmp
 .text          0x0800026c      0x150 c:/program files/codesourcery/sourcery g++ lite/bin/../lib/gcc/arm-none-eabi/4.5.2/../../../../arm-none-eabi/lib/thumb2\libc.a(lib_a-memcpy.o)
                0x0800026c                memcpy
 .text          0x080003bc       0xb4 c:/program files/codesourcery/sourcery g++ lite/bin/../lib/gcc/arm-none-eabi/4.5.2/../../../../arm-none-eabi/lib/thumb2\libc.a(lib_a-memset.o)
                0x080003bc                memset
 .text          0x08000470       0x78 c:/program files/codesourcery/sourcery g++ lite/bin/../lib/gcc/arm-none-eabi/4.5.2/../../../../arm-none-eabi/lib/thumb2\libc.a(lib_a-strncpy.o)
                0x08000470                strncpy
 *(.text*)
 .text.prvSetupHardware
                0x080004e8       0x34 ./src/hw_config.o
                0x080004e8                prvSetupHardware
 .text.prvLED_Config
                0x0800051c       0xa4 ./src/hw_config.o
                0x0800051c                prvLED_Config
 .text.prvTIM4_Config
                0x080005c0      0x118 ./src/hw_config.o
                0x080005c0                prvTIM4_Config
 .text.main     0x080006d8      0x1a0 ./src/main.o
                0x080006d8                main
 .text.vLEDTask
                0x08000878       0x28 ./src/main.o
 .text.vSWITCHTask
                0x080008a0       0xc4 ./src/main.o
 .text.vApplicationIdleHook
                0x08000964       0x18 ./src/main.o
                0x08000964                vApplicationIdleHook
 .text.vApplicationStackOverflowHook
                0x0800097c        0xc ./src/main.o
                0x0800097c                vApplicationStackOverflowHook
 .text.Reset_Handler
                0x08000988       0x58 ./src/startup_stm32f4xx.o
                0x08000988                Reset_Handler
 .text.Default_Handler
                0x080009e0        0x2 ./src/startup_stm32f4xx.o
                0x080009e0                RTC_Alarm_IRQHandler
                0x080009e0                HASH_RNG_IRQHandler
                0x080009e0                EXTI2_IRQHandler
                0x080009e0                TIM8_CC_IRQHandler
                0x080009e0                TIM1_CC_IRQHandler
                0x080009e0                DMA2_Stream5_IRQHandler
                0x080009e0                DMA1_Stream5_IRQHandler
                0x080009e0                PVD_IRQHandler
                0x080009e0                SDIO_IRQHandler
                0x080009e0                TAMP_STAMP_IRQHandler
                0x080009e0                CAN2_RX1_IRQHandler
                0x080009e0                EXTI3_IRQHandler
                0x080009e0                TIM8_TRG_COM_TIM14_IRQHandler
                0x080009e0                TIM1_UP_TIM10_IRQHandler
                0x080009e0                TIM8_UP_TIM13_IRQHandler
                0x080009e0                I2C3_ER_IRQHandler
                0x080009e0                I2C2_EV_IRQHandler
                0x080009e0                DMA1_Stream2_IRQHandler
                0x080009e0                CAN1_RX0_IRQHandler
                0x080009e0                FPU_IRQHandler
                0x080009e0                OTG_HS_WKUP_IRQHandler
                0x080009e0                CAN2_SCE_IRQHandler
                0x080009e0                DMA2_Stream2_IRQHandler
                0x080009e0                SPI1_IRQHandler
                0x080009e0                TIM6_DAC_IRQHandler
                0x080009e0                TIM1_BRK_TIM9_IRQHandler
                0x080009e0                DCMI_IRQHandler
                0x080009e0                CAN2_RX0_IRQHandler
                0x080009e0                DMA2_Stream3_IRQHandler
                0x080009e0                USART6_IRQHandler
                0x080009e0                USART3_IRQHandler
                0x080009e0                CRYP_IRQHandler
                0x080009e0                CAN1_RX1_IRQHandler
                0x080009e0                UART5_IRQHandler
                0x080009e0                DMA2_Stream0_IRQHandler
                0x080009e0                TIM4_IRQHandler
                0x080009e0                I2C1_EV_IRQHandler
                0x080009e0                DMA1_Stream6_IRQHandler
                0x080009e0                DMA1_Stream1_IRQHandler
                0x080009e0                UART4_IRQHandler
                0x080009e0                TIM3_IRQHandler
                0x080009e0                RCC_IRQHandler
                0x080009e0                TIM8_BRK_TIM12_IRQHandler
                0x080009e0                Default_Handler
                0x080009e0                EXTI15_10_IRQHandler
                0x080009e0                ADC_IRQHandler
                0x080009e0                DMA1_Stream7_IRQHandler
                0x080009e0                TIM7_IRQHandler
                0x080009e0                CAN2_TX_IRQHandler
                0x080009e0                TIM5_IRQHandler
                0x080009e0                DMA2_Stream7_IRQHandler
                0x080009e0                I2C3_EV_IRQHandler
                0x080009e0                EXTI9_5_IRQHandler
                0x080009e0                RTC_WKUP_IRQHandler
                0x080009e0                ETH_WKUP_IRQHandler
                0x080009e0                SPI2_IRQHandler
                0x080009e0                OTG_HS_EP1_IN_IRQHandler
                0x080009e0                DMA1_Stream0_IRQHandler
                0x080009e0                CAN1_TX_IRQHandler
                0x080009e0                EXTI4_IRQHandler
                0x080009e0                FSMC_IRQHandler
                0x080009e0                ETH_IRQHandler
                0x080009e0                OTG_HS_EP1_OUT_IRQHandler
                0x080009e0                WWDG_IRQHandler
                0x080009e0                TIM2_IRQHandler
                0x080009e0                OTG_FS_WKUP_IRQHandler
                0x080009e0                TIM1_TRG_COM_TIM11_IRQHandler
                0x080009e0                OTG_HS_IRQHandler
                0x080009e0                EXTI1_IRQHandler
                0x080009e0                USART2_IRQHandler
                0x080009e0                I2C2_ER_IRQHandler
                0x080009e0                DMA2_Stream1_IRQHandler
                0x080009e0                CAN1_SCE_IRQHandler
                0x080009e0                FLASH_IRQHandler
                0x080009e0                DMA2_Stream4_IRQHandler
                0x080009e0                USART1_IRQHandler
                0x080009e0                OTG_FS_IRQHandler
                0x080009e0                SPI3_IRQHandler
                0x080009e0                DMA1_Stream4_IRQHandler
                0x080009e0                I2C1_ER_IRQHandler
                0x080009e0                DMA2_Stream6_IRQHandler
                0x080009e0                DMA1_Stream3_IRQHandler
 *fill*         0x080009e2        0x2 00
 .text.STM_EVAL_LEDToggle
                0x080009e4       0x3c ./src/stm32f4_discovery.o
                0x080009e4                STM_EVAL_LEDToggle
 .text.STM_EVAL_PBInit
                0x08000a20       0xe0 ./src/stm32f4_discovery.o
                0x08000a20                STM_EVAL_PBInit
 .text.NMI_Handler
                0x08000b00        0xc ./src/stm32f4xx_it.o
                0x08000b00                NMI_Handler
 .text.HardFault_Handler
                0x08000b0c        0x8 ./src/stm32f4xx_it.o
                0x08000b0c                HardFault_Handler
 .text.MemManage_Handler
                0x08000b14        0x8 ./src/stm32f4xx_it.o
                0x08000b14                MemManage_Handler
 .text.BusFault_Handler
                0x08000b1c        0x8 ./src/stm32f4xx_it.o
                0x08000b1c                BusFault_Handler
 .text.UsageFault_Handler
                0x08000b24        0x8 ./src/stm32f4xx_it.o
                0x08000b24                UsageFault_Handler
 .text.DebugMon_Handler
                0x08000b2c        0xc ./src/stm32f4xx_it.o
                0x08000b2c                DebugMon_Handler
 .text.EXTI0_IRQHandler
                0x08000b38       0x4c ./src/stm32f4xx_it.o
                0x08000b38                EXTI0_IRQHandler
 .text.SystemInit
                0x08000b84       0x5c ./src/system_stm32f4xx.o
                0x08000b84                SystemInit
 .text.SetSysClock
                0x08000be0      0x100 ./src/system_stm32f4xx.o
 .text.NVIC_PriorityGroupConfig
                0x08000ce0       0x24 ./Libraries/STM32F4xx_StdPeriph_Driver/src/misc.o
                0x08000ce0                NVIC_PriorityGroupConfig
 .text.NVIC_Init
                0x08000d04       0xd8 ./Libraries/STM32F4xx_StdPeriph_Driver/src/misc.o
                0x08000d04                NVIC_Init
 .text.NVIC_SetVectorTable
                0x08000ddc       0x2c ./Libraries/STM32F4xx_StdPeriph_Driver/src/misc.o
                0x08000ddc                NVIC_SetVectorTable
 .text.EXTI_Init
                0x08000e08       0xfc ./Libraries/STM32F4xx_StdPeriph_Driver/src/stm32f4xx_exti.o
                0x08000e08                EXTI_Init
 .text.EXTI_GetITStatus
                0x08000f04       0x54 ./Libraries/STM32F4xx_StdPeriph_Driver/src/stm32f4xx_exti.o
                0x08000f04                EXTI_GetITStatus
 .text.EXTI_ClearITPendingBit
                0x08000f58       0x1c ./Libraries/STM32F4xx_StdPeriph_Driver/src/stm32f4xx_exti.o
                0x08000f58                EXTI_ClearITPendingBit
 .text.FSMC_NORSRAMInit
                0x08000f74      0x150 ./Libraries/STM32F4xx_StdPeriph_Driver/src/stm32f4xx_fsmc.o
                0x08000f74                FSMC_NORSRAMInit
 .text.FSMC_NORSRAMCmd
                0x080010c4       0x54 ./Libraries/STM32F4xx_StdPeriph_Driver/src/stm32f4xx_fsmc.o
                0x080010c4                FSMC_NORSRAMCmd
 .text.GPIO_Init
                0x08001118      0x148 ./Libraries/STM32F4xx_StdPeriph_Driver/src/stm32f4xx_gpio.o
                0x08001118                GPIO_Init
 .text.GPIO_PinAFConfig
                0x08001260       0xac ./Libraries/STM32F4xx_StdPeriph_Driver/src/stm32f4xx_gpio.o
                0x08001260                GPIO_PinAFConfig
 .text.RCC_AHB1PeriphClockCmd
                0x0800130c       0x44 ./Libraries/STM32F4xx_StdPeriph_Driver/src/stm32f4xx_rcc.o
                0x0800130c                RCC_AHB1PeriphClockCmd
 .text.RCC_AHB3PeriphClockCmd
                0x08001350       0x44 ./Libraries/STM32F4xx_StdPeriph_Driver/src/stm32f4xx_rcc.o
                0x08001350                RCC_AHB3PeriphClockCmd
 .text.RCC_APB1PeriphClockCmd
                0x08001394       0x44 ./Libraries/STM32F4xx_StdPeriph_Driver/src/stm32f4xx_rcc.o
                0x08001394                RCC_APB1PeriphClockCmd
 .text.RCC_APB2PeriphClockCmd
                0x080013d8       0x44 ./Libraries/STM32F4xx_StdPeriph_Driver/src/stm32f4xx_rcc.o
                0x080013d8                RCC_APB2PeriphClockCmd
 .text.SYSCFG_EXTILineConfig
                0x0800141c       0x9c ./Libraries/STM32F4xx_StdPeriph_Driver/src/stm32f4xx_syscfg.o
                0x0800141c                SYSCFG_EXTILineConfig
 .text.TIM_TimeBaseInit
                0x080014b8       0xdc ./Libraries/STM32F4xx_StdPeriph_Driver/src/stm32f4xx_tim.o
                0x080014b8                TIM_TimeBaseInit
 .text.TIM_ARRPreloadConfig
                0x08001594       0x40 ./Libraries/STM32F4xx_StdPeriph_Driver/src/stm32f4xx_tim.o
                0x08001594                TIM_ARRPreloadConfig
 .text.TIM_Cmd  0x080015d4       0x40 ./Libraries/STM32F4xx_StdPeriph_Driver/src/stm32f4xx_tim.o
                0x080015d4                TIM_Cmd
 .text.TIM_OC1Init
                0x08001614      0x108 ./Libraries/STM32F4xx_StdPeriph_Driver/src/stm32f4xx_tim.o
                0x08001614                TIM_OC1Init
 .text.TIM_OC2Init
                0x0800171c      0x130 ./Libraries/STM32F4xx_StdPeriph_Driver/src/stm32f4xx_tim.o
                0x0800171c                TIM_OC2Init
 .text.TIM_OC3Init
                0x0800184c      0x12c ./Libraries/STM32F4xx_StdPeriph_Driver/src/stm32f4xx_tim.o
                0x0800184c                TIM_OC3Init
 .text.TIM_OC4Init
                0x08001978       0xe4 ./Libraries/STM32F4xx_StdPeriph_Driver/src/stm32f4xx_tim.o
                0x08001978                TIM_OC4Init
 .text.TIM_OC1PreloadConfig
                0x08001a5c       0x3c ./Libraries/STM32F4xx_StdPeriph_Driver/src/stm32f4xx_tim.o
                0x08001a5c                TIM_OC1PreloadConfig
 .text.TIM_OC2PreloadConfig
                0x08001a98       0x40 ./Libraries/STM32F4xx_StdPeriph_Driver/src/stm32f4xx_tim.o
                0x08001a98                TIM_OC2PreloadConfig
 .text.TIM_OC3PreloadConfig
                0x08001ad8       0x3c ./Libraries/STM32F4xx_StdPeriph_Driver/src/stm32f4xx_tim.o
                0x08001ad8                TIM_OC3PreloadConfig
 .text.TIM_OC4PreloadConfig
                0x08001b14       0x40 ./Libraries/STM32F4xx_StdPeriph_Driver/src/stm32f4xx_tim.o
                0x08001b14                TIM_OC4PreloadConfig
 .text.TIM_CCxCmd
                0x08001b54       0x60 ./Libraries/STM32F4xx_StdPeriph_Driver/src/stm32f4xx_tim.o
                0x08001b54                TIM_CCxCmd
 .text.GetASCIICode
                0x08001bb4       0x34 ./LCD/AsciiLib.o
                0x08001bb4                GetASCIICode
 .text.LCD_CtrlLinesConfig
                0x08001be8      0x1b0 ./LCD/LCD.o
 .text.LCD_FSMCConfig
                0x08001d98       0xa4 ./LCD/LCD.o
 .text.LCD_Configuration
                0x08001e3c       0x38 ./LCD/LCD.o
 .text.delay_ms
                0x08001e74       0x48 ./LCD/LCD.o
                0x08001e74                delay_ms
 .text.LCD_Initializtion
                0x08001ebc     0x1fdc ./LCD/LCD.o
                0x08001ebc                LCD_Initializtion
 .text.LCD_Clear
                0x08003e98       0xc8 ./LCD/LCD.o
                0x08003e98                LCD_Clear
 .text.LCD_SetCursor
                0x08003f60       0xdc ./LCD/LCD.o
 .text.LCD_SetPoint
                0x0800403c       0x4c ./LCD/LCD.o
                0x0800403c                LCD_SetPoint
 .text.PutChar  0x08004088       0xb0 ./LCD/LCD.o
                0x08004088                PutChar
 .text.GUI_Text
                0x08004138       0x78 ./LCD/LCD.o
                0x08004138                GUI_Text
 .text.LCD_WriteIndex
                0x080041b0       0x1c ./LCD/LCD.o
                0x080041b0                LCD_WriteIndex
 .text.LCD_WriteData
                0x080041cc       0x20 ./LCD/LCD.o
                0x080041cc                LCD_WriteData
 .text.LCD_ReadData
                0x080041ec       0x18 ./LCD/LCD.o
                0x080041ec                LCD_ReadData
 .text.LCD_WriteReg
                0x08004204       0x28 ./LCD/LCD.o
                0x08004204                LCD_WriteReg
 .text.LCD_ReadReg
                0x0800422c       0x24 ./LCD/LCD.o
                0x0800422c                LCD_ReadReg
 .text.pvPortMalloc
                0x08004250      0x15c ./FreeRTOS/portable/MemMang/heap_2.o
                0x08004250                pvPortMalloc
 .text.vPortFree
                0x080043ac       0x7c ./FreeRTOS/portable/MemMang/heap_2.o
                0x080043ac                vPortFree
 .text.xPortGetFreeHeapSize
                0x08004428       0x14 ./FreeRTOS/portable/MemMang/heap_2.o
                0x08004428                xPortGetFreeHeapSize
 .text.pxPortInitialiseStack
                0x0800443c       0x60 ./FreeRTOS/portable/port.o
                0x0800443c                pxPortInitialiseStack
 .text.SVC_Handler
                0x0800449c       0x20 ./FreeRTOS/portable/port.o
                0x0800449c                SVC_Handler
 .text.vPortStartFirstTask
                0x080044bc       0x14 ./FreeRTOS/portable/port.o
                0x080044bc                vPortStartFirstTask
 .text.xPortStartScheduler
                0x080044d0       0x3c ./FreeRTOS/portable/port.o
                0x080044d0                xPortStartScheduler
 .text.vPortYieldFromISR
                0x0800450c       0x18 ./FreeRTOS/portable/port.o
                0x0800450c                vPortYieldFromISR
 .text.vPortEnterCritical
                0x08004524       0x24 ./FreeRTOS/portable/port.o
                0x08004524                vPortEnterCritical
 .text.vPortExitCritical
                0x08004548       0x2c ./FreeRTOS/portable/port.o
                0x08004548                vPortExitCritical
 .text.PendSV_Handler
                0x08004574       0x3c ./FreeRTOS/portable/port.o
                0x08004574                PendSV_Handler
 .text.SysTick_Handler
                0x080045b0       0x34 ./FreeRTOS/portable/port.o
                0x080045b0                SysTick_Handler
 .text.prvSetupTimerInterrupt
                0x080045e4       0x24 ./FreeRTOS/portable/port.o
 .text.vListInitialise
                0x08004608       0x48 ./FreeRTOS/list.o
                0x08004608                vListInitialise
 .text.vListInitialiseItem
                0x08004650       0x1c ./FreeRTOS/list.o
                0x08004650                vListInitialiseItem
 .text.vListInsertEnd
                0x0800466c       0x50 ./FreeRTOS/list.o
                0x0800466c                vListInsertEnd
 .text.vListInsert
                0x080046bc       0x74 ./FreeRTOS/list.o
                0x080046bc                vListInsert
 .text.vListRemove
                0x08004730       0x54 ./FreeRTOS/list.o
                0x08004730                vListRemove
 .text.xQueueCreate
                0x08004784       0xe0 ./FreeRTOS/queue.o
                0x08004784                xQueueCreate
 .text.xQueueGenericSend
                0x08004864      0x154 ./FreeRTOS/queue.o
                0x08004864                xQueueGenericSend
 .text.xQueueGenericSendFromISR
                0x080049b8       0xd4 ./FreeRTOS/queue.o
                0x080049b8                xQueueGenericSendFromISR
 .text.xQueueGenericReceive
                0x08004a8c      0x190 ./FreeRTOS/queue.o
                0x08004a8c                xQueueGenericReceive
 .text.prvCopyDataToQueue
                0x08004c1c       0xa8 ./FreeRTOS/queue.o
 .text.prvCopyDataFromQueue
                0x08004cc4       0x50 ./FreeRTOS/queue.o
 .text.prvUnlockQueue
                0x08004d14       0xa0 ./FreeRTOS/queue.o
 .text.prvIsQueueEmpty
                0x08004db4       0x2c ./FreeRTOS/queue.o
 .text.prvIsQueueFull
                0x08004de0       0x30 ./FreeRTOS/queue.o
 .text.vQueueWaitForMessageRestricted
                0x08004e10       0x5c ./FreeRTOS/queue.o
                0x08004e10                vQueueWaitForMessageRestricted
 .text.xTaskGenericCreate
                0x08004e6c      0x1ac ./FreeRTOS/tasks.o
                0x08004e6c                xTaskGenericCreate
 .text.vTaskDelay
                0x08005018       0x58 ./FreeRTOS/tasks.o
                0x08005018                vTaskDelay
 .text.vTaskSuspend
                0x08005070       0xa4 ./FreeRTOS/tasks.o
                0x08005070                vTaskSuspend
 .text.xTaskIsTaskSuspended
                0x08005114       0x5c ./FreeRTOS/tasks.o
                0x08005114                xTaskIsTaskSuspended
 .text.vTaskResume
                0x08005170       0xac ./FreeRTOS/tasks.o
                0x08005170                vTaskResume
 .text.vTaskStartScheduler
                0x0800521c       0x88 ./FreeRTOS/tasks.o
                0x0800521c                vTaskStartScheduler
 .text.vTaskSuspendAll
                0x080052a4       0x1c ./FreeRTOS/tasks.o
                0x080052a4                vTaskSuspendAll
 .text.xTaskResumeAll
                0x080052c0      0x124 ./FreeRTOS/tasks.o
                0x080052c0                xTaskResumeAll
 .text.xTaskGetTickCount
                0x080053e4       0x24 ./FreeRTOS/tasks.o
                0x080053e4                xTaskGetTickCount
 .text.vTaskIncrementTick
                0x08005408      0x154 ./FreeRTOS/tasks.o
                0x08005408                vTaskIncrementTick
 .text.vTaskSwitchContext
                0x0800555c      0x114 ./FreeRTOS/tasks.o
                0x0800555c                vTaskSwitchContext
 .text.vTaskPlaceOnEventList
                0x08005670       0x78 ./FreeRTOS/tasks.o
                0x08005670                vTaskPlaceOnEventList
 .text.vTaskPlaceOnEventListRestricted
                0x080056e8       0x58 ./FreeRTOS/tasks.o
                0x080056e8                vTaskPlaceOnEventListRestricted
 .text.xTaskRemoveFromEventList
                0x08005740       0xc4 ./FreeRTOS/tasks.o
                0x08005740                xTaskRemoveFromEventList
 .text.vTaskSetTimeOutState
                0x08005804       0x3c ./FreeRTOS/tasks.o
                0x08005804                vTaskSetTimeOutState
 .text.xTaskCheckForTimeOut
                0x08005840       0xb4 ./FreeRTOS/tasks.o
                0x08005840                xTaskCheckForTimeOut
 .text.vTaskMissedYield
                0x080058f4       0x18 ./FreeRTOS/tasks.o
                0x080058f4                vTaskMissedYield
 .text.prvIdleTask
                0x0800590c       0x24 ./FreeRTOS/tasks.o
 .text.prvInitialiseTCBVariables
                0x08005930       0x78 ./FreeRTOS/tasks.o
 .text.prvInitialiseTaskLists
                0x080059a8       0x88 ./FreeRTOS/tasks.o
 .text.prvCheckTasksWaitingTermination
                0x08005a30       0x7c ./FreeRTOS/tasks.o
 .text.prvAddCurrentTaskToDelayedList
                0x08005aac       0x70 ./FreeRTOS/tasks.o
 .text.prvAllocateTCBAndStack
                0x08005b1c       0x74 ./FreeRTOS/tasks.o
 .text.prvDeleteTCB
                0x08005b90       0x20 ./FreeRTOS/tasks.o
 .text.xTaskGetSchedulerState
                0x08005bb0       0x44 ./FreeRTOS/tasks.o
                0x08005bb0                xTaskGetSchedulerState
 .text.xTimerCreateTimerTask
                0x08005bf4       0x6c ./FreeRTOS/timers.o
                0x08005bf4                xTimerCreateTimerTask
 .text.xTimerGenericCommand
                0x08005c60       0x98 ./FreeRTOS/timers.o
                0x08005c60                xTimerGenericCommand
 .text.prvProcessExpiredTimer
                0x08005cf8       0x80 ./FreeRTOS/timers.o
 .text.prvTimerTask
                0x08005d78       0x24 ./FreeRTOS/timers.o
 .text.prvProcessTimerOrBlockTask
                0x08005d9c       0x74 ./FreeRTOS/timers.o
 .text.prvGetNextExpireTime
                0x08005e10       0x48 ./FreeRTOS/timers.o
 .text.prvSampleTimeNow
                0x08005e58       0x4c ./FreeRTOS/timers.o
 .text.prvInsertTimerInActiveList
                0x08005ea4       0x90 ./FreeRTOS/timers.o
 .text.prvProcessReceivedCommands
                0x08005f34      0x118 ./FreeRTOS/timers.o
 .text.prvSwitchTimerLists
                0x0800604c       0xc4 ./FreeRTOS/timers.o
 .text.prvCheckForValidListAndQueue
                0x08006110       0x54 ./FreeRTOS/timers.o
 *(.rodata)
 .rodata        0x08006164       0x34 ./src/main.o
 .rodata        0x08006198        0x8 ./FreeRTOS/tasks.o
 .rodata        0x080061a0        0x8 ./FreeRTOS/timers.o
 *(.rodata*)
 .rodata.LEDS   0x080061a8       0x20 ./src/main.o
 .rodata.GPIO_PIN
                0x080061c8        0x8 ./src/stm32f4_discovery.o
                0x080061c8                GPIO_PIN
 .rodata.BUTTON_PIN
                0x080061d0        0x4 ./src/stm32f4_discovery.o
                0x080061d0                BUTTON_PIN
 .rodata.BUTTON_CLK
                0x080061d4        0x4 ./src/stm32f4_discovery.o
                0x080061d4                BUTTON_CLK
 .rodata.BUTTON_EXTI_LINE
                0x080061d8        0x4 ./src/stm32f4_discovery.o
                0x080061d8                BUTTON_EXTI_LINE
 .rodata.BUTTON_PORT_SOURCE
                0x080061dc        0x4 ./src/stm32f4_discovery.o
                0x080061dc                BUTTON_PORT_SOURCE
 .rodata.BUTTON_PIN_SOURCE
                0x080061e0        0x4 ./src/stm32f4_discovery.o
                0x080061e0                BUTTON_PIN_SOURCE
 .rodata.BUTTON_IRQn
                0x080061e4        0x4 ./src/stm32f4_discovery.o
                0x080061e4                BUTTON_IRQn
 .rodata.AsciiLib
                0x080061e8      0x5f0 ./LCD/AsciiLib.o
 .rodata.heapSTRUCT_SIZE
                0x080067d8        0x2 ./FreeRTOS/portable/MemMang/heap_2.o
 *fill*         0x080067da        0x2 00
 .rodata.ucExpectedStackBytes.5767
                0x080067dc       0x14 ./FreeRTOS/tasks.o
 *(.glue_7)
 .glue_7        0x00000000        0x0 linker stubs
 *(.glue_7t)
 .glue_7t       0x00000000        0x0 linker stubs
 *(.eh_frame)
 *(.init)
 .init          0x080067f0        0x4 c:/program files/codesourcery/sourcery g++ lite/bin/../lib/gcc/arm-none-eabi/4.5.2/thumb2/crti.o
                0x080067f0                _init
 .init          0x080067f4        0x8 c:/program files/codesourcery/sourcery g++ lite/bin/../lib/gcc/arm-none-eabi/4.5.2/thumb2/crtn.o
 *(.fini)
 .fini          0x080067fc        0x4 c:/program files/codesourcery/sourcery g++ lite/bin/../lib/gcc/arm-none-eabi/4.5.2/thumb2/crti.o
                0x080067fc                _fini
 .fini          0x08006800        0x8 c:/program files/codesourcery/sourcery g++ lite/bin/../lib/gcc/arm-none-eabi/4.5.2/thumb2/crtn.o
                0x08006808                . = ALIGN (0x4)
                0x08006808                _etext = .

.vfp11_veneer   0x08006808        0x0
 .vfp11_veneer  0x00000000        0x0 linker stubs

.v4_bx          0x08006808        0x0
 .v4_bx         0x00000000        0x0 linker stubs

.ARM.extab
 *(.ARM.extab* .gnu.linkonce.armextab.*)

.ARM            0x08006808        0x0
                0x08006808                __exidx_start = .
 *(.ARM.exidx*)
                0x08006808                __exidx_end = .

.preinit_array  0x08006808        0x0
                0x08006808                PROVIDE (__preinit_array_start, .)
 *(.preinit_array*)
                0x08006808                PROVIDE (__preinit_array_end, .)

.init_array     0x08006808        0x4
                0x08006808                PROVIDE (__init_array_start, .)
 *(SORT(.init_array.*))
 *(.init_array*)
 .init_array    0x08006808        0x4 c:/program files/codesourcery/sourcery g++ lite/bin/../lib/gcc/arm-none-eabi/4.5.2/thumb2/crtbegin.o
                0x0800680c                PROVIDE (__init_array_end, .)

.fini_array     0x0800680c        0x4
                0x0800680c                PROVIDE (__fini_array_start, .)
 *(SORT(.fini_array.*))
 *(.fini_array*)
 .fini_array    0x0800680c        0x4 c:/program files/codesourcery/sourcery g++ lite/bin/../lib/gcc/arm-none-eabi/4.5.2/thumb2/crtbegin.o
                0x08006810                PROVIDE (__fini_array_end, .)
                0x08006810                _sidata = LOADADDR (.data)

.data           0x20000000       0x24 load address 0x08006810
                0x20000000                . = ALIGN (0x4)
                0x20000000                _sdata = .
 *(.data)
 *(.data*)
 .data.GPIO_PORT
                0x20000000       0x10 ./src/stm32f4_discovery.o
                0x20000000                GPIO_PORT
 .data.BUTTON_PORT
                0x20000010        0x4 ./src/stm32f4_discovery.o
                0x20000010                BUTTON_PORT
 .data.SystemCoreClock
                0x20000014        0x4 ./src/system_stm32f4xx.o
                0x20000014                SystemCoreClock
 .data.xFreeBytesRemaining
                0x20000018        0x4 ./FreeRTOS/portable/MemMang/heap_2.o
 .data.uxCriticalNesting
                0x2000001c        0x4 ./FreeRTOS/portable/port.o
 .data.xNextTaskUnblockTime
                0x20000020        0x4 ./FreeRTOS/tasks.o
                0x20000024                . = ALIGN (0x4)
                0x20000024                _edata = .
                0x08006834                _siccmram = LOADADDR (.ccmram)

.jcr            0x20000024        0x0 load address 0x08006834
 .jcr           0x20000024        0x0 c:/program files/codesourcery/sourcery g++ lite/bin/../lib/gcc/arm-none-eabi/4.5.2/thumb2/crtbegin.o

.ccmram         0x10000000        0x0 load address 0x08006834
                0x10000000                . = ALIGN (0x4)
                0x10000000                _sccmram = .
 *(.ccmram)
 *(.ccmram*)
                0x10000000                . = ALIGN (0x4)
                0x10000000                _eccmram = .
                0x10000000                . = ALIGN (0x4)

.bss            0x20000028     0xc980
                0x20000028                _sbss = .
                0x20000028                __bss_start__ = _sbss
 *(.bss)
 .bss           0x20000028        0x1 c:/program files/codesourcery/sourcery g++ lite/bin/../lib/gcc/arm-none-eabi/4.5.2/thumb2/crtbegin.o
 *(.bss*)
 *fill*         0x20000029        0x3 00
 .bss.xSemaphoreSW
                0x2000002c        0x4 ./src/main.o
                0x2000002c                xSemaphoreSW
 .bss.i.9086    0x20000030        0x4 ./src/main.o
 .bss.LCD_Code  0x20000034        0x1 ./LCD/LCD.o
 *fill*         0x20000035        0x3 00
 .bss.xHeap     0x20000038     0xc800 ./FreeRTOS/portable/MemMang/heap_2.o
 .bss.xStart    0x2000c838        0x8 ./FreeRTOS/portable/MemMang/heap_2.o
 .bss.xEnd      0x2000c840        0x8 ./FreeRTOS/portable/MemMang/heap_2.o
 .bss.xHeapHasBeenInitialised.4687
                0x2000c848        0x4 ./FreeRTOS/portable/MemMang/heap_2.o
 .bss.pxCurrentTCB
                0x2000c84c        0x4 ./FreeRTOS/tasks.o
                0x2000c84c                pxCurrentTCB
 .bss.pxReadyTasksLists
                0x2000c850       0x64 ./FreeRTOS/tasks.o
 .bss.xDelayedTaskList1
                0x2000c8b4       0x14 ./FreeRTOS/tasks.o
 .bss.xDelayedTaskList2
                0x2000c8c8       0x14 ./FreeRTOS/tasks.o
 .bss.pxDelayedTaskList
                0x2000c8dc        0x4 ./FreeRTOS/tasks.o
 .bss.pxOverflowDelayedTaskList
                0x2000c8e0        0x4 ./FreeRTOS/tasks.o
 .bss.xPendingReadyList
                0x2000c8e4       0x14 ./FreeRTOS/tasks.o
 .bss.xTasksWaitingTermination
                0x2000c8f8       0x14 ./FreeRTOS/tasks.o
 .bss.uxTasksDeleted
                0x2000c90c        0x4 ./FreeRTOS/tasks.o
 .bss.xSuspendedTaskList
                0x2000c910       0x14 ./FreeRTOS/tasks.o
 .bss.uxCurrentNumberOfTasks
                0x2000c924        0x4 ./FreeRTOS/tasks.o
 .bss.xTickCount
                0x2000c928        0x4 ./FreeRTOS/tasks.o
 .bss.uxTopUsedPriority
                0x2000c92c        0x4 ./FreeRTOS/tasks.o
 .bss.uxTopReadyPriority
                0x2000c930        0x4 ./FreeRTOS/tasks.o
 .bss.xSchedulerRunning
                0x2000c934        0x4 ./FreeRTOS/tasks.o
 .bss.uxSchedulerSuspended
                0x2000c938        0x4 ./FreeRTOS/tasks.o
 .bss.uxMissedTicks
                0x2000c93c        0x4 ./FreeRTOS/tasks.o
 .bss.xMissedYield
                0x2000c940        0x4 ./FreeRTOS/tasks.o
 .bss.xNumOfOverflows
                0x2000c944        0x4 ./FreeRTOS/tasks.o
 .bss.uxTaskNumber
                0x2000c948        0x4 ./FreeRTOS/tasks.o
 .bss.xActiveTimerList1
                0x2000c94c       0x14 ./FreeRTOS/timers.o
 .bss.xActiveTimerList2
                0x2000c960       0x14 ./FreeRTOS/timers.o
 .bss.pxCurrentTimerList
                0x2000c974        0x4 ./FreeRTOS/timers.o
 .bss.pxOverflowTimerList
                0x2000c978        0x4 ./FreeRTOS/timers.o
 .bss.xTimerQueue
                0x2000c97c        0x4 ./FreeRTOS/timers.o
 .bss.xLastTime.4274
                0x2000c980        0x4 ./FreeRTOS/timers.o
 *(COMMON)
 COMMON         0x2000c984       0x1c ./src/main.o
                0x2000c984                xMEMS_Task
                0x2000c988                xLED_Tasks
                0x2000c998                xQueue
                0x2000c99c                xBALANCE_Task
 COMMON         0x2000c9a0        0x4 ./src/stm32f4xx_it.o
                0x2000c9a0                xHigherPriorityTaskWoken
 COMMON         0x2000c9a4        0x4 ./LCD/LCD.o
                0x2000c9a4                i
                0x2000c9a6                DeviceCode
                0x2000c9a8                . = ALIGN (0x4)
                0x2000c9a8                _ebss = .
                0x2000c9a8                __bss_end__ = _ebss

._user_heap_stack
                0x2000c9a8      0x400
                0x2000c9a8                . = ALIGN (0x4)
                0x2000c9a8                PROVIDE (end, .)
                0x2000c9a8                PROVIDE (_end, .)
                0x2000c9a8                . = (. + _Min_Heap_Size)
                0x2000cda8                . = (. + _Min_Stack_Size)
 *fill*         0x2000c9a8      0x400 00
                0x2000cda8                . = ALIGN (0x4)

.memory_b1_text
 *(.mb1text)
 *(.mb1text*)
 *(.mb1rodata)
 *(.mb1rodata*)

/DISCARD/
 libc.a(*)
 libm.a(*)
 libgcc.a(*)

.ARM.attributes
                0x00000000       0x2d
 *(.ARM.attributes)
 .ARM.attributes
                0x00000000       0x19 c:/program files/codesourcery/sourcery g++ lite/bin/../lib/gcc/arm-none-eabi/4.5.2/thumb2/crti.o
 .ARM.attributes
                0x00000019       0x29 c:/program files/codesourcery/sourcery g++ lite/bin/../lib/gcc/arm-none-eabi/4.5.2/thumb2/crtbegin.o
 .ARM.attributes
                0x00000042       0x31 ./src/hw_config.o
 .ARM.attributes
                0x00000073       0x31 ./src/main.o
 .ARM.attributes
                0x000000a4       0x21 ./src/startup_stm32f4xx.o
 .ARM.attributes
                0x000000c5       0x31 ./src/stm32f4_discovery.o
 .ARM.attributes
                0x000000f6       0x31 ./src/stm32f4xx_it.o
 .ARM.attributes
                0x00000127       0x31 ./src/system_stm32f4xx.o
 .ARM.attributes
                0x00000158       0x31 ./src/tiny_printf.o
 .ARM.attributes
                0x00000189       0x31 ./src/usart.o
 .ARM.attributes
                0x000001ba       0x31 ./Libraries/STM32F4xx_StdPeriph_Driver/src/misc.o
 .ARM.attributes
                0x000001eb       0x31 ./Libraries/STM32F4xx_StdPeriph_Driver/src/stm32f4xx_adc.o
 .ARM.attributes
                0x0000021c       0x31 ./Libraries/STM32F4xx_StdPeriph_Driver/src/stm32f4xx_can.o
 .ARM.attributes
                0x0000024d       0x31 ./Libraries/STM32F4xx_StdPeriph_Driver/src/stm32f4xx_crc.o
 .ARM.attributes
                0x0000027e       0x31 ./Libraries/STM32F4xx_StdPeriph_Driver/src/stm32f4xx_cryp.o
 .ARM.attributes
                0x000002af       0x31 ./Libraries/STM32F4xx_StdPeriph_Driver/src/stm32f4xx_cryp_aes.o
 .ARM.attributes
                0x000002e0       0x31 ./Libraries/STM32F4xx_StdPeriph_Driver/src/stm32f4xx_cryp_des.o
 .ARM.attributes
                0x00000311       0x31 ./Libraries/STM32F4xx_StdPeriph_Driver/src/stm32f4xx_cryp_tdes.o
 .ARM.attributes
                0x00000342       0x31 ./Libraries/STM32F4xx_StdPeriph_Driver/src/stm32f4xx_dac.o
 .ARM.attributes
                0x00000373       0x31 ./Libraries/STM32F4xx_StdPeriph_Driver/src/stm32f4xx_dbgmcu.o
 .ARM.attributes
                0x000003a4       0x31 ./Libraries/STM32F4xx_StdPeriph_Driver/src/stm32f4xx_dcmi.o
 .ARM.attributes
                0x000003d5       0x31 ./Libraries/STM32F4xx_StdPeriph_Driver/src/stm32f4xx_dma.o
 .ARM.attributes
                0x00000406       0x31 ./Libraries/STM32F4xx_StdPeriph_Driver/src/stm32f4xx_exti.o
 .ARM.attributes
                0x00000437       0x31 ./Libraries/STM32F4xx_StdPeriph_Driver/src/stm32f4xx_flash.o
 .ARM.attributes
                0x00000468       0x31 ./Libraries/STM32F4xx_StdPeriph_Driver/src/stm32f4xx_fsmc.o
 .ARM.attributes
                0x00000499       0x31 ./Libraries/STM32F4xx_StdPeriph_Driver/src/stm32f4xx_gpio.o
 .ARM.attributes
                0x000004ca       0x31 ./Libraries/STM32F4xx_StdPeriph_Driver/src/stm32f4xx_hash.o
 .ARM.attributes
                0x000004fb       0x31 ./Libraries/STM32F4xx_StdPeriph_Driver/src/stm32f4xx_hash_md5.o
 .ARM.attributes
                0x0000052c       0x31 ./Libraries/STM32F4xx_StdPeriph_Driver/src/stm32f4xx_hash_sha1.o
 .ARM.attributes
                0x0000055d       0x31 ./Libraries/STM32F4xx_StdPeriph_Driver/src/stm32f4xx_i2c.o
 .ARM.attributes
                0x0000058e       0x31 ./Libraries/STM32F4xx_StdPeriph_Driver/src/stm32f4xx_iwdg.o
 .ARM.attributes
                0x000005bf       0x31 ./Libraries/STM32F4xx_StdPeriph_Driver/src/stm32f4xx_pwr.o
 .ARM.attributes
                0x000005f0       0x31 ./Libraries/STM32F4xx_StdPeriph_Driver/src/stm32f4xx_rcc.o
 .ARM.attributes
                0x00000621       0x31 ./Libraries/STM32F4xx_StdPeriph_Driver/src/stm32f4xx_rng.o
 .ARM.attributes
                0x00000652       0x31 ./Libraries/STM32F4xx_StdPeriph_Driver/src/stm32f4xx_rtc.o
 .ARM.attributes
                0x00000683       0x31 ./Libraries/STM32F4xx_StdPeriph_Driver/src/stm32f4xx_sdio.o
 .ARM.attributes
                0x000006b4       0x31 ./Libraries/STM32F4xx_StdPeriph_Driver/src/stm32f4xx_spi.o
 .ARM.attributes
                0x000006e5       0x31 ./Libraries/STM32F4xx_StdPeriph_Driver/src/stm32f4xx_syscfg.o
 .ARM.attributes
                0x00000716       0x31 ./Libraries/STM32F4xx_StdPeriph_Driver/src/stm32f4xx_tim.o
 .ARM.attributes
                0x00000747       0x31 ./Libraries/STM32F4xx_StdPeriph_Driver/src/stm32f4xx_usart.o
 .ARM.attributes
                0x00000778       0x31 ./Libraries/STM32F4xx_StdPeriph_Driver/src/stm32f4xx_wwdg.o
 .ARM.attributes
                0x000007a9       0x31 ./LCD/AsciiLib.o
 .ARM.attributes
                0x000007da       0x31 ./LCD/LCD.o
 .ARM.attributes
                0x0000080b       0x31 ./LCD/TIM3_PWM.o
 .ARM.attributes
                0x0000083c       0x31 ./FreeRTOS/portable/MemMang/heap_2.o
 .ARM.attributes
                0x0000086d       0x31 ./FreeRTOS/portable/port.o
 .ARM.attributes
                0x0000089e       0x31 ./FreeRTOS/list.o
 .ARM.attributes
                0x000008cf       0x31 ./FreeRTOS/queue.o
 .ARM.attributes
                0x00000900       0x31 ./FreeRTOS/tasks.o
 .ARM.attributes
                0x00000931       0x31 ./FreeRTOS/timers.o
 .ARM.attributes
                0x00000962       0x29 c:/program files/codesourcery/sourcery g++ lite/bin/../lib/gcc/arm-none-eabi/4.5.2/../../../../arm-none-eabi/lib/thumb2\libc.a(lib_a-init.o)
 .ARM.attributes
                0x0000098b       0x29 c:/program files/codesourcery/sourcery g++ lite/bin/../lib/gcc/arm-none-eabi/4.5.2/../../../../arm-none-eabi/lib/thumb2\libc.a(lib_a-memcmp.o)
 .ARM.attributes
                0x000009b4       0x29 c:/program files/codesourcery/sourcery g++ lite/bin/../lib/gcc/arm-none-eabi/4.5.2/../../../../arm-none-eabi/lib/thumb2\libc.a(lib_a-memcpy.o)
 .ARM.attributes
                0x000009dd       0x29 c:/program files/codesourcery/sourcery g++ lite/bin/../lib/gcc/arm-none-eabi/4.5.2/../../../../arm-none-eabi/lib/thumb2\libc.a(lib_a-memset.o)
 .ARM.attributes
                0x00000a06       0x29 c:/program files/codesourcery/sourcery g++ lite/bin/../lib/gcc/arm-none-eabi/4.5.2/../../../../arm-none-eabi/lib/thumb2\libc.a(lib_a-strncpy.o)
 .ARM.attributes
                0x00000a2f       0x29 c:/program files/codesourcery/sourcery g++ lite/bin/../lib/gcc/arm-none-eabi/4.5.2/thumb2/crtend.o
 .ARM.attributes
                0x00000a58       0x19 c:/program files/codesourcery/sourcery g++ lite/bin/../lib/gcc/arm-none-eabi/4.5.2/thumb2/crtn.o
OUTPUT(STM32F4_FreeRTOS.elf elf32-littlearm)

.debug_abbrev   0x00000000     0x4084
 .debug_abbrev  0x00000000      0x135 ./src/hw_config.o
 .debug_abbrev  0x00000135      0x17c ./src/main.o
 .debug_abbrev  0x000002b1       0x12 ./src/startup_stm32f4xx.o
 .debug_abbrev  0x000002c3      0x178 ./src/stm32f4_discovery.o
 .debug_abbrev  0x0000043b       0xe6 ./src/stm32f4xx_it.o
 .debug_abbrev  0x00000521      0x142 ./src/system_stm32f4xx.o
 .debug_abbrev  0x00000663      0x1d2 ./src/tiny_printf.o
 .debug_abbrev  0x00000835      0x1e0 ./src/usart.o
 .debug_abbrev  0x00000a15      0x128 ./Libraries/STM32F4xx_StdPeriph_Driver/src/misc.o
 .debug_abbrev  0x00000b3d      0x18b ./Libraries/STM32F4xx_StdPeriph_Driver/src/stm32f4xx_adc.o
 .debug_abbrev  0x00000cc8      0x1ae ./Libraries/STM32F4xx_StdPeriph_Driver/src/stm32f4xx_can.o
 .debug_abbrev  0x00000e76      0x10c ./Libraries/STM32F4xx_StdPeriph_Driver/src/stm32f4xx_crc.o
 .debug_abbrev  0x00000f82      0x182 ./Libraries/STM32F4xx_StdPeriph_Driver/src/stm32f4xx_cryp.o
 .debug_abbrev  0x00001104      0x1d4 ./Libraries/STM32F4xx_StdPeriph_Driver/src/stm32f4xx_cryp_aes.o
 .debug_abbrev  0x000012d8      0x15f ./Libraries/STM32F4xx_StdPeriph_Driver/src/stm32f4xx_cryp_des.o
 .debug_abbrev  0x00001437      0x15f ./Libraries/STM32F4xx_StdPeriph_Driver/src/stm32f4xx_cryp_tdes.o
 .debug_abbrev  0x00001596      0x174 ./Libraries/STM32F4xx_StdPeriph_Driver/src/stm32f4xx_dac.o
 .debug_abbrev  0x0000170a       0xdc ./Libraries/STM32F4xx_StdPeriph_Driver/src/stm32f4xx_dbgmcu.o
 .debug_abbrev  0x000017e6      0x17c ./Libraries/STM32F4xx_StdPeriph_Driver/src/stm32f4xx_dcmi.o
 .debug_abbrev  0x00001962      0x150 ./Libraries/STM32F4xx_StdPeriph_Driver/src/stm32f4xx_dma.o
 .debug_abbrev  0x00001ab2      0x19a ./Libraries/STM32F4xx_StdPeriph_Driver/src/stm32f4xx_exti.o
 .debug_abbrev  0x00001c4c      0x16a ./Libraries/STM32F4xx_StdPeriph_Driver/src/stm32f4xx_flash.o
 .debug_abbrev  0x00001db6      0x168 ./Libraries/STM32F4xx_StdPeriph_Driver/src/stm32f4xx_fsmc.o
 .debug_abbrev  0x00001f1e      0x184 ./Libraries/STM32F4xx_StdPeriph_Driver/src/stm32f4xx_gpio.o
 .debug_abbrev  0x000020a2      0x1a3 ./Libraries/STM32F4xx_StdPeriph_Driver/src/stm32f4xx_hash.o
 .debug_abbrev  0x00002245      0x191 ./Libraries/STM32F4xx_StdPeriph_Driver/src/stm32f4xx_hash_md5.o
 .debug_abbrev  0x000023d6      0x191 ./Libraries/STM32F4xx_StdPeriph_Driver/src/stm32f4xx_hash_sha1.o
 .debug_abbrev  0x00002567      0x15f ./Libraries/STM32F4xx_StdPeriph_Driver/src/stm32f4xx_i2c.o
 .debug_abbrev  0x000026c6       0xfc ./Libraries/STM32F4xx_StdPeriph_Driver/src/stm32f4xx_iwdg.o
 .debug_abbrev  0x000027c2      0x177 ./Libraries/STM32F4xx_StdPeriph_Driver/src/stm32f4xx_pwr.o
 .debug_abbrev  0x00002939      0x1b9 ./Libraries/STM32F4xx_StdPeriph_Driver/src/stm32f4xx_rcc.o
 .debug_abbrev  0x00002af2      0x139 ./Libraries/STM32F4xx_StdPeriph_Driver/src/stm32f4xx_rng.o
 .debug_abbrev  0x00002c2b      0x16d ./Libraries/STM32F4xx_StdPeriph_Driver/src/stm32f4xx_rtc.o
 .debug_abbrev  0x00002d98      0x16f ./Libraries/STM32F4xx_StdPeriph_Driver/src/stm32f4xx_sdio.o
 .debug_abbrev  0x00002f07      0x162 ./Libraries/STM32F4xx_StdPeriph_Driver/src/stm32f4xx_spi.o
 .debug_abbrev  0x00003069      0x12c ./Libraries/STM32F4xx_StdPeriph_Driver/src/stm32f4xx_syscfg.o
 .debug_abbrev  0x00003195      0x165 ./Libraries/STM32F4xx_StdPeriph_Driver/src/stm32f4xx_tim.o
 .debug_abbrev  0x000032fa      0x150 ./Libraries/STM32F4xx_StdPeriph_Driver/src/stm32f4xx_usart.o
 .debug_abbrev  0x0000344a      0x120 ./Libraries/STM32F4xx_StdPeriph_Driver/src/stm32f4xx_wwdg.o
 .debug_abbrev  0x0000356a       0x83 ./LCD/AsciiLib.o
 .debug_abbrev  0x000035ed      0x249 ./LCD/LCD.o
 .debug_abbrev  0x00003836      0x111 ./LCD/TIM3_PWM.o
 .debug_abbrev  0x00003947      0x15e ./FreeRTOS/portable/MemMang/heap_2.o
 .debug_abbrev  0x00003aa5      0x122 ./FreeRTOS/portable/port.o
 .debug_abbrev  0x00003bc7       0xb8 ./FreeRTOS/list.o
 .debug_abbrev  0x00003c7f      0x140 ./FreeRTOS/queue.o
 .debug_abbrev  0x00003dbf      0x193 ./FreeRTOS/tasks.o
 .debug_abbrev  0x00003f52      0x132 ./FreeRTOS/timers.o

.debug_info     0x00000000    0x16bba
 .debug_info    0x00000000      0x678 ./src/hw_config.o
 .debug_info    0x00000678      0x553 ./src/main.o
 .debug_info    0x00000bcb       0x7a ./src/startup_stm32f4xx.o
 .debug_info    0x00000c45      0x969 ./src/stm32f4_discovery.o
 .debug_info    0x000015ae      0x2b3 ./src/stm32f4xx_it.o
 .debug_info    0x00001861      0x621 ./src/system_stm32f4xx.o
 .debug_info    0x00001e82      0xb79 ./src/tiny_printf.o
 .debug_info    0x000029fb      0xf86 ./src/usart.o
 .debug_info    0x00003981      0x598 ./Libraries/STM32F4xx_StdPeriph_Driver/src/misc.o
 .debug_info    0x00003f19      0xcf9 ./Libraries/STM32F4xx_StdPeriph_Driver/src/stm32f4xx_adc.o
 .debug_info    0x00004c12      0xc66 ./Libraries/STM32F4xx_StdPeriph_Driver/src/stm32f4xx_can.o
 .debug_info    0x00005878      0x20f ./Libraries/STM32F4xx_StdPeriph_Driver/src/stm32f4xx_crc.o
 .debug_info    0x00005a87      0x7a2 ./Libraries/STM32F4xx_StdPeriph_Driver/src/stm32f4xx_cryp.o
 .debug_info    0x00006229     0x1168 ./Libraries/STM32F4xx_StdPeriph_Driver/src/stm32f4xx_cryp_aes.o
 .debug_info    0x00007391      0x564 ./Libraries/STM32F4xx_StdPeriph_Driver/src/stm32f4xx_cryp_des.o
 .debug_info    0x000078f5      0x6e3 ./Libraries/STM32F4xx_StdPeriph_Driver/src/stm32f4xx_cryp_tdes.o
 .debug_info    0x00007fd8      0x68a ./Libraries/STM32F4xx_StdPeriph_Driver/src/stm32f4xx_dac.o
 .debug_info    0x00008662      0x1f3 ./Libraries/STM32F4xx_StdPeriph_Driver/src/stm32f4xx_dbgmcu.o
 .debug_info    0x00008855      0x5a1 ./Libraries/STM32F4xx_StdPeriph_Driver/src/stm32f4xx_dcmi.o
 .debug_info    0x00008df6      0x7a7 ./Libraries/STM32F4xx_StdPeriph_Driver/src/stm32f4xx_dma.o
 .debug_info    0x0000959d      0x376 ./Libraries/STM32F4xx_StdPeriph_Driver/src/stm32f4xx_exti.o
 .debug_info    0x00009913      0x779 ./Libraries/STM32F4xx_StdPeriph_Driver/src/stm32f4xx_flash.o
 .debug_info    0x0000a08c      0x9a9 ./Libraries/STM32F4xx_StdPeriph_Driver/src/stm32f4xx_fsmc.o
 .debug_info    0x0000aa35      0x640 ./Libraries/STM32F4xx_StdPeriph_Driver/src/stm32f4xx_gpio.o
 .debug_info    0x0000b075      0x58a ./Libraries/STM32F4xx_StdPeriph_Driver/src/stm32f4xx_hash.o
 .debug_info    0x0000b5ff      0x4ed ./Libraries/STM32F4xx_StdPeriph_Driver/src/stm32f4xx_hash_md5.o
 .debug_info    0x0000baec      0x54e ./Libraries/STM32F4xx_StdPeriph_Driver/src/stm32f4xx_hash_sha1.o
 .debug_info    0x0000c03a      0xb95 ./Libraries/STM32F4xx_StdPeriph_Driver/src/stm32f4xx_i2c.o
 .debug_info    0x0000cbcf      0x20f ./Libraries/STM32F4xx_StdPeriph_Driver/src/stm32f4xx_iwdg.o
 .debug_info    0x0000cdde      0x542 ./Libraries/STM32F4xx_StdPeriph_Driver/src/stm32f4xx_pwr.o
 .debug_info    0x0000d320      0xd28 ./Libraries/STM32F4xx_StdPeriph_Driver/src/stm32f4xx_rcc.o
 .debug_info    0x0000e048      0x295 ./Libraries/STM32F4xx_StdPeriph_Driver/src/stm32f4xx_rng.o
 .debug_info    0x0000e2dd     0x1227 ./Libraries/STM32F4xx_StdPeriph_Driver/src/stm32f4xx_rtc.o
 .debug_info    0x0000f504      0x8a8 ./Libraries/STM32F4xx_StdPeriph_Driver/src/stm32f4xx_sdio.o
 .debug_info    0x0000fdac      0xbd0 ./Libraries/STM32F4xx_StdPeriph_Driver/src/stm32f4xx_spi.o
 .debug_info    0x0001097c      0x27e ./Libraries/STM32F4xx_StdPeriph_Driver/src/stm32f4xx_syscfg.o
 .debug_info    0x00010bfa     0x1e2c ./Libraries/STM32F4xx_StdPeriph_Driver/src/stm32f4xx_tim.o
 .debug_info    0x00012a26      0xa53 ./Libraries/STM32F4xx_StdPeriph_Driver/src/stm32f4xx_usart.o
 .debug_info    0x00013479      0x25a ./Libraries/STM32F4xx_StdPeriph_Driver/src/stm32f4xx_wwdg.o
 .debug_info    0x000136d3       0xe2 ./LCD/AsciiLib.o
 .debug_info    0x000137b5      0x970 ./LCD/LCD.o
 .debug_info    0x00014125      0x648 ./LCD/TIM3_PWM.o
 .debug_info    0x0001476d      0x2b7 ./FreeRTOS/portable/MemMang/heap_2.o
 .debug_info    0x00014a24      0x1db ./FreeRTOS/portable/port.o
 .debug_info    0x00014bff      0x2aa ./FreeRTOS/list.o
 .debug_info    0x00014ea9      0x7b7 ./FreeRTOS/queue.o
 .debug_info    0x00015660      0xe29 ./FreeRTOS/tasks.o
 .debug_info    0x00016489      0x731 ./FreeRTOS/timers.o

.debug_line     0x00000000     0xaadc
 .debug_line    0x00000000      0x269 ./src/hw_config.o
 .debug_line    0x00000269      0x341 ./src/main.o
 .debug_line    0x000005aa       0x74 ./src/startup_stm32f4xx.o
 .debug_line    0x0000061e      0x289 ./src/stm32f4_discovery.o
 .debug_line    0x000008a7      0x25b ./src/stm32f4xx_it.o
 .debug_line    0x00000b02      0x1f4 ./src/system_stm32f4xx.o
 .debug_line    0x00000cf6      0x28c ./src/tiny_printf.o
 .debug_line    0x00000f82      0x34b ./src/usart.o
 .debug_line    0x000012cd      0x24b ./Libraries/STM32F4xx_StdPeriph_Driver/src/misc.o
 .debug_line    0x00001518      0x55a ./Libraries/STM32F4xx_StdPeriph_Driver/src/stm32f4xx_adc.o
 .debug_line    0x00001a72      0x572 ./Libraries/STM32F4xx_StdPeriph_Driver/src/stm32f4xx_can.o
 .debug_line    0x00001fe4      0x200 ./Libraries/STM32F4xx_StdPeriph_Driver/src/stm32f4xx_crc.o
 .debug_line    0x000021e4      0x39a ./Libraries/STM32F4xx_StdPeriph_Driver/src/stm32f4xx_cryp.o
 .debug_line    0x0000257e      0x6b8 ./Libraries/STM32F4xx_StdPeriph_Driver/src/stm32f4xx_cryp_aes.o
 .debug_line    0x00002c36      0x302 ./Libraries/STM32F4xx_StdPeriph_Driver/src/stm32f4xx_cryp_des.o
 .debug_line    0x00002f38      0x37b ./Libraries/STM32F4xx_StdPeriph_Driver/src/stm32f4xx_cryp_tdes.o
 .debug_line    0x000032b3      0x35e ./Libraries/STM32F4xx_StdPeriph_Driver/src/stm32f4xx_dac.o
 .debug_line    0x00003611      0x1e3 ./Libraries/STM32F4xx_StdPeriph_Driver/src/stm32f4xx_dbgmcu.o
 .debug_line    0x000037f4      0x345 ./Libraries/STM32F4xx_StdPeriph_Driver/src/stm32f4xx_dcmi.o
 .debug_line    0x00003b39      0x3e1 ./Libraries/STM32F4xx_StdPeriph_Driver/src/stm32f4xx_dma.o
 .debug_line    0x00003f1a      0x2ab ./Libraries/STM32F4xx_StdPeriph_Driver/src/stm32f4xx_exti.o
 .debug_line    0x000041c5      0x491 ./Libraries/STM32F4xx_StdPeriph_Driver/src/stm32f4xx_flash.o
 .debug_line    0x00004656      0x45a ./Libraries/STM32F4xx_StdPeriph_Driver/src/stm32f4xx_fsmc.o
 .debug_line    0x00004ab0      0x345 ./Libraries/STM32F4xx_StdPeriph_Driver/src/stm32f4xx_gpio.o
 .debug_line    0x00004df5      0x375 ./Libraries/STM32F4xx_StdPeriph_Driver/src/stm32f4xx_hash.o
 .debug_line    0x0000516a      0x368 ./Libraries/STM32F4xx_StdPeriph_Driver/src/stm32f4xx_hash_md5.o
 .debug_line    0x000054d2      0x385 ./Libraries/STM32F4xx_StdPeriph_Driver/src/stm32f4xx_hash_sha1.o
 .debug_line    0x00005857      0x4e2 ./Libraries/STM32F4xx_StdPeriph_Driver/src/stm32f4xx_i2c.o
 .debug_line    0x00005d39      0x1f2 ./Libraries/STM32F4xx_StdPeriph_Driver/src/stm32f4xx_iwdg.o
 .debug_line    0x00005f2b      0x298 ./Libraries/STM32F4xx_StdPeriph_Driver/src/stm32f4xx_pwr.o
 .debug_line    0x000061c3      0x5a1 ./Libraries/STM32F4xx_StdPeriph_Driver/src/stm32f4xx_rcc.o
 .debug_line    0x00006764      0x21e ./Libraries/STM32F4xx_StdPeriph_Driver/src/stm32f4xx_rng.o
 .debug_line    0x00006982      0x81d ./Libraries/STM32F4xx_StdPeriph_Driver/src/stm32f4xx_rtc.o
 .debug_line    0x0000719f      0x44a ./Libraries/STM32F4xx_StdPeriph_Driver/src/stm32f4xx_sdio.o
 .debug_line    0x000075e9      0x459 ./Libraries/STM32F4xx_StdPeriph_Driver/src/stm32f4xx_spi.o
 .debug_line    0x00007a42      0x1fa ./Libraries/STM32F4xx_StdPeriph_Driver/src/stm32f4xx_syscfg.o
 .debug_line    0x00007c3c      0xa7f ./Libraries/STM32F4xx_StdPeriph_Driver/src/stm32f4xx_tim.o
 .debug_line    0x000086bb      0x4a8 ./Libraries/STM32F4xx_StdPeriph_Driver/src/stm32f4xx_usart.o
 .debug_line    0x00008b63      0x21d ./Libraries/STM32F4xx_StdPeriph_Driver/src/stm32f4xx_wwdg.o
 .debug_line    0x00008d80       0x44 ./LCD/AsciiLib.o
 .debug_line    0x00008dc4      0x6de ./LCD/LCD.o
 .debug_line    0x000094a2      0x21f ./LCD/TIM3_PWM.o
 .debug_line    0x000096c1      0x15f ./FreeRTOS/portable/MemMang/heap_2.o
 .debug_line    0x00009820      0x1be ./FreeRTOS/portable/port.o
 .debug_line    0x000099de      0x15b ./FreeRTOS/list.o
 .debug_line    0x00009b39      0x4db ./FreeRTOS/queue.o
 .debug_line    0x0000a014      0x7e2 ./FreeRTOS/tasks.o
 .debug_line    0x0000a7f6      0x2e6 ./FreeRTOS/timers.o

.debug_loc      0x00000000     0x9d36
 .debug_loc     0x00000000       0x9c ./src/hw_config.o
 .debug_loc     0x0000009c      0x144 ./src/main.o
 .debug_loc     0x000001e0      0x150 ./src/stm32f4_discovery.o
 .debug_loc     0x00000330      0x160 ./src/stm32f4xx_it.o
 .debug_loc     0x00000490       0x9c ./src/system_stm32f4xx.o
 .debug_loc     0x0000052c      0x178 ./src/tiny_printf.o
 .debug_loc     0x000006a4       0xe0 ./src/usart.o
 .debug_loc     0x00000784      0x118 ./Libraries/STM32F4xx_StdPeriph_Driver/src/misc.o
 .debug_loc     0x0000089c      0x838 ./Libraries/STM32F4xx_StdPeriph_Driver/src/stm32f4xx_adc.o
 .debug_loc     0x000010d4      0x578 ./Libraries/STM32F4xx_StdPeriph_Driver/src/stm32f4xx_can.o
 .debug_loc     0x0000164c      0x12c ./Libraries/STM32F4xx_StdPeriph_Driver/src/stm32f4xx_crc.o
 .debug_loc     0x00001778      0x394 ./Libraries/STM32F4xx_StdPeriph_Driver/src/stm32f4xx_cryp.o
 .debug_loc     0x00001b0c       0xae ./Libraries/STM32F4xx_StdPeriph_Driver/src/stm32f4xx_cryp_aes.o
 .debug_loc     0x00001bba       0x74 ./Libraries/STM32F4xx_StdPeriph_Driver/src/stm32f4xx_cryp_des.o
 .debug_loc     0x00001c2e       0x74 ./Libraries/STM32F4xx_StdPeriph_Driver/src/stm32f4xx_cryp_tdes.o
 .debug_loc     0x00001ca2      0x3ac ./Libraries/STM32F4xx_StdPeriph_Driver/src/stm32f4xx_dac.o
 .debug_loc     0x0000204e      0x100 ./Libraries/STM32F4xx_StdPeriph_Driver/src/stm32f4xx_dbgmcu.o
 .debug_loc     0x0000214e      0x330 ./Libraries/STM32F4xx_StdPeriph_Driver/src/stm32f4xx_dcmi.o
 .debug_loc     0x0000247e      0x428 ./Libraries/STM32F4xx_StdPeriph_Driver/src/stm32f4xx_dma.o
 .debug_loc     0x000028a6      0x1b4 ./Libraries/STM32F4xx_StdPeriph_Driver/src/stm32f4xx_exti.o
 .debug_loc     0x00002a5a      0x624 ./Libraries/STM32F4xx_StdPeriph_Driver/src/stm32f4xx_flash.o
 .debug_loc     0x0000307e      0x41c ./Libraries/STM32F4xx_StdPeriph_Driver/src/stm32f4xx_fsmc.o
 .debug_loc     0x0000349a      0x310 ./Libraries/STM32F4xx_StdPeriph_Driver/src/stm32f4xx_gpio.o
 .debug_loc     0x000037aa      0x388 ./Libraries/STM32F4xx_StdPeriph_Driver/src/stm32f4xx_hash.o
 .debug_loc     0x00003b32       0x74 ./Libraries/STM32F4xx_StdPeriph_Driver/src/stm32f4xx_hash_md5.o
 .debug_loc     0x00003ba6       0x74 ./Libraries/STM32F4xx_StdPeriph_Driver/src/stm32f4xx_hash_sha1.o
 .debug_loc     0x00003c1a      0x738 ./Libraries/STM32F4xx_StdPeriph_Driver/src/stm32f4xx_i2c.o
 .debug_loc     0x00004352      0x138 ./Libraries/STM32F4xx_StdPeriph_Driver/src/stm32f4xx_iwdg.o
 .debug_loc     0x0000448a      0x288 ./Libraries/STM32F4xx_StdPeriph_Driver/src/stm32f4xx_pwr.o
 .debug_loc     0x00004712      0x97c ./Libraries/STM32F4xx_StdPeriph_Driver/src/stm32f4xx_rcc.o
 .debug_loc     0x0000508e      0x1a8 ./Libraries/STM32F4xx_StdPeriph_Driver/src/stm32f4xx_rng.o
 .debug_loc     0x00005236      0xc48 ./Libraries/STM32F4xx_StdPeriph_Driver/src/stm32f4xx_rtc.o
 .debug_loc     0x00005e7e      0x648 ./Libraries/STM32F4xx_StdPeriph_Driver/src/stm32f4xx_sdio.o
 .debug_loc     0x000064c6      0x578 ./Libraries/STM32F4xx_StdPeriph_Driver/src/stm32f4xx_spi.o
 .debug_loc     0x00006a3e      0x144 ./Libraries/STM32F4xx_StdPeriph_Driver/src/stm32f4xx_syscfg.o
 .debug_loc     0x00006b82     0x1420 ./Libraries/STM32F4xx_StdPeriph_Driver/src/stm32f4xx_tim.o
 .debug_loc     0x00007fa2      0x658 ./Libraries/STM32F4xx_StdPeriph_Driver/src/stm32f4xx_usart.o
 .debug_loc     0x000085fa      0x19c ./Libraries/STM32F4xx_StdPeriph_Driver/src/stm32f4xx_wwdg.o
 .debug_loc     0x00008796       0x38 ./LCD/AsciiLib.o
 .debug_loc     0x000087ce      0x3da ./LCD/LCD.o
 .debug_loc     0x00008ba8       0x3a ./LCD/TIM3_PWM.o
 .debug_loc     0x00008be2       0xc8 ./FreeRTOS/portable/MemMang/heap_2.o
 .debug_loc     0x00008caa      0x178 ./FreeRTOS/portable/port.o
 .debug_loc     0x00008e22      0x118 ./FreeRTOS/list.o
 .debug_loc     0x00008f3a      0x3b8 ./FreeRTOS/queue.o
 .debug_loc     0x000092f2      0x740 ./FreeRTOS/tasks.o
 .debug_loc     0x00009a32      0x304 ./FreeRTOS/timers.o

.debug_pubnames
                0x00000000     0x4143
 .debug_pubnames
                0x00000000       0x4c ./src/hw_config.o
 .debug_pubnames
                0x0000004c       0xc3 ./src/main.o
 .debug_pubnames
                0x0000010f      0x150 ./src/stm32f4_discovery.o
 .debug_pubnames
                0x0000025f       0xd7 ./src/stm32f4xx_it.o
 .debug_pubnames
                0x00000336       0x61 ./src/system_stm32f4xx.o
 .debug_pubnames
                0x00000397       0x69 ./src/tiny_printf.o
 .debug_pubnames
                0x00000400       0x6c ./src/usart.o
 .debug_pubnames
                0x0000046c       0x89 ./Libraries/STM32F4xx_StdPeriph_Driver/src/misc.o
 .debug_pubnames
                0x000004f5      0x446 ./Libraries/STM32F4xx_StdPeriph_Driver/src/stm32f4xx_adc.o
 .debug_pubnames
                0x0000093b      0x208 ./Libraries/STM32F4xx_StdPeriph_Driver/src/stm32f4xx_can.o
 .debug_pubnames
                0x00000b43       0x82 ./Libraries/STM32F4xx_StdPeriph_Driver/src/stm32f4xx_crc.o
 .debug_pubnames
                0x00000bc5      0x14e ./Libraries/STM32F4xx_StdPeriph_Driver/src/stm32f4xx_cryp.o
 .debug_pubnames
                0x00000d13       0x45 ./Libraries/STM32F4xx_StdPeriph_Driver/src/stm32f4xx_cryp_aes.o
 .debug_pubnames
                0x00000d58       0x34 ./Libraries/STM32F4xx_StdPeriph_Driver/src/stm32f4xx_cryp_des.o
 .debug_pubnames
                0x00000d8c       0x36 ./Libraries/STM32F4xx_StdPeriph_Driver/src/stm32f4xx_cryp_tdes.o
 .debug_pubnames
                0x00000dc2      0x17d ./Libraries/STM32F4xx_StdPeriph_Driver/src/stm32f4xx_dac.o
 .debug_pubnames
                0x00000f3f       0x84 ./Libraries/STM32F4xx_StdPeriph_Driver/src/stm32f4xx_dbgmcu.o
 .debug_pubnames
                0x00000fc3      0x13a ./Libraries/STM32F4xx_StdPeriph_Driver/src/stm32f4xx_dcmi.o
 .debug_pubnames
                0x000010fd      0x1c9 ./Libraries/STM32F4xx_StdPeriph_Driver/src/stm32f4xx_dma.o
 .debug_pubnames
                0x000012c6       0xbb ./Libraries/STM32F4xx_StdPeriph_Driver/src/stm32f4xx_exti.o
 .debug_pubnames
                0x00001381      0x2bd ./Libraries/STM32F4xx_StdPeriph_Driver/src/stm32f4xx_flash.o
 .debug_pubnames
                0x0000163e      0x1a3 ./Libraries/STM32F4xx_StdPeriph_Driver/src/stm32f4xx_fsmc.o
 .debug_pubnames
                0x000017e1      0x12d ./Libraries/STM32F4xx_StdPeriph_Driver/src/stm32f4xx_gpio.o
 .debug_pubnames
                0x0000190e      0x170 ./Libraries/STM32F4xx_StdPeriph_Driver/src/stm32f4xx_hash.o
 .debug_pubnames
                0x00001a7e       0x2c ./Libraries/STM32F4xx_StdPeriph_Driver/src/stm32f4xx_hash_md5.o
 .debug_pubnames
                0x00001aaa       0x2e ./Libraries/STM32F4xx_StdPeriph_Driver/src/stm32f4xx_hash_sha1.o
 .debug_pubnames
                0x00001ad8      0x2cb ./Libraries/STM32F4xx_StdPeriph_Driver/src/stm32f4xx_i2c.o
 .debug_pubnames
                0x00001da3       0x91 ./Libraries/STM32F4xx_StdPeriph_Driver/src/stm32f4xx_iwdg.o
 .debug_pubnames
                0x00001e34      0x120 ./Libraries/STM32F4xx_StdPeriph_Driver/src/stm32f4xx_pwr.o
 .debug_pubnames
                0x00001f54      0x417 ./Libraries/STM32F4xx_StdPeriph_Driver/src/stm32f4xx_rcc.o
 .debug_pubnames
                0x0000236b       0xac ./Libraries/STM32F4xx_StdPeriph_Driver/src/stm32f4xx_rng.o
 .debug_pubnames
                0x00002417      0x514 ./Libraries/STM32F4xx_StdPeriph_Driver/src/stm32f4xx_rtc.o
 .debug_pubnames
                0x0000292b      0x2ac ./Libraries/STM32F4xx_StdPeriph_Driver/src/stm32f4xx_sdio.o
 .debug_pubnames
                0x00002bd7      0x221 ./Libraries/STM32F4xx_StdPeriph_Driver/src/stm32f4xx_spi.o
 .debug_pubnames
                0x00002df8       0xc3 ./Libraries/STM32F4xx_StdPeriph_Driver/src/stm32f4xx_syscfg.o
 .debug_pubnames
                0x00002ebb      0x7c4 ./Libraries/STM32F4xx_StdPeriph_Driver/src/stm32f4xx_tim.o
 .debug_pubnames
                0x0000367f      0x294 ./Libraries/STM32F4xx_StdPeriph_Driver/src/stm32f4xx_usart.o
 .debug_pubnames
                0x00003913       0xb0 ./Libraries/STM32F4xx_StdPeriph_Driver/src/stm32f4xx_wwdg.o
 .debug_pubnames
                0x000039c3       0x23 ./LCD/AsciiLib.o
 .debug_pubnames
                0x000039e6       0xfb ./LCD/LCD.o
 .debug_pubnames
                0x00003ae1       0x21 ./LCD/TIM3_PWM.o
 .debug_pubnames
                0x00003b02       0x64 ./FreeRTOS/portable/MemMang/heap_2.o
 .debug_pubnames
                0x00003b66      0x101 ./FreeRTOS/portable/port.o
 .debug_pubnames
                0x00003c67       0x71 ./FreeRTOS/list.o
 .debug_pubnames
                0x00003cd8      0x156 ./FreeRTOS/queue.o
 .debug_pubnames
                0x00003e2e      0x291 ./FreeRTOS/tasks.o
 .debug_pubnames
                0x000040bf       0x84 ./FreeRTOS/timers.o

.debug_pubtypes
                0x00000000     0x21d5
 .debug_pubtypes
                0x00000000      0x102 ./src/hw_config.o
 .debug_pubtypes
                0x00000102       0xaa ./src/main.o
 .debug_pubtypes
                0x000001ac      0x16e ./src/stm32f4_discovery.o
 .debug_pubtypes
                0x0000031a       0x70 ./src/stm32f4xx_it.o
 .debug_pubtypes
                0x0000038a       0x83 ./src/system_stm32f4xx.o
 .debug_pubtypes
                0x0000040d      0x12e ./src/tiny_printf.o
 .debug_pubtypes
                0x0000053b      0x209 ./src/usart.o
 .debug_pubtypes
                0x00000744       0x8c ./Libraries/STM32F4xx_StdPeriph_Driver/src/misc.o
 .debug_pubtypes
                0x000007d0       0xc9 ./Libraries/STM32F4xx_StdPeriph_Driver/src/stm32f4xx_adc.o
 .debug_pubtypes
                0x00000899      0x121 ./Libraries/STM32F4xx_StdPeriph_Driver/src/stm32f4xx_can.o
 .debug_pubtypes
                0x000009ba       0x54 ./Libraries/STM32F4xx_StdPeriph_Driver/src/stm32f4xx_crc.o
 .debug_pubtypes
                0x00000a0e       0xea ./Libraries/STM32F4xx_StdPeriph_Driver/src/stm32f4xx_cryp.o
 .debug_pubtypes
                0x00000af8       0x98 ./Libraries/STM32F4xx_StdPeriph_Driver/src/stm32f4xx_cryp_aes.o
 .debug_pubtypes
                0x00000b90       0x98 ./Libraries/STM32F4xx_StdPeriph_Driver/src/stm32f4xx_cryp_des.o
 .debug_pubtypes
                0x00000c28       0x98 ./Libraries/STM32F4xx_StdPeriph_Driver/src/stm32f4xx_cryp_tdes.o
 .debug_pubtypes
                0x00000cc0       0x98 ./Libraries/STM32F4xx_StdPeriph_Driver/src/stm32f4xx_dac.o
 .debug_pubtypes
                0x00000d58       0x52 ./Libraries/STM32F4xx_StdPeriph_Driver/src/stm32f4xx_dbgmcu.o
 .debug_pubtypes
                0x00000daa       0xcd ./Libraries/STM32F4xx_StdPeriph_Driver/src/stm32f4xx_dcmi.o
 .debug_pubtypes
                0x00000e77       0xa3 ./Libraries/STM32F4xx_StdPeriph_Driver/src/stm32f4xx_dma.o
 .debug_pubtypes
                0x00000f1a       0xae ./Libraries/STM32F4xx_StdPeriph_Driver/src/stm32f4xx_exti.o
 .debug_pubtypes
                0x00000fc8       0x97 ./Libraries/STM32F4xx_StdPeriph_Driver/src/stm32f4xx_flash.o
 .debug_pubtypes
                0x0000105f      0x174 ./Libraries/STM32F4xx_StdPeriph_Driver/src/stm32f4xx_fsmc.o
 .debug_pubtypes
                0x000011d3       0xce ./Libraries/STM32F4xx_StdPeriph_Driver/src/stm32f4xx_gpio.o
 .debug_pubtypes
                0x000012a1       0xbe ./Libraries/STM32F4xx_StdPeriph_Driver/src/stm32f4xx_hash.o
 .debug_pubtypes
                0x0000135f       0x7c ./Libraries/STM32F4xx_StdPeriph_Driver/src/stm32f4xx_hash_md5.o
 .debug_pubtypes
                0x000013db       0x7c ./Libraries/STM32F4xx_StdPeriph_Driver/src/stm32f4xx_hash_sha1.o
 .debug_pubtypes
                0x00001457       0xbe ./Libraries/STM32F4xx_StdPeriph_Driver/src/stm32f4xx_i2c.o
 .debug_pubtypes
                0x00001515       0x64 ./Libraries/STM32F4xx_StdPeriph_Driver/src/stm32f4xx_iwdg.o
 .debug_pubtypes
                0x00001579       0x84 ./Libraries/STM32F4xx_StdPeriph_Driver/src/stm32f4xx_pwr.o
 .debug_pubtypes
                0x000015fd       0xaa ./Libraries/STM32F4xx_StdPeriph_Driver/src/stm32f4xx_rcc.o
 .debug_pubtypes
                0x000016a7       0x77 ./Libraries/STM32F4xx_StdPeriph_Driver/src/stm32f4xx_rng.o
 .debug_pubtypes
                0x0000171e       0xd8 ./Libraries/STM32F4xx_StdPeriph_Driver/src/stm32f4xx_rtc.o
 .debug_pubtypes
                0x000017f6       0xbe ./Libraries/STM32F4xx_StdPeriph_Driver/src/stm32f4xx_sdio.o
 .debug_pubtypes
                0x000018b4       0xbc ./Libraries/STM32F4xx_StdPeriph_Driver/src/stm32f4xx_spi.o
 .debug_pubtypes
                0x00001970       0x6d ./Libraries/STM32F4xx_StdPeriph_Driver/src/stm32f4xx_syscfg.o
 .debug_pubtypes
                0x000019dd       0xe4 ./Libraries/STM32F4xx_StdPeriph_Driver/src/stm32f4xx_tim.o
 .debug_pubtypes
                0x00001ac1       0xcd ./Libraries/STM32F4xx_StdPeriph_Driver/src/stm32f4xx_usart.o
 .debug_pubtypes
                0x00001b8e       0x57 ./Libraries/STM32F4xx_StdPeriph_Driver/src/stm32f4xx_wwdg.o
 .debug_pubtypes
                0x00001be5       0x12 ./LCD/AsciiLib.o
 .debug_pubtypes
                0x00001bf7      0x106 ./LCD/LCD.o
 .debug_pubtypes
                0x00001cfd      0x102 ./LCD/TIM3_PWM.o
 .debug_pubtypes
                0x00001dff       0x4c ./FreeRTOS/portable/MemMang/heap_2.o
 .debug_pubtypes
                0x00001e4b       0x33 ./FreeRTOS/portable/port.o
 .debug_pubtypes
                0x00001e7e       0x7a ./FreeRTOS/list.o
 .debug_pubtypes
                0x00001ef8       0xd4 ./FreeRTOS/queue.o
 .debug_pubtypes
                0x00001fcc      0x10c ./FreeRTOS/tasks.o
 .debug_pubtypes
                0x000020d8       0xfd ./FreeRTOS/timers.o

.debug_aranges  0x00000000     0x1b98
 .debug_aranges
                0x00000000       0x30 ./src/hw_config.o
 .debug_aranges
                0x00000030       0x48 ./src/main.o
 .debug_aranges
                0x00000078       0x28 ./src/startup_stm32f4xx.o
 .debug_aranges
                0x000000a0       0x48 ./src/stm32f4_discovery.o
 .debug_aranges
                0x000000e8       0x58 ./src/stm32f4xx_it.o
 .debug_aranges
                0x00000140       0x30 ./src/system_stm32f4xx.o
 .debug_aranges
                0x00000170       0x48 ./src/tiny_printf.o
 .debug_aranges
                0x000001b8       0x38 ./src/usart.o
 .debug_aranges
                0x000001f0       0x40 ./Libraries/STM32F4xx_StdPeriph_Driver/src/misc.o
 .debug_aranges
                0x00000230      0x148 ./Libraries/STM32F4xx_StdPeriph_Driver/src/stm32f4xx_adc.o
 .debug_aranges
                0x00000378       0xe0 ./Libraries/STM32F4xx_StdPeriph_Driver/src/stm32f4xx_can.o
 .debug_aranges
                0x00000458       0x48 ./Libraries/STM32F4xx_StdPeriph_Driver/src/stm32f4xx_crc.o
 .debug_aranges
                0x000004a0       0xa0 ./Libraries/STM32F4xx_StdPeriph_Driver/src/stm32f4xx_cryp.o
 .debug_aranges
                0x00000540       0x30 ./Libraries/STM32F4xx_StdPeriph_Driver/src/stm32f4xx_cryp_aes.o
 .debug_aranges
                0x00000570       0x28 ./Libraries/STM32F4xx_StdPeriph_Driver/src/stm32f4xx_cryp_des.o
 .debug_aranges
                0x00000598       0x28 ./Libraries/STM32F4xx_StdPeriph_Driver/src/stm32f4xx_cryp_tdes.o
 .debug_aranges
                0x000005c0       0xa0 ./Libraries/STM32F4xx_StdPeriph_Driver/src/stm32f4xx_dac.o
 .debug_aranges
                0x00000660       0x40 ./Libraries/STM32F4xx_StdPeriph_Driver/src/stm32f4xx_dbgmcu.o
 .debug_aranges
                0x000006a0       0x90 ./Libraries/STM32F4xx_StdPeriph_Driver/src/stm32f4xx_dcmi.o
 .debug_aranges
                0x00000730       0xb0 ./Libraries/STM32F4xx_StdPeriph_Driver/src/stm32f4xx_dma.o
 .debug_aranges
                0x000007e0       0x58 ./Libraries/STM32F4xx_StdPeriph_Driver/src/stm32f4xx_exti.o
 .debug_aranges
                0x00000838      0x108 ./Libraries/STM32F4xx_StdPeriph_Driver/src/stm32f4xx_flash.o
 .debug_aranges
                0x00000940       0xb0 ./Libraries/STM32F4xx_StdPeriph_Driver/src/stm32f4xx_fsmc.o
 .debug_aranges
                0x000009f0       0x88 ./Libraries/STM32F4xx_StdPeriph_Driver/src/stm32f4xx_gpio.o
 .debug_aranges
                0x00000a78       0xa0 ./Libraries/STM32F4xx_StdPeriph_Driver/src/stm32f4xx_hash.o
 .debug_aranges
                0x00000b18       0x28 ./Libraries/STM32F4xx_StdPeriph_Driver/src/stm32f4xx_hash_md5.o
 .debug_aranges
                0x00000b40       0x28 ./Libraries/STM32F4xx_StdPeriph_Driver/src/stm32f4xx_hash_sha1.o
 .debug_aranges
                0x00000b68      0x120 ./Libraries/STM32F4xx_StdPeriph_Driver/src/stm32f4xx_i2c.o
 .debug_aranges
                0x00000c88       0x48 ./Libraries/STM32F4xx_StdPeriph_Driver/src/stm32f4xx_iwdg.o
 .debug_aranges
                0x00000cd0       0x78 ./Libraries/STM32F4xx_StdPeriph_Driver/src/stm32f4xx_pwr.o
 .debug_aranges
                0x00000d48      0x178 ./Libraries/STM32F4xx_StdPeriph_Driver/src/stm32f4xx_rcc.o
 .debug_aranges
                0x00000ec0       0x58 ./Libraries/STM32F4xx_StdPeriph_Driver/src/stm32f4xx_rng.o
 .debug_aranges
                0x00000f18      0x1e0 ./Libraries/STM32F4xx_StdPeriph_Driver/src/stm32f4xx_rtc.o
 .debug_aranges
                0x000010f8      0x108 ./Libraries/STM32F4xx_StdPeriph_Driver/src/stm32f4xx_sdio.o
 .debug_aranges
                0x00001200       0xe0 ./Libraries/STM32F4xx_StdPeriph_Driver/src/stm32f4xx_spi.o
 .debug_aranges
                0x000012e0       0x48 ./Libraries/STM32F4xx_StdPeriph_Driver/src/stm32f4xx_syscfg.o
 .debug_aranges
                0x00001328      0x2f8 ./Libraries/STM32F4xx_StdPeriph_Driver/src/stm32f4xx_tim.o
 .debug_aranges
                0x00001620      0x100 ./Libraries/STM32F4xx_StdPeriph_Driver/src/stm32f4xx_usart.o
 .debug_aranges
                0x00001720       0x58 ./Libraries/STM32F4xx_StdPeriph_Driver/src/stm32f4xx_wwdg.o
 .debug_aranges
                0x00001778       0x20 ./LCD/AsciiLib.o
 .debug_aranges
                0x00001798       0xa8 ./LCD/LCD.o
 .debug_aranges
                0x00001840       0x20 ./LCD/TIM3_PWM.o
 .debug_aranges
                0x00001860       0x38 ./FreeRTOS/portable/MemMang/heap_2.o
 .debug_aranges
                0x00001898       0x70 ./FreeRTOS/portable/port.o
 .debug_aranges
                0x00001908       0x40 ./FreeRTOS/list.o
 .debug_aranges
                0x00001948       0xa0 ./FreeRTOS/queue.o
 .debug_aranges
                0x000019e8      0x128 ./FreeRTOS/tasks.o
 .debug_aranges
                0x00001b10       0x88 ./FreeRTOS/timers.o

.debug_ranges   0x00000000     0x18a0
 .debug_ranges  0x00000000       0x20 ./src/hw_config.o
 .debug_ranges  0x00000020       0x38 ./src/main.o
 .debug_ranges  0x00000058       0x20 ./src/startup_stm32f4xx.o
 .debug_ranges  0x00000078       0x38 ./src/stm32f4_discovery.o
 .debug_ranges  0x000000b0       0x48 ./src/stm32f4xx_it.o
 .debug_ranges  0x000000f8       0x20 ./src/system_stm32f4xx.o
 .debug_ranges  0x00000118       0x38 ./src/tiny_printf.o
 .debug_ranges  0x00000150       0x28 ./src/usart.o
 .debug_ranges  0x00000178       0x30 ./Libraries/STM32F4xx_StdPeriph_Driver/src/misc.o
 .debug_ranges  0x000001a8      0x138 ./Libraries/STM32F4xx_StdPeriph_Driver/src/stm32f4xx_adc.o
 .debug_ranges  0x000002e0       0xd0 ./Libraries/STM32F4xx_StdPeriph_Driver/src/stm32f4xx_can.o
 .debug_ranges  0x000003b0       0x38 ./Libraries/STM32F4xx_StdPeriph_Driver/src/stm32f4xx_crc.o
 .debug_ranges  0x000003e8       0x90 ./Libraries/STM32F4xx_StdPeriph_Driver/src/stm32f4xx_cryp.o
 .debug_ranges  0x00000478       0x20 ./Libraries/STM32F4xx_StdPeriph_Driver/src/stm32f4xx_cryp_aes.o
 .debug_ranges  0x00000498       0x18 ./Libraries/STM32F4xx_StdPeriph_Driver/src/stm32f4xx_cryp_des.o
 .debug_ranges  0x000004b0       0x18 ./Libraries/STM32F4xx_StdPeriph_Driver/src/stm32f4xx_cryp_tdes.o
 .debug_ranges  0x000004c8       0x90 ./Libraries/STM32F4xx_StdPeriph_Driver/src/stm32f4xx_dac.o
 .debug_ranges  0x00000558       0x30 ./Libraries/STM32F4xx_StdPeriph_Driver/src/stm32f4xx_dbgmcu.o
 .debug_ranges  0x00000588       0x80 ./Libraries/STM32F4xx_StdPeriph_Driver/src/stm32f4xx_dcmi.o
 .debug_ranges  0x00000608       0xa0 ./Libraries/STM32F4xx_StdPeriph_Driver/src/stm32f4xx_dma.o
 .debug_ranges  0x000006a8       0x48 ./Libraries/STM32F4xx_StdPeriph_Driver/src/stm32f4xx_exti.o
 .debug_ranges  0x000006f0       0xf8 ./Libraries/STM32F4xx_StdPeriph_Driver/src/stm32f4xx_flash.o
 .debug_ranges  0x000007e8       0xa0 ./Libraries/STM32F4xx_StdPeriph_Driver/src/stm32f4xx_fsmc.o
 .debug_ranges  0x00000888       0x78 ./Libraries/STM32F4xx_StdPeriph_Driver/src/stm32f4xx_gpio.o
 .debug_ranges  0x00000900       0x90 ./Libraries/STM32F4xx_StdPeriph_Driver/src/stm32f4xx_hash.o
 .debug_ranges  0x00000990       0x18 ./Libraries/STM32F4xx_StdPeriph_Driver/src/stm32f4xx_hash_md5.o
 .debug_ranges  0x000009a8       0x18 ./Libraries/STM32F4xx_StdPeriph_Driver/src/stm32f4xx_hash_sha1.o
 .debug_ranges  0x000009c0      0x110 ./Libraries/STM32F4xx_StdPeriph_Driver/src/stm32f4xx_i2c.o
 .debug_ranges  0x00000ad0       0x38 ./Libraries/STM32F4xx_StdPeriph_Driver/src/stm32f4xx_iwdg.o
 .debug_ranges  0x00000b08       0x68 ./Libraries/STM32F4xx_StdPeriph_Driver/src/stm32f4xx_pwr.o
 .debug_ranges  0x00000b70      0x168 ./Libraries/STM32F4xx_StdPeriph_Driver/src/stm32f4xx_rcc.o
 .debug_ranges  0x00000cd8       0x48 ./Libraries/STM32F4xx_StdPeriph_Driver/src/stm32f4xx_rng.o
 .debug_ranges  0x00000d20      0x1d0 ./Libraries/STM32F4xx_StdPeriph_Driver/src/stm32f4xx_rtc.o
 .debug_ranges  0x00000ef0       0xf8 ./Libraries/STM32F4xx_StdPeriph_Driver/src/stm32f4xx_sdio.o
 .debug_ranges  0x00000fe8       0xd0 ./Libraries/STM32F4xx_StdPeriph_Driver/src/stm32f4xx_spi.o
 .debug_ranges  0x000010b8       0x38 ./Libraries/STM32F4xx_StdPeriph_Driver/src/stm32f4xx_syscfg.o
 .debug_ranges  0x000010f0      0x2e8 ./Libraries/STM32F4xx_StdPeriph_Driver/src/stm32f4xx_tim.o
 .debug_ranges  0x000013d8       0xf0 ./Libraries/STM32F4xx_StdPeriph_Driver/src/stm32f4xx_usart.o
 .debug_ranges  0x000014c8       0x48 ./Libraries/STM32F4xx_StdPeriph_Driver/src/stm32f4xx_wwdg.o
 .debug_ranges  0x00001510       0x10 ./LCD/AsciiLib.o
 .debug_ranges  0x00001520       0x98 ./LCD/LCD.o
 .debug_ranges  0x000015b8       0x10 ./LCD/TIM3_PWM.o
 .debug_ranges  0x000015c8       0x28 ./FreeRTOS/portable/MemMang/heap_2.o
 .debug_ranges  0x000015f0       0x60 ./FreeRTOS/portable/port.o
 .debug_ranges  0x00001650       0x30 ./FreeRTOS/list.o
 .debug_ranges  0x00001680       0x90 ./FreeRTOS/queue.o
 .debug_ranges  0x00001710      0x118 ./FreeRTOS/tasks.o
 .debug_ranges  0x00001828       0x78 ./FreeRTOS/timers.o

.debug_str      0x00000000     0x8129
 .debug_str     0x00000000      0x4e3 ./src/hw_config.o
                                0x534 (size before relaxing)
 .debug_str     0x000004e3      0x14d ./src/main.o
                                0x340 (size before relaxing)
 .debug_str     0x00000630      0x7a8 ./src/stm32f4_discovery.o
                                0xa9b (size before relaxing)
 .debug_str     0x00000dd8       0xb1 ./src/stm32f4xx_it.o
                                0x237 (size before relaxing)
 .debug_str     0x00000e89      0x1a8 ./src/system_stm32f4xx.o
                                0x315 (size before relaxing)
 .debug_str     0x00001031      0x40e ./src/tiny_printf.o
                                0x512 (size before relaxing)
 .debug_str     0x0000143f       0xdc ./src/usart.o
                                0xd22 (size before relaxing)
 .debug_str     0x0000151b      0x151 ./Libraries/STM32F4xx_StdPeriph_Driver/src/misc.o
                                0x363 (size before relaxing)
 .debug_str     0x0000166c      0x634 ./Libraries/STM32F4xx_StdPeriph_Driver/src/stm32f4xx_adc.o
                                0x78e (size before relaxing)
 .debug_str     0x00001ca0      0x517 ./Libraries/STM32F4xx_StdPeriph_Driver/src/stm32f4xx_can.o
                                0x6c8 (size before relaxing)
 .debug_str     0x000021b7       0xc3 ./Libraries/STM32F4xx_StdPeriph_Driver/src/stm32f4xx_crc.o
                                0x1d5 (size before relaxing)
 .debug_str     0x0000227a      0x3ae ./Libraries/STM32F4xx_StdPeriph_Driver/src/stm32f4xx_cryp.o
                                0x547 (size before relaxing)
 .debug_str     0x00002628      0x109 ./Libraries/STM32F4xx_StdPeriph_Driver/src/stm32f4xx_cryp_aes.o
                                0x371 (size before relaxing)
 .debug_str     0x00002731       0x5b ./Libraries/STM32F4xx_StdPeriph_Driver/src/stm32f4xx_cryp_des.o
                                0x35c (size before relaxing)
 .debug_str     0x0000278c       0xab ./Libraries/STM32F4xx_StdPeriph_Driver/src/stm32f4xx_cryp_tdes.o
                                0x362 (size before relaxing)
 .debug_str     0x00002837      0x271 ./Libraries/STM32F4xx_StdPeriph_Driver/src/stm32f4xx_dac.o
                                0x3dd (size before relaxing)
 .debug_str     0x00002aa8       0xcf ./Libraries/STM32F4xx_StdPeriph_Driver/src/stm32f4xx_dbgmcu.o
                                0x1df (size before relaxing)
 .debug_str     0x00002b77      0x303 ./Libraries/STM32F4xx_StdPeriph_Driver/src/stm32f4xx_dcmi.o
                                0x463 (size before relaxing)
 .debug_str     0x00002e7a      0x377 ./Libraries/STM32F4xx_StdPeriph_Driver/src/stm32f4xx_dma.o
                                0x4d6 (size before relaxing)
 .debug_str     0x000031f1       0xf3 ./Libraries/STM32F4xx_StdPeriph_Driver/src/stm32f4xx_exti.o
                                0x2f8 (size before relaxing)
 .debug_str     0x000032e4      0x3a0 ./Libraries/STM32F4xx_StdPeriph_Driver/src/stm32f4xx_flash.o
                                0x511 (size before relaxing)
 .debug_str     0x00003684      0x5ce ./Libraries/STM32F4xx_StdPeriph_Driver/src/stm32f4xx_fsmc.o
                                0x71e (size before relaxing)
 .debug_str     0x00003c52      0x18b ./Libraries/STM32F4xx_StdPeriph_Driver/src/stm32f4xx_gpio.o
                                0x42d (size before relaxing)
 .debug_str     0x00003ddd      0x263 ./Libraries/STM32F4xx_StdPeriph_Driver/src/stm32f4xx_hash.o
                                0x3bc (size before relaxing)
 .debug_str     0x00004040       0xa7 ./Libraries/STM32F4xx_StdPeriph_Driver/src/stm32f4xx_hash_md5.o
                                0x27c (size before relaxing)
 .debug_str     0x000040e7       0x81 ./Libraries/STM32F4xx_StdPeriph_Driver/src/stm32f4xx_hash_sha1.o
                                0x281 (size before relaxing)
 .debug_str     0x00004168      0x407 ./Libraries/STM32F4xx_StdPeriph_Driver/src/stm32f4xx_i2c.o
                                0x5ef (size before relaxing)
 .debug_str     0x0000456f       0xdb ./Libraries/STM32F4xx_StdPeriph_Driver/src/stm32f4xx_iwdg.o
                                0x1f6 (size before relaxing)
 .debug_str     0x0000464a      0x16e ./Libraries/STM32F4xx_StdPeriph_Driver/src/stm32f4xx_pwr.o
                                0x31b (size before relaxing)
 .debug_str     0x000047b8      0x4f0 ./Libraries/STM32F4xx_StdPeriph_Driver/src/stm32f4xx_rcc.o
                                0x7da (size before relaxing)
 .debug_str     0x00004ca8       0xd2 ./Libraries/STM32F4xx_StdPeriph_Driver/src/stm32f4xx_rng.o
                                0x20e (size before relaxing)
 .debug_str     0x00004d7a      0x957 ./Libraries/STM32F4xx_StdPeriph_Driver/src/stm32f4xx_rtc.o
                                0xadd (size before relaxing)
 .debug_str     0x000056d1      0x479 ./Libraries/STM32F4xx_StdPeriph_Driver/src/stm32f4xx_sdio.o
                                0x5d5 (size before relaxing)
 .debug_str     0x00005b4a      0x38c ./Libraries/STM32F4xx_StdPeriph_Driver/src/stm32f4xx_spi.o
                                0x614 (size before relaxing)
 .debug_str     0x00005ed6      0x14d ./Libraries/STM32F4xx_StdPeriph_Driver/src/stm32f4xx_syscfg.o
                                0x289 (size before relaxing)
 .debug_str     0x00006023      0x9e8 ./Libraries/STM32F4xx_StdPeriph_Driver/src/stm32f4xx_tim.o
                                0xd5a (size before relaxing)
 .debug_str     0x00006a0b      0x39d ./Libraries/STM32F4xx_StdPeriph_Driver/src/stm32f4xx_usart.o
                                0x619 (size before relaxing)
 .debug_str     0x00006da8       0xd7 ./Libraries/STM32F4xx_StdPeriph_Driver/src/stm32f4xx_wwdg.o
                                0x20c (size before relaxing)
 .debug_str     0x00006e7f       0x2e ./LCD/AsciiLib.o
                                0x105 (size before relaxing)
 .debug_str     0x00006ead      0x1b6 ./LCD/LCD.o
                                0x66d (size before relaxing)
 .debug_str     0x00007063       0x41 ./LCD/TIM3_PWM.o
                                0x4fb (size before relaxing)
 .debug_str     0x000070a4      0x161 ./FreeRTOS/portable/MemMang/heap_2.o
                                0x23e (size before relaxing)
 .debug_str     0x00007205      0x130 ./FreeRTOS/portable/port.o
                                0x1d7 (size before relaxing)
 .debug_str     0x00007335      0x126 ./FreeRTOS/list.o
                                0x213 (size before relaxing)
 .debug_str     0x0000745b      0x34e ./FreeRTOS/queue.o
                                0x4ed (size before relaxing)
 .debug_str     0x000077a9      0x644 ./FreeRTOS/tasks.o
                                0x882 (size before relaxing)
 .debug_str     0x00007ded      0x33c ./FreeRTOS/timers.o
                                0x4e0 (size before relaxing)

.comment        0x00000000       0x2a
 .comment       0x00000000       0x2a ./src/hw_config.o
                                 0x2b (size before relaxing)
 .comment       0x00000000       0x2b ./src/main.o
 .comment       0x00000000       0x2b ./src/stm32f4_discovery.o
 .comment       0x00000000       0x2b ./src/stm32f4xx_it.o
 .comment       0x00000000       0x2b ./src/system_stm32f4xx.o
 .comment       0x00000000       0x2b ./src/tiny_printf.o
 .comment       0x00000000       0x2b ./src/usart.o
 .comment       0x00000000       0x2b ./Libraries/STM32F4xx_StdPeriph_Driver/src/misc.o
 .comment       0x00000000       0x2b ./Libraries/STM32F4xx_StdPeriph_Driver/src/stm32f4xx_adc.o
 .comment       0x00000000       0x2b ./Libraries/STM32F4xx_StdPeriph_Driver/src/stm32f4xx_can.o
 .comment       0x00000000       0x2b ./Libraries/STM32F4xx_StdPeriph_Driver/src/stm32f4xx_crc.o
 .comment       0x00000000       0x2b ./Libraries/STM32F4xx_StdPeriph_Driver/src/stm32f4xx_cryp.o
 .comment       0x00000000       0x2b ./Libraries/STM32F4xx_StdPeriph_Driver/src/stm32f4xx_cryp_aes.o
 .comment       0x00000000       0x2b ./Libraries/STM32F4xx_StdPeriph_Driver/src/stm32f4xx_cryp_des.o
 .comment       0x00000000       0x2b ./Libraries/STM32F4xx_StdPeriph_Driver/src/stm32f4xx_cryp_tdes.o
 .comment       0x00000000       0x2b ./Libraries/STM32F4xx_StdPeriph_Driver/src/stm32f4xx_dac.o
 .comment       0x00000000       0x2b ./Libraries/STM32F4xx_StdPeriph_Driver/src/stm32f4xx_dbgmcu.o
 .comment       0x00000000       0x2b ./Libraries/STM32F4xx_StdPeriph_Driver/src/stm32f4xx_dcmi.o
 .comment       0x00000000       0x2b ./Libraries/STM32F4xx_StdPeriph_Driver/src/stm32f4xx_dma.o
 .comment       0x00000000       0x2b ./Libraries/STM32F4xx_StdPeriph_Driver/src/stm32f4xx_exti.o
 .comment       0x00000000       0x2b ./Libraries/STM32F4xx_StdPeriph_Driver/src/stm32f4xx_flash.o
 .comment       0x00000000       0x2b ./Libraries/STM32F4xx_StdPeriph_Driver/src/stm32f4xx_fsmc.o
 .comment       0x00000000       0x2b ./Libraries/STM32F4xx_StdPeriph_Driver/src/stm32f4xx_gpio.o
 .comment       0x00000000       0x2b ./Libraries/STM32F4xx_StdPeriph_Driver/src/stm32f4xx_hash.o
 .comment       0x00000000       0x2b ./Libraries/STM32F4xx_StdPeriph_Driver/src/stm32f4xx_hash_md5.o
 .comment       0x00000000       0x2b ./Libraries/STM32F4xx_StdPeriph_Driver/src/stm32f4xx_hash_sha1.o
 .comment       0x00000000       0x2b ./Libraries/STM32F4xx_StdPeriph_Driver/src/stm32f4xx_i2c.o
 .comment       0x00000000       0x2b ./Libraries/STM32F4xx_StdPeriph_Driver/src/stm32f4xx_iwdg.o
 .comment       0x00000000       0x2b ./Libraries/STM32F4xx_StdPeriph_Driver/src/stm32f4xx_pwr.o
 .comment       0x00000000       0x2b ./Libraries/STM32F4xx_StdPeriph_Driver/src/stm32f4xx_rcc.o
 .comment       0x00000000       0x2b ./Libraries/STM32F4xx_StdPeriph_Driver/src/stm32f4xx_rng.o
 .comment       0x00000000       0x2b ./Libraries/STM32F4xx_StdPeriph_Driver/src/stm32f4xx_rtc.o
 .comment       0x00000000       0x2b ./Libraries/STM32F4xx_StdPeriph_Driver/src/stm32f4xx_sdio.o
 .comment       0x00000000       0x2b ./Libraries/STM32F4xx_StdPeriph_Driver/src/stm32f4xx_spi.o
 .comment       0x00000000       0x2b ./Libraries/STM32F4xx_StdPeriph_Driver/src/stm32f4xx_syscfg.o
 .comment       0x00000000       0x2b ./Libraries/STM32F4xx_StdPeriph_Driver/src/stm32f4xx_tim.o
 .comment       0x00000000       0x2b ./Libraries/STM32F4xx_StdPeriph_Driver/src/stm32f4xx_usart.o
 .comment       0x00000000       0x2b ./Libraries/STM32F4xx_StdPeriph_Driver/src/stm32f4xx_wwdg.o
 .comment       0x00000000       0x2b ./LCD/AsciiLib.o
 .comment       0x00000000       0x2b ./LCD/LCD.o
 .comment       0x00000000       0x2b ./LCD/TIM3_PWM.o
 .comment       0x00000000       0x2b ./FreeRTOS/portable/MemMang/heap_2.o
 .comment       0x00000000       0x2b ./FreeRTOS/portable/port.o
 .comment       0x00000000       0x2b ./FreeRTOS/list.o
 .comment       0x00000000       0x2b ./FreeRTOS/queue.o
 .comment       0x00000000       0x2b ./FreeRTOS/tasks.o
 .comment       0x00000000       0x2b ./FreeRTOS/timers.o

.debug_frame    0x00000000     0x55a4
 .debug_frame   0x00000000       0x6c ./src/hw_config.o
 .debug_frame   0x0000006c       0xc4 ./src/main.o
 .debug_frame   0x00000130       0xc4 ./src/stm32f4_discovery.o
 .debug_frame   0x000001f4       0xd8 ./src/stm32f4xx_it.o
 .debug_frame   0x000002cc       0x64 ./src/system_stm32f4xx.o
 .debug_frame   0x00000330       0xf4 ./src/tiny_printf.o
 .debug_frame   0x00000424       0x8c ./src/usart.o
 .debug_frame   0x000004b0       0x9c ./Libraries/STM32F4xx_StdPeriph_Driver/src/misc.o
 .debug_frame   0x0000054c      0x434 ./Libraries/STM32F4xx_StdPeriph_Driver/src/stm32f4xx_adc.o
 .debug_frame   0x00000980      0x2d4 ./Libraries/STM32F4xx_StdPeriph_Driver/src/stm32f4xx_can.o
 .debug_frame   0x00000c54       0xac ./Libraries/STM32F4xx_StdPeriph_Driver/src/stm32f4xx_crc.o
 .debug_frame   0x00000d00      0x1e4 ./Libraries/STM32F4xx_StdPeriph_Driver/src/stm32f4xx_cryp.o
 .debug_frame   0x00000ee4       0x70 ./Libraries/STM32F4xx_StdPeriph_Driver/src/stm32f4xx_cryp_aes.o
 .debug_frame   0x00000f54       0x50 ./Libraries/STM32F4xx_StdPeriph_Driver/src/stm32f4xx_cryp_des.o
 .debug_frame   0x00000fa4       0x50 ./Libraries/STM32F4xx_StdPeriph_Driver/src/stm32f4xx_cryp_tdes.o
 .debug_frame   0x00000ff4      0x1ec ./Libraries/STM32F4xx_StdPeriph_Driver/src/stm32f4xx_dac.o
 .debug_frame   0x000011e0       0x94 ./Libraries/STM32F4xx_StdPeriph_Driver/src/stm32f4xx_dbgmcu.o
 .debug_frame   0x00001274      0x1ac ./Libraries/STM32F4xx_StdPeriph_Driver/src/stm32f4xx_dcmi.o
 .debug_frame   0x00001420      0x224 ./Libraries/STM32F4xx_StdPeriph_Driver/src/stm32f4xx_dma.o
 .debug_frame   0x00001644       0xec ./Libraries/STM32F4xx_StdPeriph_Driver/src/stm32f4xx_exti.o
 .debug_frame   0x00001730      0x360 ./Libraries/STM32F4xx_StdPeriph_Driver/src/stm32f4xx_flash.o
 .debug_frame   0x00001a90      0x220 ./Libraries/STM32F4xx_StdPeriph_Driver/src/stm32f4xx_fsmc.o
 .debug_frame   0x00001cb0      0x19c ./Libraries/STM32F4xx_StdPeriph_Driver/src/stm32f4xx_gpio.o
 .debug_frame   0x00001e4c      0x1e0 ./Libraries/STM32F4xx_StdPeriph_Driver/src/stm32f4xx_hash.o
 .debug_frame   0x0000202c       0x50 ./Libraries/STM32F4xx_StdPeriph_Driver/src/stm32f4xx_hash_md5.o
 .debug_frame   0x0000207c       0x50 ./Libraries/STM32F4xx_StdPeriph_Driver/src/stm32f4xx_hash_sha1.o
 .debug_frame   0x000020cc      0x3b4 ./Libraries/STM32F4xx_StdPeriph_Driver/src/stm32f4xx_i2c.o
 .debug_frame   0x00002480       0xb0 ./Libraries/STM32F4xx_StdPeriph_Driver/src/stm32f4xx_iwdg.o
 .debug_frame   0x00002530      0x15c ./Libraries/STM32F4xx_StdPeriph_Driver/src/stm32f4xx_pwr.o
 .debug_frame   0x0000268c      0x4d8 ./Libraries/STM32F4xx_StdPeriph_Driver/src/stm32f4xx_rcc.o
 .debug_frame   0x00002b64       0xec ./Libraries/STM32F4xx_StdPeriph_Driver/src/stm32f4xx_rng.o
 .debug_frame   0x00002c50      0x670 ./Libraries/STM32F4xx_StdPeriph_Driver/src/stm32f4xx_rtc.o
 .debug_frame   0x000032c0      0x344 ./Libraries/STM32F4xx_StdPeriph_Driver/src/stm32f4xx_sdio.o
 .debug_frame   0x00003604      0x2d0 ./Libraries/STM32F4xx_StdPeriph_Driver/src/stm32f4xx_spi.o