Archive member included because of file (symbol)

c:/program files/codesourcery/sourcery g++ lite/bin/../lib/gcc/arm-none-eabi/4.5.2/../../../../arm-none-eabi/lib/thumb2\libc.a(lib_a-init.o)
                              ./src/startup_stm32f4xx.o (__libc_init_array)
c:/program files/codesourcery/sourcery g++ lite/bin/../lib/gcc/arm-none-eabi/4.5.2/../../../../arm-none-eabi/lib/thumb2\libc.a(lib_a-memcmp.o)
                              ./FreeRTOS/tasks.o (memcmp)
c:/program files/codesourcery/sourcery g++ lite/bin/../lib/gcc/arm-none-eabi/4.5.2/../../../../arm-none-eabi/lib/thumb2\libc.a(lib_a-memcpy.o)
                              ./FreeRTOS/queue.o (memcpy)
c:/program files/codesourcery/sourcery g++ lite/bin/../lib/gcc/arm-none-eabi/4.5.2/../../../../arm-none-eabi/lib/thumb2\libc.a(lib_a-memset.o)
                              ./FreeRTOS/tasks.o (memset)
c:/program files/codesourcery/sourcery g++ lite/bin/../lib/gcc/arm-none-eabi/4.5.2/../../../../arm-none-eabi/lib/thumb2\libc.a(lib_a-strncpy.o)
                              ./FreeRTOS/tasks.o (strncpy)

Allocating common symbols
Common symbol       size              file

xHigherPriorityTaskWoken
                    0x4               ./src/stm32f4xx_it.o
xMEMS_Task          0x4               ./src/main.o
xLED_Tasks          0x10              ./src/main.o
xQueue              0x4               ./src/main.o
xBALANCE_Task       0x4               ./src/main.o
NVIC_InitStructure  0x4               ./Utilities/stm32f4_discovery.o

Discarded input sections

 .text          0x00000000        0x0 c:/program files/codesourcery/sourcery g++ lite/bin/../lib/gcc/arm-none-eabi/4.5.2/thumb2/crti.o
 .data          0x00000000        0x0 c:/program files/codesourcery/sourcery g++ lite/bin/../lib/gcc/arm-none-eabi/4.5.2/thumb2/crti.o
 .bss           0x00000000        0x0 c:/program files/codesourcery/sourcery g++ lite/bin/../lib/gcc/arm-none-eabi/4.5.2/thumb2/crti.o
 .data          0x00000000        0x4 c:/program files/codesourcery/sourcery g++ lite/bin/../lib/gcc/arm-none-eabi/4.5.2/thumb2/crtbegin.o
 .text          0x00000000        0x0 ./src/hw_config.o
 .data          0x00000000        0x0 ./src/hw_config.o
 .bss           0x00000000        0x0 ./src/hw_config.o
 .text.prvMEMS_Config
                0x00000000       0xb0 ./src/hw_config.o
 .text.LIS302DL_TIMEOUT_UserCallback
                0x00000000        0x2 ./src/hw_config.o
 .text          0x00000000        0x0 ./src/main.o
 .data          0x00000000        0x0 ./src/main.o
 .bss           0x00000000        0x0 ./src/main.o
 .text.vApplicationMallocFailedHook
                0x00000000        0x2 ./src/main.o
 .text          0x00000000       0x14 ./src/startup_stm32f4xx.o
 .data          0x00000000        0x0 ./src/startup_stm32f4xx.o
 .bss           0x00000000        0x0 ./src/startup_stm32f4xx.o
 .text          0x00000000        0x0 ./src/stm32f4xx_it.o
 .data          0x00000000        0x0 ./src/stm32f4xx_it.o
 .bss           0x00000000        0x0 ./src/stm32f4xx_it.o
 .text          0x00000000        0x0 ./src/system_stm32f4xx.o
 .data          0x00000000        0x0 ./src/system_stm32f4xx.o
 .bss           0x00000000        0x0 ./src/system_stm32f4xx.o
 .text.SystemCoreClockUpdate
                0x00000000       0x90 ./src/system_stm32f4xx.o
 .data.AHBPrescTable
                0x00000000       0x10 ./src/system_stm32f4xx.o
 .text          0x00000000        0x0 ./src/tiny_printf.o
 .data          0x00000000        0x0 ./src/tiny_printf.o
 .bss           0x00000000        0x0 ./src/tiny_printf.o
 .text.ts_itoa  0x00000000       0x36 ./src/tiny_printf.o
 .text.ts_formatstring
                0x00000000       0xba ./src/tiny_printf.o
 .text.ts_formatlength
                0x00000000       0x64 ./src/tiny_printf.o
 .text.sprintf  0x00000000       0x18 ./src/tiny_printf.o
 .text.fprintf  0x00000000       0x4e ./src/tiny_printf.o
 .text.printf   0x00000000       0x48 ./src/tiny_printf.o
 .text          0x00000000        0x0 ./Utilities/stm32f4_discovery.o
 .data          0x00000000        0x0 ./Utilities/stm32f4_discovery.o
 .bss           0x00000000        0x0 ./Utilities/stm32f4_discovery.o
 .text.STM_EVAL_LEDInit
                0x00000000       0x48 ./Utilities/stm32f4_discovery.o
 .text.STM_EVAL_LEDOn
                0x00000000       0x18 ./Utilities/stm32f4_discovery.o
 .text.STM_EVAL_LEDOff
                0x00000000       0x18 ./Utilities/stm32f4_discovery.o
 .text.STM_EVAL_PBGetState
                0x00000000       0x20 ./Utilities/stm32f4_discovery.o
 .rodata.GPIO_CLK
                0x00000000       0x10 ./Utilities/stm32f4_discovery.o
 COMMON         0x00000000        0x4 ./Utilities/stm32f4_discovery.o
 .text          0x00000000        0x0 ./Utilities/stm32f4_discovery_lis302dl.o
 .data          0x00000000        0x0 ./Utilities/stm32f4_discovery_lis302dl.o
[...]
Memory Configuration

Name             Origin             Length             Attributes
FLASH            0x08000000         0x00100000         xr
RAM              0x20000000         0x00020000         xrw
MEMORY_B1        0x60000000         0x00000000         xr
CCMRAM           0x10000000         0x00010000         rw
*default*        0x00000000         0xffffffff

Linker script and memory map

LOAD c:/program files/codesourcery/sourcery g++ lite/bin/../lib/gcc/arm-none-eabi/4.5.2/thumb2/crti.o
LOAD c:/program files/codesourcery/sourcery g++ lite/bin/../lib/gcc/arm-none-eabi/4.5.2/thumb2/crtbegin.o
                0x00001000                malloc_getpagesize_P = 0x1000
LOAD ./src/hw_config.o
LOAD ./src/main.o
LOAD ./src/startup_stm32f4xx.o
LOAD ./src/stm32f4xx_it.o
LOAD ./src/system_stm32f4xx.o
LOAD ./src/tiny_printf.o
LOAD ./Utilities/stm32f4_discovery.o
LOAD ./Utilities/stm32f4_discovery_lis302dl.o
LOAD ./Libraries/STM32F4xx_StdPeriph_Driver/src/misc.o
LOAD ./Libraries/STM32F4xx_StdPeriph_Driver/src/stm32f4xx_adc.o
LOAD ./Libraries/STM32F4xx_StdPeriph_Driver/src/stm32f4xx_can.o
LOAD ./Libraries/STM32F4xx_StdPeriph_Driver/src/stm32f4xx_crc.o
LOAD ./Libraries/STM32F4xx_StdPeriph_Driver/src/stm32f4xx_cryp.o
LOAD ./Libraries/STM32F4xx_StdPeriph_Driver/src/stm32f4xx_cryp_aes.o
LOAD ./Libraries/STM32F4xx_StdPeriph_Driver/src/stm32f4xx_cryp_des.o
LOAD ./Libraries/STM32F4xx_StdPeriph_Driver/src/stm32f4xx_cryp_tdes.o
LOAD ./Libraries/STM32F4xx_StdPeriph_Driver/src/stm32f4xx_dac.o
LOAD ./Libraries/STM32F4xx_StdPeriph_Driver/src/stm32f4xx_dbgmcu.o
LOAD ./Libraries/STM32F4xx_StdPeriph_Driver/src/stm32f4xx_dcmi.o
LOAD ./Libraries/STM32F4xx_StdPeriph_Driver/src/stm32f4xx_dma.o
LOAD ./Libraries/STM32F4xx_StdPeriph_Driver/src/stm32f4xx_exti.o
LOAD ./Libraries/STM32F4xx_StdPeriph_Driver/src/stm32f4xx_flash.o
LOAD ./Libraries/STM32F4xx_StdPeriph_Driver/src/stm32f4xx_fsmc.o
LOAD ./Libraries/STM32F4xx_StdPeriph_Driver/src/stm32f4xx_gpio.o
LOAD ./Libraries/STM32F4xx_StdPeriph_Driver/src/stm32f4xx_hash.o
LOAD ./Libraries/STM32F4xx_StdPeriph_Driver/src/stm32f4xx_hash_md5.o
LOAD ./Libraries/STM32F4xx_StdPeriph_Driver/src/stm32f4xx_hash_sha1.o
LOAD ./Libraries/STM32F4xx_StdPeriph_Driver/src/stm32f4xx_i2c.o
LOAD ./Libraries/STM32F4xx_StdPeriph_Driver/src/stm32f4xx_iwdg.o
LOAD ./Libraries/STM32F4xx_StdPeriph_Driver/src/stm32f4xx_pwr.o
LOAD ./Libraries/STM32F4xx_StdPeriph_Driver/src/stm32f4xx_rcc.o
LOAD ./Libraries/STM32F4xx_StdPeriph_Driver/src/stm32f4xx_rng.o
LOAD ./Libraries/STM32F4xx_StdPeriph_Driver/src/stm32f4xx_rtc.o
LOAD ./Libraries/STM32F4xx_StdPeriph_Driver/src/stm32f4xx_sdio.o
LOAD ./Libraries/STM32F4xx_StdPeriph_Driver/src/stm32f4xx_spi.o
LOAD ./Libraries/STM32F4xx_StdPeriph_Driver/src/stm32f4xx_syscfg.o
LOAD ./Libraries/STM32F4xx_StdPeriph_Driver/src/stm32f4xx_tim.o
LOAD ./Libraries/STM32F4xx_StdPeriph_Driver/src/stm32f4xx_usart.o
LOAD ./Libraries/STM32F4xx_StdPeriph_Driver/src/stm32f4xx_wwdg.o
LOAD ./FreeRTOS/portable/MemMang/heap_2.o
LOAD ./FreeRTOS/portable/port.o
LOAD ./FreeRTOS/list.o
LOAD ./FreeRTOS/queue.o
LOAD ./FreeRTOS/tasks.o
LOAD ./FreeRTOS/timers.o
START GROUP
LOAD c:/program files/codesourcery/sourcery g++ lite/bin/../lib/gcc/arm-none-eabi/4.5.2/thumb2\libgcc.a
LOAD c:/program files/codesourcery/sourcery g++ lite/bin/../lib/gcc/arm-none-eabi/4.5.2/../../../../arm-none-eabi/lib/thumb2\libc.a
END GROUP
LOAD c:/program files/codesourcery/sourcery g++ lite/bin/../lib/gcc/arm-none-eabi/4.5.2/thumb2/crtend.o
LOAD c:/program files/codesourcery/sourcery g++ lite/bin/../lib/gcc/arm-none-eabi/4.5.2/thumb2/crtn.o
                0x20020000                _estack = 0x20020000
                0x00000000                _Min_Heap_Size = 0x0
                0x00000400                _Min_Stack_Size = 0x400

.isr_vector     0x08000000      0x188
                0x08000000                . = ALIGN (0x4)
 *(.isr_vector)
 .isr_vector    0x08000000      0x188 ./src/startup_stm32f4xx.o
                0x08000000                g_pfnVectors
                0x08000188                . = ALIGN (0x4)

.text           0x08000188     0x20f0
                0x08000188                . = ALIGN (0x4)
 *(.text)
 .text          0x08000188       0x30 c:/program files/codesourcery/sourcery g++ lite/bin/../lib/gcc/arm-none-eabi/4.5.2/thumb2/crtbegin.o
 .text          0x080001b8       0x50 c:/program files/codesourcery/sourcery g++ lite/bin/../lib/gcc/arm-none-eabi/4.5.2/../../../../arm-none-eabi/lib/thumb2\libc.a(lib_a-init.o)
                0x080001b8                __libc_init_array
 .text          0x08000208       0x64 c:/program files/codesourcery/sourcery g++ lite/bin/../lib/gcc/arm-none-eabi/4.5.2/../../../../arm-none-eabi/lib/thumb2\libc.a(lib_a-memcmp.o)
                0x08000208                memcmp
 .text          0x0800026c      0x150 c:/program files/codesourcery/sourcery g++ lite/bin/../lib/gcc/arm-none-eabi/4.5.2/../../../../arm-none-eabi/lib/thumb2\libc.a(lib_a-memcpy.o)
                0x0800026c                memcpy
 .text          0x080003bc       0xb4 c:/program files/codesourcery/sourcery g++ lite/bin/../lib/gcc/arm-none-eabi/4.5.2/../../../../arm-none-eabi/lib/thumb2\libc.a(lib_a-memset.o)
                0x080003bc                memset
 .text          0x08000470       0x78 c:/program files/codesourcery/sourcery g++ lite/bin/../lib/gcc/arm-none-eabi/4.5.2/../../../../arm-none-eabi/lib/thumb2\libc.a(lib_a-strncpy.o)
                0x08000470                strncpy
 *(.text*)
 .text.prvLED_Config
                0x080004e8       0x70 ./src/hw_config.o
                0x080004e8                prvLED_Config
 .text.prvTIM4_Config
                0x08000558       0xc8 ./src/hw_config.o
                0x08000558                prvTIM4_Config
 .text.prvSetupHardware
                0x08000620       0x2a ./src/hw_config.o
                0x08000620                prvSetupHardware
 *fill*         0x0800064a        0x2 00
 .text.vSWITCHTask
                0x0800064c       0x88 ./src/main.o
 .text.vLEDTask
                0x080006d4       0x14 ./src/main.o
 .text.main     0x080006e8       0xec ./src/main.o
                0x080006e8                main
 .text.vApplicationIdleHook
                0x080007d4        0xc ./src/main.o
                0x080007d4                vApplicationIdleHook
 .text.vApplicationStackOverflowHook
                0x080007e0        0x2 ./src/main.o
                0x080007e0                vApplicationStackOverflowHook
 *fill*         0x080007e2        0x2 00
 .text.Reset_Handler
                0x080007e4       0x58 ./src/startup_stm32f4xx.o
                0x080007e4                Reset_Handler
 .text.Default_Handler
                0x0800083c        0x2 ./src/startup_stm32f4xx.o
                0x0800083c                RTC_Alarm_IRQHandler
                0x0800083c                HASH_RNG_IRQHandler
                0x0800083c                EXTI2_IRQHandler
                0x0800083c                TIM8_CC_IRQHandler
                0x0800083c                TIM1_CC_IRQHandler
                0x0800083c                DMA2_Stream5_IRQHandler
                0x0800083c                DMA1_Stream5_IRQHandler
                0x0800083c                PVD_IRQHandler
                0x0800083c                SDIO_IRQHandler
                0x0800083c                TAMP_STAMP_IRQHandler
                0x0800083c                CAN2_RX1_IRQHandler
                0x0800083c                EXTI3_IRQHandler
                0x0800083c                TIM8_TRG_COM_TIM14_IRQHandler
                0x0800083c                TIM1_UP_TIM10_IRQHandler
                0x0800083c                TIM8_UP_TIM13_IRQHandler
                0x0800083c                I2C3_ER_IRQHandler
                0x0800083c                I2C2_EV_IRQHandler
                0x0800083c                DMA1_Stream2_IRQHandler
                0x0800083c                CAN1_RX0_IRQHandler
                0x0800083c                FPU_IRQHandler
                0x0800083c                OTG_HS_WKUP_IRQHandler
                0x0800083c                CAN2_SCE_IRQHandler
                0x0800083c                DMA2_Stream2_IRQHandler
                0x0800083c                SPI1_IRQHandler
                0x0800083c                TIM6_DAC_IRQHandler
                0x0800083c                TIM1_BRK_TIM9_IRQHandler
                0x0800083c                DCMI_IRQHandler
                0x0800083c                CAN2_RX0_IRQHandler
                0x0800083c                DMA2_Stream3_IRQHandler
                0x0800083c                USART6_IRQHandler
                0x0800083c                USART3_IRQHandler
                0x0800083c                CRYP_IRQHandler
                0x0800083c                CAN1_RX1_IRQHandler
                0x0800083c                UART5_IRQHandler
                0x0800083c                DMA2_Stream0_IRQHandler
                0x0800083c                TIM4_IRQHandler
                0x0800083c                I2C1_EV_IRQHandler
                0x0800083c                DMA1_Stream6_IRQHandler
                0x0800083c                DMA1_Stream1_IRQHandler
                0x0800083c                UART4_IRQHandler
                0x0800083c                TIM3_IRQHandler
                0x0800083c                RCC_IRQHandler
                0x0800083c                TIM8_BRK_TIM12_IRQHandler
                0x0800083c                Default_Handler
                0x0800083c                EXTI15_10_IRQHandler
                0x0800083c                ADC_IRQHandler
                0x0800083c                DMA1_Stream7_IRQHandler
                0x0800083c                TIM7_IRQHandler
                0x0800083c                CAN2_TX_IRQHandler
                0x0800083c                TIM5_IRQHandler
                0x0800083c                DMA2_Stream7_IRQHandler
                0x0800083c                I2C3_EV_IRQHandler
                0x0800083c                EXTI9_5_IRQHandler
                0x0800083c                RTC_WKUP_IRQHandler
                0x0800083c                ETH_WKUP_IRQHandler
                0x0800083c                SPI2_IRQHandler
                0x0800083c                OTG_HS_EP1_IN_IRQHandler
                0x0800083c                DMA1_Stream0_IRQHandler
                0x0800083c                CAN1_TX_IRQHandler
                0x0800083c                EXTI4_IRQHandler
                0x0800083c                FSMC_IRQHandler
                0x0800083c                ETH_IRQHandler
                0x0800083c                OTG_HS_EP1_OUT_IRQHandler
                0x0800083c                WWDG_IRQHandler
                0x0800083c                TIM2_IRQHandler
                0x0800083c                OTG_FS_WKUP_IRQHandler
                0x0800083c                TIM1_TRG_COM_TIM11_IRQHandler
                0x0800083c                OTG_HS_IRQHandler
                0x0800083c                EXTI1_IRQHandler
                0x0800083c                USART2_IRQHandler
                0x0800083c                I2C2_ER_IRQHandler
                0x0800083c                DMA2_Stream1_IRQHandler
                0x0800083c                CAN1_SCE_IRQHandler
                0x0800083c                FLASH_IRQHandler
                0x0800083c                DMA2_Stream4_IRQHandler
                0x0800083c                USART1_IRQHandler
                0x0800083c                OTG_FS_IRQHandler
                0x0800083c                SPI3_IRQHandler
                0x0800083c                DMA1_Stream4_IRQHandler
                0x0800083c                I2C1_ER_IRQHandler
                0x0800083c                DMA2_Stream6_IRQHandler
                0x0800083c                DMA1_Stream3_IRQHandler
 .text.NMI_Handler
                0x0800083e        0x2 ./src/stm32f4xx_it.o
                0x0800083e                NMI_Handler
 .text.HardFault_Handler
                0x08000840        0x2 ./src/stm32f4xx_it.o
                0x08000840                HardFault_Handler
 .text.MemManage_Handler
                0x08000842        0x2 ./src/stm32f4xx_it.o
                0x08000842                MemManage_Handler
 .text.BusFault_Handler
                0x08000844        0x2 ./src/stm32f4xx_it.o
                0x08000844                BusFault_Handler
 .text.UsageFault_Handler
                0x08000846        0x2 ./src/stm32f4xx_it.o
                0x08000846                UsageFault_Handler
 .text.DebugMon_Handler
                0x08000848        0x2 ./src/stm32f4xx_it.o
                0x08000848                DebugMon_Handler
 *fill*         0x0800084a        0x2 00
 .text.EXTI0_IRQHandler
                0x0800084c       0x3c ./src/stm32f4xx_it.o
                0x0800084c                EXTI0_IRQHandler
 .text.SystemInit
                0x08000888       0xec ./src/system_stm32f4xx.o
                0x08000888                SystemInit
 .text.STM_EVAL_LEDToggle
                0x08000974       0x20 ./Utilities/stm32f4_discovery.o
                0x08000974                STM_EVAL_LEDToggle
 .text.STM_EVAL_PBInit
                0x08000994       0xa8 ./Utilities/stm32f4_discovery.o
                0x08000994                STM_EVAL_PBInit
 .text.NVIC_PriorityGroupConfig
                0x08000a3c       0x14 ./Libraries/STM32F4xx_StdPeriph_Driver/src/misc.o
                0x08000a3c                NVIC_PriorityGroupConfig
 .text.NVIC_Init
                0x08000a50       0x68 ./Libraries/STM32F4xx_StdPeriph_Driver/src/misc.o
                0x08000a50                NVIC_Init
 .text.NVIC_SetVectorTable
                0x08000ab8       0x14 ./Libraries/STM32F4xx_StdPeriph_Driver/src/misc.o
                0x08000ab8                NVIC_SetVectorTable
 .text.EXTI_Init
                0x08000acc       0x7c ./Libraries/STM32F4xx_StdPeriph_Driver/src/stm32f4xx_exti.o
                0x08000acc                EXTI_Init
 .text.EXTI_GetITStatus
                0x08000b48       0x1c ./Libraries/STM32F4xx_StdPeriph_Driver/src/stm32f4xx_exti.o
                0x08000b48                EXTI_GetITStatus
 .text.EXTI_ClearITPendingBit
                0x08000b64        0xc ./Libraries/STM32F4xx_StdPeriph_Driver/src/stm32f4xx_exti.o
                0x08000b64                EXTI_ClearITPendingBit
 .text.GPIO_Init
                0x08000b70       0x86 ./Libraries/STM32F4xx_StdPeriph_Driver/src/stm32f4xx_gpio.o
                0x08000b70                GPIO_Init
 .text.GPIO_PinAFConfig
                0x08000bf6       0x2e ./Libraries/STM32F4xx_StdPeriph_Driver/src/stm32f4xx_gpio.o
                0x08000bf6                GPIO_PinAFConfig
 .text.RCC_AHB1PeriphClockCmd
                0x08000c24       0x18 ./Libraries/STM32F4xx_StdPeriph_Driver/src/stm32f4xx_rcc.o
                0x08000c24                RCC_AHB1PeriphClockCmd
 .text.RCC_APB1PeriphClockCmd
                0x08000c3c       0x18 ./Libraries/STM32F4xx_StdPeriph_Driver/src/stm32f4xx_rcc.o
                0x08000c3c                RCC_APB1PeriphClockCmd
 .text.RCC_APB2PeriphClockCmd
                0x08000c54       0x18 ./Libraries/STM32F4xx_StdPeriph_Driver/src/stm32f4xx_rcc.o
                0x08000c54                RCC_APB2PeriphClockCmd
 .text.SYSCFG_EXTILineConfig
                0x08000c6c       0x34 ./Libraries/STM32F4xx_StdPeriph_Driver/src/stm32f4xx_syscfg.o
                0x08000c6c                SYSCFG_EXTILineConfig
 .text.TIM_TimeBaseInit
                0x08000ca0       0x8c ./Libraries/STM32F4xx_StdPeriph_Driver/src/stm32f4xx_tim.o
                0x08000ca0                TIM_TimeBaseInit
 .text.TIM_ARRPreloadConfig
                0x08000d2c       0x1a ./Libraries/STM32F4xx_StdPeriph_Driver/src/stm32f4xx_tim.o
                0x08000d2c                TIM_ARRPreloadConfig
 .text.TIM_Cmd  0x08000d46       0x1a ./Libraries/STM32F4xx_StdPeriph_Driver/src/stm32f4xx_tim.o
                0x08000d46                TIM_Cmd
 .text.TIM_OC1Init
                0x08000d60       0x84 ./Libraries/STM32F4xx_StdPeriph_Driver/src/stm32f4xx_tim.o
                0x08000d60                TIM_OC1Init
 .text.TIM_OC2Init
                0x08000de4       0x88 ./Libraries/STM32F4xx_StdPeriph_Driver/src/stm32f4xx_tim.o
                0x08000de4                TIM_OC2Init
 .text.TIM_OC3Init
                0x08000e6c       0x84 ./Libraries/STM32F4xx_StdPeriph_Driver/src/stm32f4xx_tim.o
                0x08000e6c                TIM_OC3Init
 .text.TIM_OC4Init
                0x08000ef0       0x64 ./Libraries/STM32F4xx_StdPeriph_Driver/src/stm32f4xx_tim.o
                0x08000ef0                TIM_OC4Init
 .text.TIM_OC1PreloadConfig
                0x08000f54       0x12 ./Libraries/STM32F4xx_StdPeriph_Driver/src/stm32f4xx_tim.o
                0x08000f54                TIM_OC1PreloadConfig
 .text.TIM_OC2PreloadConfig
                0x08000f66       0x12 ./Libraries/STM32F4xx_StdPeriph_Driver/src/stm32f4xx_tim.o
                0x08000f66                TIM_OC2PreloadConfig
 .text.TIM_OC3PreloadConfig
                0x08000f78       0x12 ./Libraries/STM32F4xx_StdPeriph_Driver/src/stm32f4xx_tim.o
                0x08000f78                TIM_OC3PreloadConfig
 .text.TIM_OC4PreloadConfig
                0x08000f8a       0x12 ./Libraries/STM32F4xx_StdPeriph_Driver/src/stm32f4xx_tim.o
                0x08000f8a                TIM_OC4PreloadConfig
 .text.TIM_CCxCmd
                0x08000f9c       0x1e ./Libraries/STM32F4xx_StdPeriph_Driver/src/stm32f4xx_tim.o
                0x08000f9c                TIM_CCxCmd
 *fill*         0x08000fba        0x2 00
 .text.pvPortMalloc
                0x08000fbc       0xb0 ./FreeRTOS/portable/MemMang/heap_2.o
                0x08000fbc                pvPortMalloc
 .text.vPortFree
                0x0800106c       0x40 ./FreeRTOS/portable/MemMang/heap_2.o
                0x0800106c                vPortFree
 .text.xPortGetFreeHeapSize
                0x080010ac        0xc ./FreeRTOS/portable/MemMang/heap_2.o
                0x080010ac                xPortGetFreeHeapSize
 .text.pxPortInitialiseStack
                0x080010b8       0x20 ./FreeRTOS/portable/port.o
                0x080010b8                pxPortInitialiseStack
 .text.SVC_Handler
                0x080010d8       0x20 ./FreeRTOS/portable/port.o
                0x080010d8                SVC_Handler
 .text.vPortStartFirstTask
                0x080010f8       0x14 ./FreeRTOS/portable/port.o
                0x080010f8                vPortStartFirstTask
 .text.xPortStartScheduler
                0x0800110c       0x40 ./FreeRTOS/portable/port.o
                0x0800110c                xPortStartScheduler
 .text.vPortYieldFromISR
                0x0800114c       0x10 ./FreeRTOS/portable/port.o
                0x0800114c                vPortYieldFromISR
 .text.vPortEnterCritical
                0x0800115c       0x18 ./FreeRTOS/portable/port.o
                0x0800115c                vPortEnterCritical
 .text.vPortExitCritical
                0x08001174       0x18 ./FreeRTOS/portable/port.o
                0x08001174                vPortExitCritical
 .text.PendSV_Handler
                0x0800118c       0x3c ./FreeRTOS/portable/port.o
                0x0800118c                PendSV_Handler
 .text.SysTick_Handler
                0x080011c8       0x24 ./FreeRTOS/portable/port.o
                0x080011c8                SysTick_Handler
 .text.vListInitialise
                0x080011ec       0x16 ./FreeRTOS/list.o
                0x080011ec                vListInitialise
 .text.vListInitialiseItem
                0x08001202        0x6 ./FreeRTOS/list.o
                0x08001202                vListInitialiseItem
 .text.vListInsertEnd
                0x08001208       0x1a ./FreeRTOS/list.o
                0x08001208                vListInsertEnd
 .text.vListInsert
                0x08001222       0x32 ./FreeRTOS/list.o
                0x08001222                vListInsert
 .text.vListRemove
                0x08001254       0x20 ./FreeRTOS/list.o
                0x08001254                vListRemove
 .text.prvUnlockQueue
                0x08001274       0x64 ./FreeRTOS/queue.o
 .text.prvCopyDataFromQueue
                0x080012d8       0x26 ./FreeRTOS/queue.o
 .text.prvCopyDataToQueue
                0x080012fe       0x4a ./FreeRTOS/queue.o
 .text.xQueueCreate
                0x08001348       0x62 ./FreeRTOS/queue.o
                0x08001348                xQueueCreate
 .text.xQueueGenericSend
                0x080013aa      0x104 ./FreeRTOS/queue.o
                0x080013aa                xQueueGenericSend
 .text.xQueueGenericSendFromISR
                0x080014ae       0x7a ./FreeRTOS/queue.o
                0x080014ae                xQueueGenericSendFromISR
 .text.xQueueGenericReceive
                0x08001528      0x114 ./FreeRTOS/queue.o
                0x08001528                xQueueGenericReceive
 .text.vQueueWaitForMessageRestricted
                0x0800163c       0x3e ./FreeRTOS/queue.o
                0x0800163c                vQueueWaitForMessageRestricted
 *fill*         0x0800167a        0x2 00
 .text.prvAddCurrentTaskToDelayedList
                0x0800167c       0x50 ./FreeRTOS/tasks.o
 .text.prvDeleteTCB
                0x080016cc       0x14 ./FreeRTOS/tasks.o
 .text.xTaskGenericCreate
                0x080016e0      0x1d0 ./FreeRTOS/tasks.o
                0x080016e0                xTaskGenericCreate
 .text.xTaskIsTaskSuspended
                0x080018b0       0x38 ./FreeRTOS/tasks.o
                0x080018b0                xTaskIsTaskSuspended
 .text.vTaskResume
                0x080018e8       0x6c ./FreeRTOS/tasks.o
                0x080018e8                vTaskResume
 .text.vTaskStartScheduler
                0x08001954       0x64 ./FreeRTOS/tasks.o
                0x08001954                vTaskStartScheduler
 .text.vTaskSuspendAll
                0x080019b8       0x10 ./FreeRTOS/tasks.o
                0x080019b8                vTaskSuspendAll
 .text.xTaskGetTickCount
                0x080019c8       0x18 ./FreeRTOS/tasks.o
                0x080019c8                xTaskGetTickCount
 .text.vTaskIncrementTick
                0x080019e0       0xdc ./FreeRTOS/tasks.o
                0x080019e0                vTaskIncrementTick
 .text.xTaskResumeAll
                0x08001abc       0xd0 ./FreeRTOS/tasks.o
                0x08001abc                xTaskResumeAll
 .text.prvIdleTask
                0x08001b8c       0x60 ./FreeRTOS/tasks.o
 .text.vTaskDelay
                0x08001bec       0x38 ./FreeRTOS/tasks.o
                0x08001bec                vTaskDelay
 .text.vTaskSwitchContext
                0x08001c24       0xa8 ./FreeRTOS/tasks.o
                0x08001c24                vTaskSwitchContext
 .text.vTaskSuspend
                0x08001ccc       0x7c ./FreeRTOS/tasks.o
                0x08001ccc                vTaskSuspend
 .text.vTaskPlaceOnEventList
                0x08001d48       0x50 ./FreeRTOS/tasks.o
                0x08001d48                vTaskPlaceOnEventList
 .text.vTaskPlaceOnEventListRestricted
                0x08001d98       0x38 ./FreeRTOS/tasks.o
                0x08001d98                vTaskPlaceOnEventListRestricted
 .text.xTaskRemoveFromEventList
                0x08001dd0       0x70 ./FreeRTOS/tasks.o
                0x08001dd0                xTaskRemoveFromEventList
 .text.vTaskSetTimeOutState
                0x08001e40       0x24 ./FreeRTOS/tasks.o
                0x08001e40                vTaskSetTimeOutState
 .text.xTaskCheckForTimeOut
                0x08001e64       0x70 ./FreeRTOS/tasks.o
                0x08001e64                xTaskCheckForTimeOut
 .text.vTaskMissedYield
                0x08001ed4        0xc ./FreeRTOS/tasks.o
                0x08001ed4                vTaskMissedYield
 .text.xTaskGetSchedulerState
                0x08001ee0       0x1c ./FreeRTOS/tasks.o
                0x08001ee0                xTaskGetSchedulerState
 .text.prvCheckForValidListAndQueue
                0x08001efc       0x4c ./FreeRTOS/timers.o
 .text.prvInsertTimerInActiveList
                0x08001f48       0x40 ./FreeRTOS/timers.o
 .text.xTimerCreateTimerTask
                0x08001f88       0x40 ./FreeRTOS/timers.o
                0x08001f88                xTimerCreateTimerTask
 .text.xTimerGenericCommand
                0x08001fc8       0x40 ./FreeRTOS/timers.o
                0x08001fc8                xTimerGenericCommand
 .text.prvSampleTimeNow
                0x08002008       0xa8 ./FreeRTOS/timers.o
 .text.prvTimerTask
                0x080020b0      0x13c ./FreeRTOS/timers.o
 *(.rodata)
 *(.rodata*)
 .rodata.str1.1
                0x080021ec       0x1b ./src/main.o
 *fill*         0x08002207        0x1 00
 .rodata.LEDS   0x08002208       0x20 ./src/main.o
 .rodata.BUTTON_CLK
                0x08002228        0x4 ./Utilities/stm32f4_discovery.o
                0x08002228                BUTTON_CLK
 .rodata.BUTTON_PIN
                0x0800222c        0x2 ./Utilities/stm32f4_discovery.o
                0x0800222c                BUTTON_PIN
 .rodata.GPIO_PIN
                0x0800222e        0x8 ./Utilities/stm32f4_discovery.o
                0x0800222e                GPIO_PIN
 .rodata.BUTTON_PORT_SOURCE
                0x08002236        0x1 ./Utilities/stm32f4_discovery.o
                0x08002236                BUTTON_PORT_SOURCE
 .rodata.BUTTON_PIN_SOURCE
                0x08002237        0x1 ./Utilities/stm32f4_discovery.o
                0x08002237                BUTTON_PIN_SOURCE
 .rodata.BUTTON_IRQn
                0x08002238        0x1 ./Utilities/stm32f4_discovery.o
                0x08002238                BUTTON_IRQn
 *fill*         0x08002239        0x1 00
 .rodata.BUTTON_EXTI_LINE
                0x0800223a        0x2 ./Utilities/stm32f4_discovery.o
                0x0800223a                BUTTON_EXTI_LINE
 .rodata.ucExpectedStackBytes.5767
                0x0800223c       0x14 ./FreeRTOS/tasks.o
 .rodata.str1.1
                0x08002250        0x5 ./FreeRTOS/tasks.o
 .rodata.str1.1
                0x08002255        0x8 ./FreeRTOS/timers.o
 *(.glue_7)
 .glue_7        0x00000000        0x0 linker stubs
 *(.glue_7t)
 .glue_7t       0x00000000        0x0 linker stubs
 *(.eh_frame)
 *(.init)
 *fill*         0x0800225d        0x3 00
 .init          0x08002260        0x4 c:/program files/codesourcery/sourcery g++ lite/bin/../lib/gcc/arm-none-eabi/4.5.2/thumb2/crti.o
                0x08002260                _init
 .init          0x08002264        0x8 c:/program files/codesourcery/sourcery g++ lite/bin/../lib/gcc/arm-none-eabi/4.5.2/thumb2/crtn.o
 *(.fini)
 .fini          0x0800226c        0x4 c:/program files/codesourcery/sourcery g++ lite/bin/../lib/gcc/arm-none-eabi/4.5.2/thumb2/crti.o
                0x0800226c                _fini
 .fini          0x08002270        0x8 c:/program files/codesourcery/sourcery g++ lite/bin/../lib/gcc/arm-none-eabi/4.5.2/thumb2/crtn.o
                0x08002278                . = ALIGN (0x4)
                0x08002278                _etext = .

.vfp11_veneer   0x08002278        0x0
 .vfp11_veneer  0x00000000        0x0 linker stubs

.v4_bx          0x08002278        0x0
 .v4_bx         0x00000000        0x0 linker stubs

.ARM.extab
 *(.ARM.extab* .gnu.linkonce.armextab.*)

.ARM            0x08002278        0x0
                0x08002278                __exidx_start = .
 *(.ARM.exidx*)
                0x08002278                __exidx_end = .

.preinit_array  0x08002278        0x0
                0x08002278                PROVIDE (__preinit_array_start, .)
 *(.preinit_array*)
                0x08002278                PROVIDE (__preinit_array_end, .)

.init_array     0x08002278        0x4
                0x08002278                PROVIDE (__init_array_start, .)
 *(SORT(.init_array.*))
 *(.init_array*)
 .init_array    0x08002278        0x4 c:/program files/codesourcery/sourcery g++ lite/bin/../lib/gcc/arm-none-eabi/4.5.2/thumb2/crtbegin.o
                0x0800227c                PROVIDE (__init_array_end, .)

.fini_array     0x0800227c        0x4
                0x0800227c                PROVIDE (__fini_array_start, .)
 *(SORT(.fini_array.*))
 *(.fini_array*)
 .fini_array    0x0800227c        0x4 c:/program files/codesourcery/sourcery g++ lite/bin/../lib/gcc/arm-none-eabi/4.5.2/thumb2/crtbegin.o
                0x08002280                PROVIDE (__fini_array_end, .)
                0x08002280                _sidata = LOADADDR (.data)

.data           0x20000000       0x24 load address 0x08002280
                0x20000000                . = ALIGN (0x4)
                0x20000000                _sdata = .
 *(.data)
 *(.data*)
 .data.SystemCoreClock
                0x20000000        0x4 ./src/system_stm32f4xx.o
                0x20000000                SystemCoreClock
 .data.GPIO_PORT
                0x20000004       0x10 ./Utilities/stm32f4_discovery.o
                0x20000004                GPIO_PORT
 .data.BUTTON_PORT
                0x20000014        0x4 ./Utilities/stm32f4_discovery.o
                0x20000014                BUTTON_PORT
 .data.xFreeBytesRemaining
                0x20000018        0x4 ./FreeRTOS/portable/MemMang/heap_2.o
 .data.uxCriticalNesting
                0x2000001c        0x4 ./FreeRTOS/portable/port.o
 .data.xNextTaskUnblockTime
                0x20000020        0x4 ./FreeRTOS/tasks.o
                0x20000024                . = ALIGN (0x4)
                0x20000024                _edata = .
                0x080022a4                _siccmram = LOADADDR (.ccmram)

.jcr            0x20000024        0x0 load address 0x080022a4
 .jcr           0x20000024        0x0 c:/program files/codesourcery/sourcery g++ lite/bin/../lib/gcc/arm-none-eabi/4.5.2/thumb2/crtbegin.o

.ccmram         0x10000000        0x0 load address 0x080022a4
                0x10000000                . = ALIGN (0x4)
                0x10000000                _sccmram = .
 *(.ccmram)
 *(.ccmram*)
                0x10000000                . = ALIGN (0x4)
                0x10000000                _eccmram = .
                0x10000000                . = ALIGN (0x4)

.bss            0x20000028     0xc97c
                0x20000028                _sbss = .
                0x20000028                __bss_start__ = _sbss
 *(.bss)
 .bss           0x20000028        0x1 c:/program files/codesourcery/sourcery g++ lite/bin/../lib/gcc/arm-none-eabi/4.5.2/thumb2/crtbegin.o
 *(.bss*)
 *fill*         0x20000029        0x3 00
 .bss.i.7516    0x2000002c        0x4 ./src/main.o
 .bss.xSemaphoreSW
                0x20000030        0x4 ./src/main.o
                0x20000030                xSemaphoreSW
 *fill*         0x20000034        0x4 00
 .bss.xHeap     0x20000038     0xc800 ./FreeRTOS/portable/MemMang/heap_2.o
 .bss.xStart    0x2000c838        0x8 ./FreeRTOS/portable/MemMang/heap_2.o
 .bss.xEnd      0x2000c840        0x8 ./FreeRTOS/portable/MemMang/heap_2.o
 .bss.xHeapHasBeenInitialised.4687
                0x2000c848        0x4 ./FreeRTOS/portable/MemMang/heap_2.o
 .bss.uxMissedTicks
                0x2000c84c        0x4 ./FreeRTOS/tasks.o
 .bss.xSuspendedTaskList
                0x2000c850       0x14 ./FreeRTOS/tasks.o
 .bss.pxDelayedTaskList
                0x2000c864        0x4 ./FreeRTOS/tasks.o
 .bss.xSchedulerRunning
                0x2000c868        0x4 ./FreeRTOS/tasks.o
 .bss.uxTasksDeleted
                0x2000c86c        0x4 ./FreeRTOS/tasks.o
 .bss.xTasksWaitingTermination
                0x2000c870       0x14 ./FreeRTOS/tasks.o
 .bss.xDelayedTaskList2
                0x2000c884       0x14 ./FreeRTOS/tasks.o
 .bss.pxReadyTasksLists
                0x2000c898       0x64 ./FreeRTOS/tasks.o
 .bss.uxSchedulerSuspended
                0x2000c8fc        0x4 ./FreeRTOS/tasks.o
 .bss.xNumOfOverflows
                0x2000c900        0x4 ./FreeRTOS/tasks.o
 .bss.pxCurrentTCB
                0x2000c904        0x4 ./FreeRTOS/tasks.o
                0x2000c904                pxCurrentTCB
 .bss.xPendingReadyList
                0x2000c908       0x14 ./FreeRTOS/tasks.o
 .bss.xTickCount
                0x2000c91c        0x4 ./FreeRTOS/tasks.o
 .bss.pxOverflowDelayedTaskList
                0x2000c920        0x4 ./FreeRTOS/tasks.o
 .bss.uxTopReadyPriority
                0x2000c924        0x4 ./FreeRTOS/tasks.o
 .bss.uxTaskNumber
                0x2000c928        0x4 ./FreeRTOS/tasks.o
 .bss.xDelayedTaskList1
                0x2000c92c       0x14 ./FreeRTOS/tasks.o
 .bss.xMissedYield
                0x2000c940        0x4 ./FreeRTOS/tasks.o
 .bss.uxCurrentNumberOfTasks
                0x2000c944        0x4 ./FreeRTOS/tasks.o
 .bss.uxTopUsedPriority
                0x2000c948        0x4 ./FreeRTOS/tasks.o
 .bss.pxCurrentTimerList
                0x2000c94c        0x4 ./FreeRTOS/timers.o
 .bss.xActiveTimerList1
                0x2000c950       0x14 ./FreeRTOS/timers.o
 .bss.xActiveTimerList2
                0x2000c964       0x14 ./FreeRTOS/timers.o
 .bss.xTimerQueue
                0x2000c978        0x4 ./FreeRTOS/timers.o
 .bss.pxOverflowTimerList
                0x2000c97c        0x4 ./FreeRTOS/timers.o
 .bss.xLastTime.4274
                0x2000c980        0x4 ./FreeRTOS/timers.o
 *(COMMON)
 COMMON         0x2000c984       0x1c ./src/main.o
                0x2000c984                xMEMS_Task
                0x2000c988                xLED_Tasks
                0x2000c998                xQueue
                0x2000c99c                xBALANCE_Task
 COMMON         0x2000c9a0        0x4 ./src/stm32f4xx_it.o
                0x2000c9a0                xHigherPriorityTaskWoken
                0x2000c9a4                . = ALIGN (0x4)
                0x2000c9a4                _ebss = .
                0x2000c9a4                __bss_end__ = _ebss

._user_heap_stack
                0x2000c9a4      0x400
                0x2000c9a4                . = ALIGN (0x4)
                0x2000c9a4                PROVIDE (end, .)
                0x2000c9a4                PROVIDE (_end, .)
                0x2000c9a4                . = (. + _Min_Heap_Size)
                0x2000cda4                . = (. + _Min_Stack_Size)
 *fill*         0x2000c9a4      0x400 00
                0x2000cda4                . = ALIGN (0x4)

.memory_b1_text
 *(.mb1text)
 *(.mb1text*)
 *(.mb1rodata)
 *(.mb1rodata*)

/DISCARD/
 libc.a(*)
 libm.a(*)
 libgcc.a(*)

.ARM.attributes
                0x00000000       0x2d
 *(.ARM.attributes)
 .ARM.attributes
                0x00000000       0x19 c:/program files/codesourcery/sourcery g++ lite/bin/../lib/gcc/arm-none-eabi/4.5.2/thumb2/crti.o
 .ARM.attributes
                0x00000019       0x29 c:/program files/codesourcery/sourcery g++ lite/bin/../lib/gcc/arm-none-eabi/4.5.2/thumb2/crtbegin.o
 .ARM.attributes
                0x00000042       0x31 ./src/hw_config.o
 .ARM.attributes
                0x00000073       0x31 ./src/main.o
 .ARM.attributes
                0x000000a4       0x21 ./src/startup_stm32f4xx.o
 .ARM.attributes
                0x000000c5       0x31 ./src/stm32f4xx_it.o
 .ARM.attributes
                0x000000f6       0x31 ./src/system_stm32f4xx.o
 .ARM.attributes
                0x00000127       0x31 ./src/tiny_printf.o
 .ARM.attributes
                0x00000158       0x31 ./Utilities/stm32f4_discovery.o
 .ARM.attributes
                0x00000189       0x31 ./Utilities/stm32f4_discovery_lis302dl.o
 .ARM.attributes
                0x000001ba       0x31 ./Libraries/STM32F4xx_StdPeriph_Driver/src/misc.o
 .ARM.attributes
                0x000001eb       0x31 ./Libraries/STM32F4xx_StdPeriph_Driver/src/stm32f4xx_adc.o
 .ARM.attributes
                0x0000021c       0x31 ./Libraries/STM32F4xx_StdPeriph_Driver/src/stm32f4xx_can.o
 .ARM.attributes
                0x0000024d       0x31 ./Libraries/STM32F4xx_StdPeriph_Driver/src/stm32f4xx_crc.o
 .ARM.attributes
                0x0000027e       0x31 ./Libraries/STM32F4xx_StdPeriph_Driver/src/stm32f4xx_cryp.o
 .ARM.attributes
                0x000002af       0x31 ./Libraries/STM32F4xx_StdPeriph_Driver/src/stm32f4xx_cryp_aes.o
 .ARM.attributes
                0x000002e0       0x31 ./Libraries/STM32F4xx_StdPeriph_Driver/src/stm32f4xx_cryp_des.o
 .ARM.attributes
                0x00000311       0x31 ./Libraries/STM32F4xx_StdPeriph_Driver/src/stm32f4xx_cryp_tdes.o
 .ARM.attributes
                0x00000342       0x31 ./Libraries/STM32F4xx_StdPeriph_Driver/src/stm32f4xx_dac.o
 .ARM.attributes
                0x00000373       0x31 ./Libraries/STM32F4xx_StdPeriph_Driver/src/stm32f4xx_dbgmcu.o
 .ARM.attributes
                0x000003a4       0x31 ./Libraries/STM32F4xx_StdPeriph_Driver/src/stm32f4xx_dcmi.o
 .ARM.attributes
                0x000003d5       0x31 ./Libraries/STM32F4xx_StdPeriph_Driver/src/stm32f4xx_dma.o
 .ARM.attributes
                0x00000406       0x31 ./Libraries/STM32F4xx_StdPeriph_Driver/src/stm32f4xx_exti.o
 .ARM.attributes
                0x00000437       0x31 ./Libraries/STM32F4xx_StdPeriph_Driver/src/stm32f4xx_flash.o
 .ARM.attributes
                0x00000468       0x31 ./Libraries/STM32F4xx_StdPeriph_Driver/src/stm32f4xx_fsmc.o
 .ARM.attributes
                0x00000499       0x31 ./Libraries/STM32F4xx_StdPeriph_Driver/src/stm32f4xx_gpio.o
 .ARM.attributes
                0x000004ca       0x31 ./Libraries/STM32F4xx_StdPeriph_Driver/src/stm32f4xx_hash.o
 .ARM.attributes
                0x000004fb       0x31 ./Libraries/STM32F4xx_StdPeriph_Driver/src/stm32f4xx_hash_md5.o
 .ARM.attributes
                0x0000052c       0x31 ./Libraries/STM32F4xx_StdPeriph_Driver/src/stm32f4xx_hash_sha1.o
 .ARM.attributes
                0x0000055d       0x31 ./Libraries/STM32F4xx_StdPeriph_Driver/src/stm32f4xx_i2c.o
 .ARM.attributes
                0x0000058e       0x31 ./Libraries/STM32F4xx_StdPeriph_Driver/src/stm32f4xx_iwdg.o
 .ARM.attributes
                0x000005bf       0x31 ./Libraries/STM32F4xx_StdPeriph_Driver/src/stm32f4xx_pwr.o
 .ARM.attributes
                0x000005f0       0x31 ./Libraries/STM32F4xx_StdPeriph_Driver/src/stm32f4xx_rcc.o
 .ARM.attributes
                0x00000621       0x31 ./Libraries/STM32F4xx_StdPeriph_Driver/src/stm32f4xx_rng.o
 .ARM.attributes
                0x00000652       0x31 ./Libraries/STM32F4xx_StdPeriph_Driver/src/stm32f4xx_rtc.o
 .ARM.attributes
                0x00000683       0x31 ./Libraries/STM32F4xx_StdPeriph_Driver/src/stm32f4xx_sdio.o
 .ARM.attributes
                0x000006b4       0x31 ./Libraries/STM32F4xx_StdPeriph_Driver/src/stm32f4xx_spi.o
 .ARM.attributes
                0x000006e5       0x31 ./Libraries/STM32F4xx_StdPeriph_Driver/src/stm32f4xx_syscfg.o
 .ARM.attributes
                0x00000716       0x31 ./Libraries/STM32F4xx_StdPeriph_Driver/src/stm32f4xx_tim.o
 .ARM.attributes
                0x00000747       0x31 ./Libraries/STM32F4xx_StdPeriph_Driver/src/stm32f4xx_usart.o
 .ARM.attributes
                0x00000778       0x31 ./Libraries/STM32F4xx_StdPeriph_Driver/src/stm32f4xx_wwdg.o
 .ARM.attributes
                0x000007a9       0x31 ./FreeRTOS/portable/MemMang/heap_2.o
 .ARM.attributes
                0x000007da       0x31 ./FreeRTOS/portable/port.o
 .ARM.attributes
                0x0000080b       0x31 ./FreeRTOS/list.o
 .ARM.attributes
                0x0000083c       0x31 ./FreeRTOS/queue.o
 .ARM.attributes
                0x0000086d       0x31 ./FreeRTOS/tasks.o
 .ARM.attributes
                0x0000089e       0x31 ./FreeRTOS/timers.o
 .ARM.attributes
                0x000008cf       0x29 c:/program files/codesourcery/sourcery g++ lite/bin/../lib/gcc/arm-none-eabi/4.5.2/../../../../arm-none-eabi/lib/thumb2\libc.a(lib_a-init.o)
 .ARM.attributes
                0x000008f8       0x29 c:/program files/codesourcery/sourcery g++ lite/bin/../lib/gcc/arm-none-eabi/4.5.2/../../../../arm-none-eabi/lib/thumb2\libc.a(lib_a-memcmp.o)
 .ARM.attributes
                0x00000921       0x29 c:/program files/codesourcery/sourcery g++ lite/bin/../lib/gcc/arm-none-eabi/4.5.2/../../../../arm-none-eabi/lib/thumb2\libc.a(lib_a-memcpy.o)
 .ARM.attributes
                0x0000094a       0x29 c:/program files/codesourcery/sourcery g++ lite/bin/../lib/gcc/arm-none-eabi/4.5.2/../../../../arm-none-eabi/lib/thumb2\libc.a(lib_a-memset.o)
 .ARM.attributes
                0x00000973       0x29 c:/program files/codesourcery/sourcery g++ lite/bin/../lib/gcc/arm-none-eabi/4.5.2/../../../../arm-none-eabi/lib/thumb2\libc.a(lib_a-strncpy.o)
 .ARM.attributes
                0x0000099c       0x29 c:/program files/codesourcery/sourcery g++ lite/bin/../lib/gcc/arm-none-eabi/4.5.2/thumb2/crtend.o
 .ARM.attributes
                0x000009c5       0x19 c:/program files/codesourcery/sourcery g++ lite/bin/../lib/gcc/arm-none-eabi/4.5.2/thumb2/crtn.o
OUTPUT(STM32F4_FreeRTOS.elf elf32-littlearm)

.debug_abbrev   0x00000000     0x476c
 .debug_abbrev  0x00000000      0x16a ./src/hw_config.o
 .debug_abbrev  0x0000016a      0x1b1 ./src/main.o
 .debug_abbrev  0x0000031b       0x12 ./src/startup_stm32f4xx.o
 .debug_abbrev  0x0000032d       0xc3 ./src/stm32f4xx_it.o
 .debug_abbrev  0x000003f0      0x16e ./src/system_stm32f4xx.o
 .debug_abbrev  0x0000055e      0x210 ./src/tiny_printf.o
 .debug_abbrev  0x0000076e      0x19e ./Utilities/stm32f4_discovery.o
 .debug_abbrev  0x0000090c      0x1f9 ./Utilities/stm32f4_discovery_lis302dl.o
 .debug_abbrev  0x00000b05      0x14e ./Libraries/STM32F4xx_StdPeriph_Driver/src/misc.o
 .debug_abbrev  0x00000c53      0x1d7 ./Libraries/STM32F4xx_StdPeriph_Driver/src/stm32f4xx_adc.o
 .debug_abbrev  0x00000e2a      0x1fc ./Libraries/STM32F4xx_StdPeriph_Driver/src/stm32f4xx_can.o
 .debug_abbrev  0x00001026      0x134 ./Libraries/STM32F4xx_StdPeriph_Driver/src/stm32f4xx_crc.o
 .debug_abbrev  0x0000115a      0x1aa ./Libraries/STM32F4xx_StdPeriph_Driver/src/stm32f4xx_cryp.o
 .debug_abbrev  0x00001304      0x240 ./Libraries/STM32F4xx_StdPeriph_Driver/src/stm32f4xx_cryp_aes.o
 .debug_abbrev  0x00001544      0x17d ./Libraries/STM32F4xx_StdPeriph_Driver/src/stm32f4xx_cryp_des.o
 .debug_abbrev  0x000016c1      0x17d ./Libraries/STM32F4xx_StdPeriph_Driver/src/stm32f4xx_cryp_tdes.o
 .debug_abbrev  0x0000183e      0x1d9 ./Libraries/STM32F4xx_StdPeriph_Driver/src/stm32f4xx_dac.o
 .debug_abbrev  0x00001a17       0xeb ./Libraries/STM32F4xx_StdPeriph_Driver/src/stm32f4xx_dbgmcu.o
 .debug_abbrev  0x00001b02      0x1c0 ./Libraries/STM32F4xx_StdPeriph_Driver/src/stm32f4xx_dcmi.o
 .debug_abbrev  0x00001cc2      0x19e ./Libraries/STM32F4xx_StdPeriph_Driver/src/stm32f4xx_dma.o
 .debug_abbrev  0x00001e60      0x1cf ./Libraries/STM32F4xx_StdPeriph_Driver/src/stm32f4xx_exti.o
 .debug_abbrev  0x0000202f      0x1b8 ./Libraries/STM32F4xx_StdPeriph_Driver/src/stm32f4xx_flash.o
 .debug_abbrev  0x000021e7      0x1b4 ./Libraries/STM32F4xx_StdPeriph_Driver/src/stm32f4xx_fsmc.o
 .debug_abbrev  0x0000239b      0x1d0 ./Libraries/STM32F4xx_StdPeriph_Driver/src/stm32f4xx_gpio.o
 .debug_abbrev  0x0000256b      0x1f5 ./Libraries/STM32F4xx_StdPeriph_Driver/src/stm32f4xx_hash.o
 .debug_abbrev  0x00002760      0x1d8 ./Libraries/STM32F4xx_StdPeriph_Driver/src/stm32f4xx_hash_md5.o
 .debug_abbrev  0x00002938      0x1c7 ./Libraries/STM32F4xx_StdPeriph_Driver/src/stm32f4xx_hash_sha1.o
 .debug_abbrev  0x00002aff      0x196 ./Libraries/STM32F4xx_StdPeriph_Driver/src/stm32f4xx_i2c.o
 .debug_abbrev  0x00002c95      0x10b ./Libraries/STM32F4xx_StdPeriph_Driver/src/stm32f4xx_iwdg.o
 .debug_abbrev  0x00002da0      0x186 ./Libraries/STM32F4xx_StdPeriph_Driver/src/stm32f4xx_pwr.o
 .debug_abbrev  0x00002f26      0x1f8 ./Libraries/STM32F4xx_StdPeriph_Driver/src/stm32f4xx_rcc.o
 .debug_abbrev  0x0000311e      0x148 ./Libraries/STM32F4xx_StdPeriph_Driver/src/stm32f4xx_rng.o
 .debug_abbrev  0x00003266      0x1bb ./Libraries/STM32F4xx_StdPeriph_Driver/src/stm32f4xx_rtc.o
 .debug_abbrev  0x00003421      0x1ae ./Libraries/STM32F4xx_StdPeriph_Driver/src/stm32f4xx_sdio.o
 .debug_abbrev  0x000035cf      0x1ae ./Libraries/STM32F4xx_StdPeriph_Driver/src/stm32f4xx_spi.o
 .debug_abbrev  0x0000377d      0x152 ./Libraries/STM32F4xx_StdPeriph_Driver/src/stm32f4xx_syscfg.o
 .debug_abbrev  0x000038cf      0x20e ./Libraries/STM32F4xx_StdPeriph_Driver/src/stm32f4xx_tim.o
 .debug_abbrev  0x00003add      0x19e ./Libraries/STM32F4xx_StdPeriph_Driver/src/stm32f4xx_usart.o
 .debug_abbrev  0x00003c7b      0x15b ./Libraries/STM32F4xx_StdPeriph_Driver/src/stm32f4xx_wwdg.o
 .debug_abbrev  0x00003dd6      0x17a ./FreeRTOS/portable/MemMang/heap_2.o
 .debug_abbrev  0x00003f50      0x110 ./FreeRTOS/portable/port.o
 .debug_abbrev  0x00004060       0xed ./FreeRTOS/list.o
 .debug_abbrev  0x0000414d      0x1a8 ./FreeRTOS/queue.o
 .debug_abbrev  0x000042f5      0x276 ./FreeRTOS/tasks.o
 .debug_abbrev  0x0000456b      0x201 ./FreeRTOS/timers.o

.debug_info     0x00000000    0x15179
 .debug_info    0x00000000      0x779 ./src/hw_config.o
 .debug_info    0x00000779      0x539 ./src/main.o
 .debug_info    0x00000cb2       0x7a ./src/startup_stm32f4xx.o
 .debug_info    0x00000d2c      0x19b ./src/stm32f4xx_it.o
 .debug_info    0x00000ec7      0x643 ./src/system_stm32f4xx.o
 .debug_info    0x0000150a      0xbad ./src/tiny_printf.o
 .debug_info    0x000020b7      0x967 ./Utilities/stm32f4_discovery.o
 .debug_info    0x00002a1e      0x870 ./Utilities/stm32f4_discovery_lis302dl.o
 .debug_info    0x0000328e      0x596 ./Libraries/STM32F4xx_StdPeriph_Driver/src/misc.o
 .debug_info    0x00003824      0xcce ./Libraries/STM32F4xx_StdPeriph_Driver/src/stm32f4xx_adc.o
 .debug_info    0x000044f2      0xc5a ./Libraries/STM32F4xx_StdPeriph_Driver/src/stm32f4xx_can.o
 .debug_info    0x0000514c      0x20b ./Libraries/STM32F4xx_StdPeriph_Driver/src/stm32f4xx_crc.o
 .debug_info    0x00005357      0x794 ./Libraries/STM32F4xx_StdPeriph_Driver/src/stm32f4xx_cryp.o
 .debug_info    0x00005aeb      0xdfd ./Libraries/STM32F4xx_StdPeriph_Driver/src/stm32f4xx_cryp_aes.o
 .debug_info    0x000068e8      0x578 ./Libraries/STM32F4xx_StdPeriph_Driver/src/stm32f4xx_cryp_des.o
 .debug_info    0x00006e60      0x6f8 ./Libraries/STM32F4xx_StdPeriph_Driver/src/stm32f4xx_cryp_tdes.o
 .debug_info    0x00007558      0x689 ./Libraries/STM32F4xx_StdPeriph_Driver/src/stm32f4xx_dac.o
 .debug_info    0x00007be1      0x1ee ./Libraries/STM32F4xx_StdPeriph_Driver/src/stm32f4xx_dbgmcu.o
 .debug_info    0x00007dcf      0x591 ./Libraries/STM32F4xx_StdPeriph_Driver/src/stm32f4xx_dcmi.o
 .debug_info    0x00008360      0x78b ./Libraries/STM32F4xx_StdPeriph_Driver/src/stm32f4xx_dma.o
 .debug_info    0x00008aeb      0x370 ./Libraries/STM32F4xx_StdPeriph_Driver/src/stm32f4xx_exti.o
 .debug_info    0x00008e5b      0x77e ./Libraries/STM32F4xx_StdPeriph_Driver/src/stm32f4xx_flash.o
 .debug_info    0x000095d9      0x9a3 ./Libraries/STM32F4xx_StdPeriph_Driver/src/stm32f4xx_fsmc.o
 .debug_info    0x00009f7c      0x62d ./Libraries/STM32F4xx_StdPeriph_Driver/src/stm32f4xx_gpio.o
 .debug_info    0x0000a5a9      0x582 ./Libraries/STM32F4xx_StdPeriph_Driver/src/stm32f4xx_hash.o
 .debug_info    0x0000ab2b      0x4fb ./Libraries/STM32F4xx_StdPeriph_Driver/src/stm32f4xx_hash_md5.o
 .debug_info    0x0000b026      0x55c ./Libraries/STM32F4xx_StdPeriph_Driver/src/stm32f4xx_hash_sha1.o
 .debug_info    0x0000b582      0xb6f ./Libraries/STM32F4xx_StdPeriph_Driver/src/stm32f4xx_i2c.o
 .debug_info    0x0000c0f1      0x208 ./Libraries/STM32F4xx_StdPeriph_Driver/src/stm32f4xx_iwdg.o
 .debug_info    0x0000c2f9      0x531 ./Libraries/STM32F4xx_StdPeriph_Driver/src/stm32f4xx_pwr.o
 .debug_info    0x0000c82a      0xd05 ./Libraries/STM32F4xx_StdPeriph_Driver/src/stm32f4xx_rcc.o
 .debug_info    0x0000d52f      0x292 ./Libraries/STM32F4xx_StdPeriph_Driver/src/stm32f4xx_rng.o
 .debug_info    0x0000d7c1     0x1242 ./Libraries/STM32F4xx_StdPeriph_Driver/src/stm32f4xx_rtc.o
 .debug_info    0x0000ea03      0x88a ./Libraries/STM32F4xx_StdPeriph_Driver/src/stm32f4xx_sdio.o
 .debug_info    0x0000f28d      0xbb5 ./Libraries/STM32F4xx_StdPeriph_Driver/src/stm32f4xx_spi.o
 .debug_info    0x0000fe42      0x279 ./Libraries/STM32F4xx_StdPeriph_Driver/src/stm32f4xx_syscfg.o
 .debug_info    0x000100bb     0x1e1f ./Libraries/STM32F4xx_StdPeriph_Driver/src/stm32f4xx_tim.o
 .debug_info    0x00011eda      0xa30 ./Libraries/STM32F4xx_StdPeriph_Driver/src/stm32f4xx_usart.o
 .debug_info    0x0001290a      0x259 ./Libraries/STM32F4xx_StdPeriph_Driver/src/stm32f4xx_wwdg.o
 .debug_info    0x00012b63      0x2b9 ./FreeRTOS/portable/MemMang/heap_2.o
 .debug_info    0x00012e1c      0x1df ./FreeRTOS/portable/port.o
 .debug_info    0x00012ffb      0x2a2 ./FreeRTOS/list.o
 .debug_info    0x0001329d      0x817 ./FreeRTOS/queue.o
 .debug_info    0x00013ab4      0xeb9 ./FreeRTOS/tasks.o
 .debug_info    0x0001496d      0x80c ./FreeRTOS/timers.o

.debug_line     0x00000000     0xa018
 .debug_line    0x00000000      0x32d ./src/hw_config.o
 .debug_line    0x0000032d      0x371 ./src/main.o
 .debug_line    0x0000069e       0x74 ./src/startup_stm32f4xx.o
 .debug_line    0x00000712      0x238 ./src/stm32f4xx_it.o
 .debug_line    0x0000094a      0x1cd ./src/system_stm32f4xx.o
 .debug_line    0x00000b17      0x280 ./src/tiny_printf.o
 .debug_line    0x00000d97      0x2a5 ./Utilities/stm32f4_discovery.o
 .debug_line    0x0000103c      0x3c9 ./Utilities/stm32f4_discovery_lis302dl.o
 .debug_line    0x00001405      0x255 ./Libraries/STM32F4xx_StdPeriph_Driver/src/misc.o
 .debug_line    0x0000165a      0x573 ./Libraries/STM32F4xx_StdPeriph_Driver/src/stm32f4xx_adc.o
 .debug_line    0x00001bcd      0x560 ./Libraries/STM32F4xx_StdPeriph_Driver/src/stm32f4xx_can.o
 .debug_line    0x0000212d      0x201 ./Libraries/STM32F4xx_StdPeriph_Driver/src/stm32f4xx_crc.o
 .debug_line    0x0000232e      0x39f ./Libraries/STM32F4xx_StdPeriph_Driver/src/stm32f4xx_cryp.o
 .debug_line    0x000026cd      0x582 ./Libraries/STM32F4xx_StdPeriph_Driver/src/stm32f4xx_cryp_aes.o
 .debug_line    0x00002c4f      0x30f ./Libraries/STM32F4xx_StdPeriph_Driver/src/stm32f4xx_cryp_des.o
 .debug_line    0x00002f5e      0x376 ./Libraries/STM32F4xx_StdPeriph_Driver/src/stm32f4xx_cryp_tdes.o
 .debug_line    0x000032d4      0x360 ./Libraries/STM32F4xx_StdPeriph_Driver/src/stm32f4xx_dac.o
 .debug_line    0x00003634      0x1df ./Libraries/STM32F4xx_StdPeriph_Driver/src/stm32f4xx_dbgmcu.o
 .debug_line    0x00003813      0x353 ./Libraries/STM32F4xx_StdPeriph_Driver/src/stm32f4xx_dcmi.o
 .debug_line    0x00003b66      0x3dc ./Libraries/STM32F4xx_StdPeriph_Driver/src/stm32f4xx_dma.o
 .debug_line    0x00003f42      0x2a8 ./Libraries/STM32F4xx_StdPeriph_Driver/src/stm32f4xx_exti.o
 .debug_line    0x000041ea      0x47b ./Libraries/STM32F4xx_StdPeriph_Driver/src/stm32f4xx_flash.o
 .debug_line    0x00004665      0x45d ./Libraries/STM32F4xx_StdPeriph_Driver/src/stm32f4xx_fsmc.o
 .debug_line    0x00004ac2      0x341 ./Libraries/STM32F4xx_StdPeriph_Driver/src/stm32f4xx_gpio.o
 .debug_line    0x00004e03      0x370 ./Libraries/STM32F4xx_StdPeriph_Driver/src/stm32f4xx_hash.o
 .debug_line    0x00005173      0x385 ./Libraries/STM32F4xx_StdPeriph_Driver/src/stm32f4xx_hash_md5.o
 .debug_line    0x000054f8      0x39f ./Libraries/STM32F4xx_StdPeriph_Driver/src/stm32f4xx_hash_sha1.o
 .debug_line    0x00005897      0x500 ./Libraries/STM32F4xx_StdPeriph_Driver/src/stm32f4xx_i2c.o
 .debug_line    0x00005d97      0x1ef ./Libraries/STM32F4xx_StdPeriph_Driver/src/stm32f4xx_iwdg.o
 .debug_line    0x00005f86      0x294 ./Libraries/STM32F4xx_StdPeriph_Driver/src/stm32f4xx_pwr.o
 .debug_line    0x0000621a      0x588 ./Libraries/STM32F4xx_StdPeriph_Driver/src/stm32f4xx_rcc.o
 .debug_line    0x000067a2      0x21b ./Libraries/STM32F4xx_StdPeriph_Driver/src/stm32f4xx_rng.o
 .debug_line    0x000069bd      0x86f ./Libraries/STM32F4xx_StdPeriph_Driver/src/stm32f4xx_rtc.o
 .debug_line    0x0000722c      0x472 ./Libraries/STM32F4xx_StdPeriph_Driver/src/stm32f4xx_sdio.o
 .debug_line    0x0000769e      0x48b ./Libraries/STM32F4xx_StdPeriph_Driver/src/stm32f4xx_spi.o
 .debug_line    0x00007b29      0x1fd ./Libraries/STM32F4xx_StdPeriph_Driver/src/stm32f4xx_syscfg.o
 .debug_line    0x00007d26      0xaa1 ./Libraries/STM32F4xx_StdPeriph_Driver/src/stm32f4xx_tim.o
 .debug_line    0x000087c7      0x4e4 ./Libraries/STM32F4xx_StdPeriph_Driver/src/stm32f4xx_usart.o
 .debug_line    0x00008cab      0x21b ./Libraries/STM32F4xx_StdPeriph_Driver/src/stm32f4xx_wwdg.o
 .debug_line    0x00008ec6      0x146 ./FreeRTOS/portable/MemMang/heap_2.o
 .debug_line    0x0000900c      0x1ae ./FreeRTOS/portable/port.o
 .debug_line    0x000091ba      0x168 ./FreeRTOS/list.o
 .debug_line    0x00009322      0x429 ./FreeRTOS/queue.o
 .debug_line    0x0000974b      0x680 ./FreeRTOS/tasks.o
 .debug_line    0x00009dcb      0x24d ./FreeRTOS/timers.o

.debug_loc      0x00000000     0xb95c
 .debug_loc     0x00000000       0xeb ./src/hw_config.o
 .debug_loc     0x000000eb       0xd0 ./src/main.o
 .debug_loc     0x000001bb       0x20 ./src/stm32f4xx_it.o
 .debug_loc     0x000001db      0x10e ./src/system_stm32f4xx.o
 .debug_loc     0x000002e9      0x49c ./src/tiny_printf.o
 .debug_loc     0x00000785       0xb8 ./Utilities/stm32f4_discovery.o
 .debug_loc     0x0000083d      0x4b0 ./Utilities/stm32f4_discovery_lis302dl.o
 .debug_loc     0x00000ced       0xff ./Libraries/STM32F4xx_StdPeriph_Driver/src/misc.o
 .debug_loc     0x00000dec      0x8fa ./Libraries/STM32F4xx_StdPeriph_Driver/src/stm32f4xx_adc.o
 .debug_loc     0x000016e6      0x66c ./Libraries/STM32F4xx_StdPeriph_Driver/src/stm32f4xx_can.o
 .debug_loc     0x00001d52       0x89 ./Libraries/STM32F4xx_StdPeriph_Driver/src/stm32f4xx_crc.o
 .debug_loc     0x00001ddb      0x1f7 ./Libraries/STM32F4xx_StdPeriph_Driver/src/stm32f4xx_cryp.o
 .debug_loc     0x00001fd2     0x10cc ./Libraries/STM32F4xx_StdPeriph_Driver/src/stm32f4xx_cryp_aes.o
 .debug_loc     0x0000309e      0x4f5 ./Libraries/STM32F4xx_StdPeriph_Driver/src/stm32f4xx_cryp_des.o
 .debug_loc     0x00003593      0x779 ./Libraries/STM32F4xx_StdPeriph_Driver/src/stm32f4xx_cryp_tdes.o
 .debug_loc     0x00003d0c      0x3bd ./Libraries/STM32F4xx_StdPeriph_Driver/src/stm32f4xx_dac.o
 .debug_loc     0x000040c9       0x5a ./Libraries/STM32F4xx_StdPeriph_Driver/src/stm32f4xx_dbgmcu.o
 .debug_loc     0x00004123      0x169 ./Libraries/STM32F4xx_StdPeriph_Driver/src/stm32f4xx_dcmi.o
 .debug_loc     0x0000428c      0x308 ./Libraries/STM32F4xx_StdPeriph_Driver/src/stm32f4xx_dma.o
 .debug_loc     0x00004594      0x12b ./Libraries/STM32F4xx_StdPeriph_Driver/src/stm32f4xx_exti.o
 .debug_loc     0x000046bf      0x576 ./Libraries/STM32F4xx_StdPeriph_Driver/src/stm32f4xx_flash.o
 .debug_loc     0x00004c35      0x356 ./Libraries/STM32F4xx_StdPeriph_Driver/src/stm32f4xx_fsmc.o
 .debug_loc     0x00004f8b      0x283 ./Libraries/STM32F4xx_StdPeriph_Driver/src/stm32f4xx_gpio.o
 .debug_loc     0x0000520e      0x1b8 ./Libraries/STM32F4xx_StdPeriph_Driver/src/stm32f4xx_hash.o
 .debug_loc     0x000053c6      0x5bc ./Libraries/STM32F4xx_StdPeriph_Driver/src/stm32f4xx_hash_md5.o
 .debug_loc     0x00005982      0x62f ./Libraries/STM32F4xx_StdPeriph_Driver/src/stm32f4xx_hash_sha1.o
 .debug_loc     0x00005fb1      0x5ee ./Libraries/STM32F4xx_StdPeriph_Driver/src/stm32f4xx_i2c.o
 .debug_loc     0x0000659f       0x3d ./Libraries/STM32F4xx_StdPeriph_Driver/src/stm32f4xx_iwdg.o
 .debug_loc     0x000065dc       0xd2 ./Libraries/STM32F4xx_StdPeriph_Driver/src/stm32f4xx_pwr.o
 .debug_loc     0x000066ae      0x6c0 ./Libraries/STM32F4xx_StdPeriph_Driver/src/stm32f4xx_rcc.o
 .debug_loc     0x00006d6e       0xc0 ./Libraries/STM32F4xx_StdPeriph_Driver/src/stm32f4xx_rng.o
 .debug_loc     0x00006e2e      0xea0 ./Libraries/STM32F4xx_StdPeriph_Driver/src/stm32f4xx_rtc.o
 .debug_loc     0x00007cce      0x256 ./Libraries/STM32F4xx_StdPeriph_Driver/src/stm32f4xx_sdio.o
 .debug_loc     0x00007f24      0x513 ./Libraries/STM32F4xx_StdPeriph_Driver/src/stm32f4xx_spi.o
 .debug_loc     0x00008437       0x9d ./Libraries/STM32F4xx_StdPeriph_Driver/src/stm32f4xx_syscfg.o
 .debug_loc     0x000084d4     0x1258 ./Libraries/STM32F4xx_StdPeriph_Driver/src/stm32f4xx_tim.o
 .debug_loc     0x0000972c      0x523 ./Libraries/STM32F4xx_StdPeriph_Driver/src/stm32f4xx_usart.o
 .debug_loc     0x00009c4f      0x108 ./Libraries/STM32F4xx_StdPeriph_Driver/src/stm32f4xx_wwdg.o
 .debug_loc     0x00009d57      0x243 ./FreeRTOS/portable/MemMang/heap_2.o
 .debug_loc     0x00009f9a       0x9d ./FreeRTOS/portable/port.o
 .debug_loc     0x0000a037       0x73 ./FreeRTOS/list.o
 .debug_loc     0x0000a0aa      0x7e3 ./FreeRTOS/queue.o
 .debug_loc     0x0000a88d      0xb46 ./FreeRTOS/tasks.o
 .debug_loc     0x0000b3d3      0x589 ./FreeRTOS/timers.o

.debug_pubnames
                0x00000000     0x40c2
 .debug_pubnames
                0x00000000       0x81 ./src/hw_config.o
 .debug_pubnames
                0x00000081       0xc3 ./src/main.o
 .debug_pubnames
                0x00000144       0xc1 ./src/stm32f4xx_it.o
 .debug_pubnames
                0x00000205       0x61 ./src/system_stm32f4xx.o
 .debug_pubnames
                0x00000266       0x69 ./src/tiny_printf.o
 .debug_pubnames
                0x000002cf      0x150 ./Utilities/stm32f4_discovery.o
 .debug_pubnames
                0x0000041f      0x10c ./Utilities/stm32f4_discovery_lis302dl.o
 .debug_pubnames
                0x0000052b       0x89 ./Libraries/STM32F4xx_StdPeriph_Driver/src/misc.o
 .debug_pubnames
                0x000005b4      0x446 ./Libraries/STM32F4xx_StdPeriph_Driver/src/stm32f4xx_adc.o
 .debug_pubnames
                0x000009fa      0x208 ./Libraries/STM32F4xx_StdPeriph_Driver/src/stm32f4xx_can.o
 .debug_pubnames
                0x00000c02       0x82 ./Libraries/STM32F4xx_StdPeriph_Driver/src/stm32f4xx_crc.o
 .debug_pubnames
                0x00000c84      0x14e ./Libraries/STM32F4xx_StdPeriph_Driver/src/stm32f4xx_cryp.o
 .debug_pubnames
                0x00000dd2       0x45 ./Libraries/STM32F4xx_StdPeriph_Driver/src/stm32f4xx_cryp_aes.o
 .debug_pubnames
                0x00000e17       0x34 ./Libraries/STM32F4xx_StdPeriph_Driver/src/stm32f4xx_cryp_des.o
 .debug_pubnames
                0x00000e4b       0x36 ./Libraries/STM32F4xx_StdPeriph_Driver/src/stm32f4xx_cryp_tdes.o
 .debug_pubnames
                0x00000e81      0x17d ./Libraries/STM32F4xx_StdPeriph_Driver/src/stm32f4xx_dac.o
 .debug_pubnames
                0x00000ffe       0x84 ./Libraries/STM32F4xx_StdPeriph_Driver/src/stm32f4xx_dbgmcu.o
 .debug_pubnames
                0x00001082      0x13a ./Libraries/STM32F4xx_StdPeriph_Driver/src/stm32f4xx_dcmi.o
 .debug_pubnames
                0x000011bc      0x1c9 ./Libraries/STM32F4xx_StdPeriph_Driver/src/stm32f4xx_dma.o
 .debug_pubnames
                0x00001385       0xbb ./Libraries/STM32F4xx_StdPeriph_Driver/src/stm32f4xx_exti.o
 .debug_pubnames
                0x00001440      0x2bd ./Libraries/STM32F4xx_StdPeriph_Driver/src/stm32f4xx_flash.o
 .debug_pubnames
                0x000016fd      0x1a3 ./Libraries/STM32F4xx_StdPeriph_Driver/src/stm32f4xx_fsmc.o
 .debug_pubnames
                0x000018a0      0x12d ./Libraries/STM32F4xx_StdPeriph_Driver/src/stm32f4xx_gpio.o
 .debug_pubnames
                0x000019cd      0x170 ./Libraries/STM32F4xx_StdPeriph_Driver/src/stm32f4xx_hash.o
 .debug_pubnames
                0x00001b3d       0x2c ./Libraries/STM32F4xx_StdPeriph_Driver/src/stm32f4xx_hash_md5.o
 .debug_pubnames
                0x00001b69       0x2e ./Libraries/STM32F4xx_StdPeriph_Driver/src/stm32f4xx_hash_sha1.o
 .debug_pubnames
                0x00001b97      0x2cb ./Libraries/STM32F4xx_StdPeriph_Driver/src/stm32f4xx_i2c.o
 .debug_pubnames
                0x00001e62       0x91 ./Libraries/STM32F4xx_StdPeriph_Driver/src/stm32f4xx_iwdg.o
 .debug_pubnames
                0x00001ef3      0x11f ./Libraries/STM32F4xx_StdPeriph_Driver/src/stm32f4xx_pwr.o
 .debug_pubnames
                0x00002012      0x417 ./Libraries/STM32F4xx_StdPeriph_Driver/src/stm32f4xx_rcc.o
 .debug_pubnames
                0x00002429       0xac ./Libraries/STM32F4xx_StdPeriph_Driver/src/stm32f4xx_rng.o
 .debug_pubnames
                0x000024d5      0x514 ./Libraries/STM32F4xx_StdPeriph_Driver/src/stm32f4xx_rtc.o
 .debug_pubnames
                0x000029e9      0x2ac ./Libraries/STM32F4xx_StdPeriph_Driver/src/stm32f4xx_sdio.o
 .debug_pubnames
                0x00002c95      0x221 ./Libraries/STM32F4xx_StdPeriph_Driver/src/stm32f4xx_spi.o
 .debug_pubnames
                0x00002eb6       0xc3 ./Libraries/STM32F4xx_StdPeriph_Driver/src/stm32f4xx_syscfg.o
 .debug_pubnames
                0x00002f79      0x7c4 ./Libraries/STM32F4xx_StdPeriph_Driver/src/stm32f4xx_tim.o
 .debug_pubnames
                0x0000373d      0x294 ./Libraries/STM32F4xx_StdPeriph_Driver/src/stm32f4xx_usart.o
 .debug_pubnames
                0x000039d1       0xb0 ./Libraries/STM32F4xx_StdPeriph_Driver/src/stm32f4xx_wwdg.o
 .debug_pubnames
                0x00003a81       0x64 ./FreeRTOS/portable/MemMang/heap_2.o
 .debug_pubnames
                0x00003ae5      0x101 ./FreeRTOS/portable/port.o
 .debug_pubnames
                0x00003be6       0x71 ./FreeRTOS/list.o
 .debug_pubnames
                0x00003c57      0x156 ./FreeRTOS/queue.o
 .debug_pubnames
                0x00003dad      0x291 ./FreeRTOS/tasks.o
 .debug_pubnames
                0x0000403e       0x84 ./FreeRTOS/timers.o

.debug_pubtypes
                0x00000000     0x1f1d
 .debug_pubtypes
                0x00000000      0x13f ./src/hw_config.o
 .debug_pubtypes
                0x0000013f       0xaa ./src/main.o
 .debug_pubtypes
                0x000001e9       0x51 ./src/stm32f4xx_it.o
 .debug_pubtypes
                0x0000023a       0x83 ./src/system_stm32f4xx.o
 .debug_pubtypes
                0x000002bd      0x12e ./src/tiny_printf.o
 .debug_pubtypes
                0x000003eb      0x16e ./Utilities/stm32f4_discovery.o
 .debug_pubtypes
                0x00000559      0x14d ./Utilities/stm32f4_discovery_lis302dl.o
 .debug_pubtypes
                0x000006a6       0x8c ./Libraries/STM32F4xx_StdPeriph_Driver/src/misc.o
 .debug_pubtypes
                0x00000732       0xc9 ./Libraries/STM32F4xx_StdPeriph_Driver/src/stm32f4xx_adc.o
 .debug_pubtypes
                0x000007fb      0x121 ./Libraries/STM32F4xx_StdPeriph_Driver/src/stm32f4xx_can.o
 .debug_pubtypes
                0x0000091c       0x54 ./Libraries/STM32F4xx_StdPeriph_Driver/src/stm32f4xx_crc.o
 .debug_pubtypes
                0x00000970       0xea ./Libraries/STM32F4xx_StdPeriph_Driver/src/stm32f4xx_cryp.o
 .debug_pubtypes
                0x00000a5a       0x98 ./Libraries/STM32F4xx_StdPeriph_Driver/src/stm32f4xx_cryp_aes.o
 .debug_pubtypes
                0x00000af2       0x98 ./Libraries/STM32F4xx_StdPeriph_Driver/src/stm32f4xx_cryp_des.o
 .debug_pubtypes
                0x00000b8a       0x98 ./Libraries/STM32F4xx_StdPeriph_Driver/src/stm32f4xx_cryp_tdes.o
 .debug_pubtypes
                0x00000c22       0x98 ./Libraries/STM32F4xx_StdPeriph_Driver/src/stm32f4xx_dac.o
 .debug_pubtypes
                0x00000cba       0x52 ./Libraries/STM32F4xx_StdPeriph_Driver/src/stm32f4xx_dbgmcu.o
 .debug_pubtypes
                0x00000d0c       0xcd ./Libraries/STM32F4xx_StdPeriph_Driver/src/stm32f4xx_dcmi.o
 .debug_pubtypes
                0x00000dd9       0xa3 ./Libraries/STM32F4xx_StdPeriph_Driver/src/stm32f4xx_dma.o
 .debug_pubtypes
                0x00000e7c       0xae ./Libraries/STM32F4xx_StdPeriph_Driver/src/stm32f4xx_exti.o
 .debug_pubtypes
                0x00000f2a       0x97 ./Libraries/STM32F4xx_StdPeriph_Driver/src/stm32f4xx_flash.o
 .debug_pubtypes
                0x00000fc1      0x174 ./Libraries/STM32F4xx_StdPeriph_Driver/src/stm32f4xx_fsmc.o
 .debug_pubtypes
                0x00001135       0xce ./Libraries/STM32F4xx_StdPeriph_Driver/src/stm32f4xx_gpio.o
 .debug_pubtypes
                0x00001203       0xbe ./Libraries/STM32F4xx_StdPeriph_Driver/src/stm32f4xx_hash.o
 .debug_pubtypes
                0x000012c1       0x7c ./Libraries/STM32F4xx_StdPeriph_Driver/src/stm32f4xx_hash_md5.o
 .debug_pubtypes
                0x0000133d       0x7c ./Libraries/STM32F4xx_StdPeriph_Driver/src/stm32f4xx_hash_sha1.o
 .debug_pubtypes
                0x000013b9       0xbe ./Libraries/STM32F4xx_StdPeriph_Driver/src/stm32f4xx_i2c.o
 .debug_pubtypes
                0x00001477       0x64 ./Libraries/STM32F4xx_StdPeriph_Driver/src/stm32f4xx_iwdg.o
 .debug_pubtypes
                0x000014db       0x84 ./Libraries/STM32F4xx_StdPeriph_Driver/src/stm32f4xx_pwr.o
 .debug_pubtypes
                0x0000155f       0xaa ./Libraries/STM32F4xx_StdPeriph_Driver/src/stm32f4xx_rcc.o
 .debug_pubtypes
                0x00001609       0x77 ./Libraries/STM32F4xx_StdPeriph_Driver/src/stm32f4xx_rng.o
 .debug_pubtypes
                0x00001680       0xd8 ./Libraries/STM32F4xx_StdPeriph_Driver/src/stm32f4xx_rtc.o
 .debug_pubtypes
                0x00001758       0xbe ./Libraries/STM32F4xx_StdPeriph_Driver/src/stm32f4xx_sdio.o
 .debug_pubtypes
                0x00001816       0xbc ./Libraries/STM32F4xx_StdPeriph_Driver/src/stm32f4xx_spi.o
 .debug_pubtypes
                0x000018d2       0x6d ./Libraries/STM32F4xx_StdPeriph_Driver/src/stm32f4xx_syscfg.o
 .debug_pubtypes
                0x0000193f       0xe4 ./Libraries/STM32F4xx_StdPeriph_Driver/src/stm32f4xx_tim.o
 .debug_pubtypes
                0x00001a23       0xcd ./Libraries/STM32F4xx_StdPeriph_Driver/src/stm32f4xx_usart.o
 .debug_pubtypes
                0x00001af0       0x57 ./Libraries/STM32F4xx_StdPeriph_Driver/src/stm32f4xx_wwdg.o
 .debug_pubtypes
                0x00001b47       0x4c ./FreeRTOS/portable/MemMang/heap_2.o
 .debug_pubtypes
                0x00001b93       0x33 ./FreeRTOS/portable/port.o
 .debug_pubtypes
                0x00001bc6       0x7a ./FreeRTOS/list.o
 .debug_pubtypes
                0x00001c40       0xd4 ./FreeRTOS/queue.o
 .debug_pubtypes
                0x00001d14      0x10c ./FreeRTOS/tasks.o
 .debug_pubtypes
                0x00001e20       0xfd ./FreeRTOS/timers.o

.debug_aranges  0x00000000     0x1a78
 .debug_aranges
                0x00000000       0x40 ./src/hw_config.o
 .debug_aranges
                0x00000040       0x48 ./src/main.o
 .debug_aranges
                0x00000088       0x28 ./src/startup_stm32f4xx.o
 .debug_aranges
                0x000000b0       0x50 ./src/stm32f4xx_it.o
 .debug_aranges
                0x00000100       0x28 ./src/system_stm32f4xx.o
 .debug_aranges
                0x00000128       0x48 ./src/tiny_printf.o
 .debug_aranges
                0x00000170       0x48 ./Utilities/stm32f4_discovery.o
 .debug_aranges
                0x000001b8       0x70 ./Utilities/stm32f4_discovery_lis302dl.o
 .debug_aranges
                0x00000228       0x40 ./Libraries/STM32F4xx_StdPeriph_Driver/src/misc.o
 .debug_aranges
                0x00000268      0x148 ./Libraries/STM32F4xx_StdPeriph_Driver/src/stm32f4xx_adc.o
 .debug_aranges
                0x000003b0       0xe0 ./Libraries/STM32F4xx_StdPeriph_Driver/src/stm32f4xx_can.o
 .debug_aranges
                0x00000490       0x48 ./Libraries/STM32F4xx_StdPeriph_Driver/src/stm32f4xx_crc.o
 .debug_aranges
                0x000004d8       0xa0 ./Libraries/STM32F4xx_StdPeriph_Driver/src/stm32f4xx_cryp.o
 .debug_aranges
                0x00000578       0x30 ./Libraries/STM32F4xx_StdPeriph_Driver/src/stm32f4xx_cryp_aes.o
 .debug_aranges
                0x000005a8       0x28 ./Libraries/STM32F4xx_StdPeriph_Driver/src/stm32f4xx_cryp_des.o
 .debug_aranges
                0x000005d0       0x28 ./Libraries/STM32F4xx_StdPeriph_Driver/src/stm32f4xx_cryp_tdes.o
 .debug_aranges
                0x000005f8       0xa0 ./Libraries/STM32F4xx_StdPeriph_Driver/src/stm32f4xx_dac.o
 .debug_aranges
                0x00000698       0x40 ./Libraries/STM32F4xx_StdPeriph_Driver/src/stm32f4xx_dbgmcu.o
 .debug_aranges
                0x000006d8       0x90 ./Libraries/STM32F4xx_StdPeriph_Driver/src/stm32f4xx_dcmi.o
 .debug_aranges
                0x00000768       0xb0 ./Libraries/STM32F4xx_StdPeriph_Driver/src/stm32f4xx_dma.o
 .debug_aranges
                0x00000818       0x58 ./Libraries/STM32F4xx_StdPeriph_Driver/src/stm32f4xx_exti.o
 .debug_aranges
                0x00000870      0x108 ./Libraries/STM32F4xx_StdPeriph_Driver/src/stm32f4xx_flash.o
 .debug_aranges
                0x00000978       0xb0 ./Libraries/STM32F4xx_StdPeriph_Driver/src/stm32f4xx_fsmc.o
 .debug_aranges
                0x00000a28       0x88 ./Libraries/STM32F4xx_StdPeriph_Driver/src/stm32f4xx_gpio.o
 .debug_aranges
                0x00000ab0       0xa0 ./Libraries/STM32F4xx_StdPeriph_Driver/src/stm32f4xx_hash.o
 .debug_aranges
                0x00000b50       0x28 ./Libraries/STM32F4xx_StdPeriph_Driver/src/stm32f4xx_hash_md5.o
 .debug_aranges
                0x00000b78       0x28 ./Libraries/STM32F4xx_StdPeriph_Driver/src/stm32f4xx_hash_sha1.o
 .debug_aranges
                0x00000ba0      0x120 ./Libraries/STM32F4xx_StdPeriph_Driver/src/stm32f4xx_i2c.o
 .debug_aranges
                0x00000cc0       0x48 ./Libraries/STM32F4xx_StdPeriph_Driver/src/stm32f4xx_iwdg.o
 .debug_aranges
                0x00000d08       0x78 ./Libraries/STM32F4xx_StdPeriph_Driver/src/stm32f4xx_pwr.o
 .debug_aranges
                0x00000d80      0x178 ./Libraries/STM32F4xx_StdPeriph_Driver/src/stm32f4xx_rcc.o
 .debug_aranges
                0x00000ef8       0x58 ./Libraries/STM32F4xx_StdPeriph_Driver/src/stm32f4xx_rng.o
 .debug_aranges
                0x00000f50      0x1e0 ./Libraries/STM32F4xx_StdPeriph_Driver/src/stm32f4xx_rtc.o
 .debug_aranges
                0x00001130      0x108 ./Libraries/STM32F4xx_StdPeriph_Driver/src/stm32f4xx_sdio.o
 .debug_aranges
                0x00001238       0xe0 ./Libraries/STM32F4xx_StdPeriph_Driver/src/stm32f4xx_spi.o
 .debug_aranges
                0x00001318       0x48 ./Libraries/STM32F4xx_StdPeriph_Driver/src/stm32f4xx_syscfg.o
 .debug_aranges
                0x00001360      0x2e8 ./Libraries/STM32F4xx_StdPeriph_Driver/src/stm32f4xx_tim.o
 .debug_aranges
                0x00001648      0x100 ./Libraries/STM32F4xx_StdPeriph_Driver/src/stm32f4xx_usart.o
 .debug_aranges
                0x00001748       0x58 ./Libraries/STM32F4xx_StdPeriph_Driver/src/stm32f4xx_wwdg.o
 .debug_aranges
                0x000017a0       0x38 ./FreeRTOS/portable/MemMang/heap_2.o
 .debug_aranges
                0x000017d8       0x68 ./FreeRTOS/portable/port.o
 .debug_aranges
                0x00001840       0x40 ./FreeRTOS/list.o
 .debug_aranges
                0x00001880       0x90 ./FreeRTOS/queue.o
 .debug_aranges
                0x00001910      0x108 ./FreeRTOS/tasks.o
 .debug_aranges
                0x00001a18       0x60 ./FreeRTOS/timers.o

.debug_ranges   0x00000000     0x19a0
 .debug_ranges  0x00000000       0x30 ./src/hw_config.o
 .debug_ranges  0x00000030       0x38 ./src/main.o
 .debug_ranges  0x00000068       0x20 ./src/startup_stm32f4xx.o
 .debug_ranges  0x00000088       0x40 ./src/stm32f4xx_it.o
 .debug_ranges  0x000000c8       0x18 ./src/system_stm32f4xx.o
 .debug_ranges  0x000000e0       0x38 ./src/tiny_printf.o
 .debug_ranges  0x00000118       0x38 ./Utilities/stm32f4_discovery.o
 .debug_ranges  0x00000150       0x90 ./Utilities/stm32f4_discovery_lis302dl.o
 .debug_ranges  0x000001e0       0x30 ./Libraries/STM32F4xx_StdPeriph_Driver/src/misc.o
 .debug_ranges  0x00000210      0x138 ./Libraries/STM32F4xx_StdPeriph_Driver/src/stm32f4xx_adc.o
 .debug_ranges  0x00000348       0xd0 ./Libraries/STM32F4xx_StdPeriph_Driver/src/stm32f4xx_can.o
 .debug_ranges  0x00000418       0x38 ./Libraries/STM32F4xx_StdPeriph_Driver/src/stm32f4xx_crc.o
 .debug_ranges  0x00000450       0x90 ./Libraries/STM32F4xx_StdPeriph_Driver/src/stm32f4xx_cryp.o
 .debug_ranges  0x000004e0       0x80 ./Libraries/STM32F4xx_StdPeriph_Driver/src/stm32f4xx_cryp_aes.o
 .debug_ranges  0x00000560       0x18 ./Libraries/STM32F4xx_StdPeriph_Driver/src/stm32f4xx_cryp_des.o
 .debug_ranges  0x00000578       0x18 ./Libraries/STM32F4xx_StdPeriph_Driver/src/stm32f4xx_cryp_tdes.o
 .debug_ranges  0x00000590       0x90 ./Libraries/STM32F4xx_StdPeriph_Driver/src/stm32f4xx_dac.o
 .debug_ranges  0x00000620       0x30 ./Libraries/STM32F4xx_StdPeriph_Driver/src/stm32f4xx_dbgmcu.o
 .debug_ranges  0x00000650       0x80 ./Libraries/STM32F4xx_StdPeriph_Driver/src/stm32f4xx_dcmi.o
 .debug_ranges  0x000006d0       0xa0 ./Libraries/STM32F4xx_StdPeriph_Driver/src/stm32f4xx_dma.o
 .debug_ranges  0x00000770       0x48 ./Libraries/STM32F4xx_StdPeriph_Driver/src/stm32f4xx_exti.o
 .debug_ranges  0x000007b8       0xf8 ./Libraries/STM32F4xx_StdPeriph_Driver/src/stm32f4xx_flash.o
 .debug_ranges  0x000008b0       0xa0 ./Libraries/STM32F4xx_StdPeriph_Driver/src/stm32f4xx_fsmc.o
 .debug_ranges  0x00000950       0x78 ./Libraries/STM32F4xx_StdPeriph_Driver/src/stm32f4xx_gpio.o
 .debug_ranges  0x000009c8       0x90 ./Libraries/STM32F4xx_StdPeriph_Driver/src/stm32f4xx_hash.o
 .debug_ranges  0x00000a58       0x78 ./Libraries/STM32F4xx_StdPeriph_Driver/src/stm32f4xx_hash_md5.o
 .debug_ranges  0x00000ad0       0x78 ./Libraries/STM32F4xx_StdPeriph_Driver/src/stm32f4xx_hash_sha1.o
 .debug_ranges  0x00000b48      0x110 ./Libraries/STM32F4xx_StdPeriph_Driver/src/stm32f4xx_i2c.o
 .debug_ranges  0x00000c58       0x38 ./Libraries/STM32F4xx_StdPeriph_Driver/src/stm32f4xx_iwdg.o
 .debug_ranges  0x00000c90       0x68 ./Libraries/STM32F4xx_StdPeriph_Driver/src/stm32f4xx_pwr.o
 .debug_ranges  0x00000cf8      0x168 ./Libraries/STM32F4xx_StdPeriph_Driver/src/stm32f4xx_rcc.o
 .debug_ranges  0x00000e60       0x48 ./Libraries/STM32F4xx_StdPeriph_Driver/src/stm32f4xx_rng.o
 .debug_ranges  0x00000ea8      0x1d0 ./Libraries/STM32F4xx_StdPeriph_Driver/src/stm32f4xx_rtc.o
 .debug_ranges  0x00001078       0xf8 ./Libraries/STM32F4xx_StdPeriph_Driver/src/stm32f4xx_sdio.o
 .debug_ranges  0x00001170       0xd0 ./Libraries/STM32F4xx_StdPeriph_Driver/src/stm32f4xx_spi.o
 .debug_ranges  0x00001240       0x38 ./Libraries/STM32F4xx_StdPeriph_Driver/src/stm32f4xx_syscfg.o
 .debug_ranges  0x00001278      0x308 ./Libraries/STM32F4xx_StdPeriph_Driver/src/stm32f4xx_tim.o
 .debug_ranges  0x00001580       0xf0 ./Libraries/STM32F4xx_StdPeriph_Driver/src/stm32f4xx_usart.o
 .debug_ranges  0x00001670       0x48 ./Libraries/STM32F4xx_StdPeriph_Driver/src/stm32f4xx_wwdg.o
 .debug_ranges  0x000016b8       0x40 ./FreeRTOS/portable/MemMang/heap_2.o
 .debug_ranges  0x000016f8       0x58 ./FreeRTOS/portable/port.o
 .debug_ranges  0x00001750       0x30 ./FreeRTOS/list.o
 .debug_ranges  0x00001780       0x80 ./FreeRTOS/queue.o
 .debug_ranges  0x00001800      0x150 ./FreeRTOS/tasks.o
 .debug_ranges  0x00001950       0x50 ./FreeRTOS/timers.o

.debug_str      0x00000000     0x81a9
 .debug_str     0x00000000      0x5e3 ./src/hw_config.o
                                0x634 (size before relaxing)
 .debug_str     0x000005e3      0x13b ./src/main.o
                                0x322 (size before relaxing)
 .debug_str     0x0000071e       0x8c ./src/stm32f4xx_it.o
                                0x1be (size before relaxing)
 .debug_str     0x000007aa      0x1a8 ./src/system_stm32f4xx.o
                                0x315 (size before relaxing)
 .debug_str     0x00000952      0x416 ./src/tiny_printf.o
                                0x512 (size before relaxing)
 .debug_str     0x00000d68      0x7ae ./Utilities/stm32f4_discovery.o
                                0xaa1 (size before relaxing)
 .debug_str     0x00001516      0x2f9 ./Utilities/stm32f4_discovery_lis302dl.o
                                0x6c2 (size before relaxing)
 .debug_str     0x0000180f      0x144 ./Libraries/STM32F4xx_StdPeriph_Driver/src/misc.o
                                0x363 (size before relaxing)
 .debug_str     0x00001953      0x62d ./Libraries/STM32F4xx_StdPeriph_Driver/src/stm32f4xx_adc.o
                                0x78e (size before relaxing)
 .debug_str     0x00001f80      0x517 ./Libraries/STM32F4xx_StdPeriph_Driver/src/stm32f4xx_can.o
                                0x6c8 (size before relaxing)
 .debug_str     0x00002497       0xbb ./Libraries/STM32F4xx_StdPeriph_Driver/src/stm32f4xx_crc.o
                                0x1d5 (size before relaxing)
 .debug_str     0x00002552      0x3ae ./Libraries/STM32F4xx_StdPeriph_Driver/src/stm32f4xx_cryp.o
                                0x547 (size before relaxing)
 .debug_str     0x00002900      0x109 ./Libraries/STM32F4xx_StdPeriph_Driver/src/stm32f4xx_cryp_aes.o
                                0x371 (size before relaxing)
 .debug_str     0x00002a09       0x5b ./Libraries/STM32F4xx_StdPeriph_Driver/src/stm32f4xx_cryp_des.o
                                0x35c (size before relaxing)
 .debug_str     0x00002a64       0xab ./Libraries/STM32F4xx_StdPeriph_Driver/src/stm32f4xx_cryp_tdes.o
                                0x362 (size before relaxing)
 .debug_str     0x00002b0f      0x271 ./Libraries/STM32F4xx_StdPeriph_Driver/src/stm32f4xx_dac.o
                                0x3dd (size before relaxing)
 .debug_str     0x00002d80       0xcf ./Libraries/STM32F4xx_StdPeriph_Driver/src/stm32f4xx_dbgmcu.o
                                0x1df (size before relaxing)
 .debug_str     0x00002e4f      0x303 ./Libraries/STM32F4xx_StdPeriph_Driver/src/stm32f4xx_dcmi.o
                                0x463 (size before relaxing)
 .debug_str     0x00003152      0x377 ./Libraries/STM32F4xx_StdPeriph_Driver/src/stm32f4xx_dma.o
                                0x4d6 (size before relaxing)
 .debug_str     0x000034c9       0xf3 ./Libraries/STM32F4xx_StdPeriph_Driver/src/stm32f4xx_exti.o
                                0x2f8 (size before relaxing)
 .debug_str     0x000035bc      0x3a0 ./Libraries/STM32F4xx_StdPeriph_Driver/src/stm32f4xx_flash.o
                                0x511 (size before relaxing)
 .debug_str     0x0000395c      0x5ce ./Libraries/STM32F4xx_StdPeriph_Driver/src/stm32f4xx_fsmc.o
                                0x71e (size before relaxing)
 .debug_str     0x00003f2a      0x18b ./Libraries/STM32F4xx_StdPeriph_Driver/src/stm32f4xx_gpio.o
                                0x42d (size before relaxing)
 .debug_str     0x000040b5      0x263 ./Libraries/STM32F4xx_StdPeriph_Driver/src/stm32f4xx_hash.o
                                0x3bc (size before relaxing)
 .debug_str     0x00004318       0xa7 ./Libraries/STM32F4xx_StdPeriph_Driver/src/stm32f4xx_hash_md5.o
                                0x27c (size before relaxing)
 .debug_str     0x000043bf       0x81 ./Libraries/STM32F4xx_StdPeriph_Driver/src/stm32f4xx_hash_sha1.o
                                0x281 (size before relaxing)
 .debug_str     0x00004440      0x407 ./Libraries/STM32F4xx_StdPeriph_Driver/src/stm32f4xx_i2c.o
                                0x5ef (size before relaxing)
 .debug_str     0x00004847       0xdb ./Libraries/STM32F4xx_StdPeriph_Driver/src/stm32f4xx_iwdg.o
                                0x1f6 (size before relaxing)
 .debug_str     0x00004922      0x157 ./Libraries/STM32F4xx_StdPeriph_Driver/src/stm32f4xx_pwr.o
                                0x304 (size before relaxing)
 .debug_str     0x00004a79      0x4f0 ./Libraries/STM32F4xx_StdPeriph_Driver/src/stm32f4xx_rcc.o
                                0x7da (size before relaxing)
 .debug_str     0x00004f69       0xd2 ./Libraries/STM32F4xx_StdPeriph_Driver/src/stm32f4xx_rng.o
                                0x20e (size before relaxing)
 .debug_str     0x0000503b      0x957 ./Libraries/STM32F4xx_StdPeriph_Driver/src/stm32f4xx_rtc.o
                                0xadd (size before relaxing)
 .debug_str     0x00005992      0x479 ./Libraries/STM32F4xx_StdPeriph_Driver/src/stm32f4xx_sdio.o
                                0x5d5 (size before relaxing)
 .debug_str     0x00005e0b      0x2e3 ./Libraries/STM32F4xx_StdPeriph_Driver/src/stm32f4xx_spi.o
                                0x614 (size before relaxing)
 .debug_str     0x000060ee      0x14d ./Libraries/STM32F4xx_StdPeriph_Driver/src/stm32f4xx_syscfg.o
                                0x289 (size before relaxing)
 .debug_str     0x0000623b      0x9e8 ./Libraries/STM32F4xx_StdPeriph_Driver/src/stm32f4xx_tim.o
                                0xd5a (size before relaxing)
 .debug_str     0x00006c23      0x423 ./Libraries/STM32F4xx_StdPeriph_Driver/src/stm32f4xx_usart.o
                                0x619 (size before relaxing)
 .debug_str     0x00007046       0xd7 ./Libraries/STM32F4xx_StdPeriph_Driver/src/stm32f4xx_wwdg.o
                                0x20c (size before relaxing)
 .debug_str     0x0000711d      0x168 ./FreeRTOS/portable/MemMang/heap_2.o
                                0x23e (size before relaxing)
 .debug_str     0x00007285      0x130 ./FreeRTOS/portable/port.o
                                0x1d7 (size before relaxing)
 .debug_str     0x000073b5      0x126 ./FreeRTOS/list.o
                                0x213 (size before relaxing)
 .debug_str     0x000074db      0x34e ./FreeRTOS/queue.o
                                0x4ed (size before relaxing)
 .debug_str     0x00007829      0x644 ./FreeRTOS/tasks.o
                                0x882 (size before relaxing)
 .debug_str     0x00007e6d      0x33c ./FreeRTOS/timers.o
                                0x4e0 (size before relaxing)

.comment        0x00000000       0x2a
 .comment       0x00000000       0x2a ./src/hw_config.o
                                 0x2b (size before relaxing)
 .comment       0x00000000       0x2b ./src/main.o
 .comment       0x00000000       0x2b ./src/stm32f4xx_it.o
 .comment       0x00000000       0x2b ./src/system_stm32f4xx.o
 .comment       0x00000000       0x2b ./src/tiny_printf.o
 .comment       0x00000000       0x2b ./Utilities/stm32f4_discovery.o
 .comment       0x00000000       0x2b ./Utilities/stm32f4_discovery_lis302dl.o
 .comment       0x00000000       0x2b ./Libraries/STM32F4xx_StdPeriph_Driver/src/misc.o
 .comment       0x00000000       0x2b ./Libraries/STM32F4xx_StdPeriph_Driver/src/stm32f4xx_adc.o
 .comment       0x00000000       0x2b ./Libraries/STM32F4xx_StdPeriph_Driver/src/stm32f4xx_can.o
 .comment       0x00000000       0x2b ./Libraries/STM32F4xx_StdPeriph_Driver/src/stm32f4xx_crc.o
 .comment       0x00000000       0x2b ./Libraries/STM32F4xx_StdPeriph_Driver/src/stm32f4xx_cryp.o
 .comment       0x00000000       0x2b ./Libraries/STM32F4xx_StdPeriph_Driver/src/stm32f4xx_cryp_aes.o
 .comment       0x00000000       0x2b ./Libraries/STM32F4xx_StdPeriph_Driver/src/stm32f4xx_cryp_des.o
 .comment       0x00000000       0x2b ./Libraries/STM32F4xx_StdPeriph_Driver/src/stm32f4xx_cryp_tdes.o
 .comment       0x00000000       0x2b ./Libraries/STM32F4xx_StdPeriph_Driver/src/stm32f4xx_dac.o
 .comment       0x00000000       0x2b ./Libraries/STM32F4xx_StdPeriph_Driver/src/stm32f4xx_dbgmcu.o
 .comment       0x00000000       0x2b ./Libraries/STM32F4xx_StdPeriph_Driver/src/stm32f4xx_dcmi.o
 .comment       0x00000000       0x2b ./Libraries/STM32F4xx_StdPeriph_Driver/src/stm32f4xx_dma.o
 .comment       0x00000000       0x2b ./Libraries/STM32F4xx_StdPeriph_Driver/src/stm32f4xx_exti.o
 .comment       0x00000000       0x2b ./Libraries/STM32F4xx_StdPeriph_Driver/src/stm32f4xx_flash.o
 .comment       0x00000000       0x2b ./Libraries/STM32F4xx_StdPeriph_Driver/src/stm32f4xx_fsmc.o
 .comment       0x00000000       0x2b ./Libraries/STM32F4xx_StdPeriph_Driver/src/stm32f4xx_gpio.o
 .comment       0x00000000       0x2b ./Libraries/STM32F4xx_StdPeriph_Driver/src/stm32f4xx_hash.o
 .comment       0x00000000       0x2b ./Libraries/STM32F4xx_StdPeriph_Driver/src/stm32f4xx_hash_md5.o
 .comment       0x00000000       0x2b ./Libraries/STM32F4xx_StdPeriph_Driver/src/stm32f4xx_hash_sha1.o
 .comment       0x00000000       0x2b ./Libraries/STM32F4xx_StdPeriph_Driver/src/stm32f4xx_i2c.o
 .comment       0x00000000       0x2b ./Libraries/STM32F4xx_StdPeriph_Driver/src/stm32f4xx_iwdg.o
 .comment       0x00000000       0x2b ./Libraries/STM32F4xx_StdPeriph_Driver/src/stm32f4xx_pwr.o
 .comment       0x00000000       0x2b ./Libraries/STM32F4xx_StdPeriph_Driver/src/stm32f4xx_rcc.o
 .comment       0x00000000       0x2b ./Libraries/STM32F4xx_StdPeriph_Driver/src/stm32f4xx_rng.o
 .comment       0x00000000       0x2b ./Libraries/STM32F4xx_StdPeriph_Driver/src/stm32f4xx_rtc.o
 .comment       0x00000000       0x2b ./Libraries/STM32F4xx_StdPeriph_Driver/src/stm32f4xx_sdio.o
 .comment       0x00000000       0x2b ./Libraries/STM32F4xx_StdPeriph_Driver/src/stm32f4xx_spi.o
 .comment       0x00000000       0x2b ./Libraries/STM32F4xx_StdPeriph_Driver/src/stm32f4xx_syscfg.o
 .comment       0x00000000       0x2b ./Libraries/STM32F4xx_StdPeriph_Driver/src/stm32f4xx_tim.o
 .comment       0x00000000       0x2b ./Libraries/STM32F4xx_StdPeriph_Driver/src/stm32f4xx_usart.o
 .comment       0x00000000       0x2b ./Libraries/STM32F4xx_StdPeriph_Driver/src/stm32f4xx_wwdg.o
 .comment       0x00000000       0x2b ./FreeRTOS/portable/MemMang/heap_2.o
 .comment       0x00000000       0x2b ./FreeRTOS/portable/port.o
 .comment       0x00000000       0x2b ./FreeRTOS/list.o
 .comment       0x00000000       0x2b ./FreeRTOS/queue.o
 .comment       0x00000000       0x2b ./FreeRTOS/tasks.o
 .comment       0x00000000       0x2b ./FreeRTOS/timers.o

.debug_frame    0x00000000     0x3970
 .debug_frame   0x00000000       0x90 ./src/hw_config.o
 .debug_frame   0x00000090       0xa0 ./src/main.o
 .debug_frame   0x00000130       0x8c ./src/stm32f4xx_it.o
 .debug_frame   0x000001bc       0x34 ./src/system_stm32f4xx.o
 .debug_frame   0x000001f0       0xe8 ./src/tiny_printf.o
 .debug_frame   0x000002d8       0x94 ./Utilities/stm32f4_discovery.o
 .debug_frame   0x0000036c      0x158 ./Utilities/stm32f4_discovery_lis302dl.o
 .debug_frame   0x000004c4       0x68 ./Libraries/STM32F4xx_StdPeriph_Driver/src/misc.o
 .debug_frame   0x0000052c      0x2ac ./Libraries/STM32F4xx_StdPeriph_Driver/src/stm32f4xx_adc.o
 .debug_frame   0x000007d8      0x1cc ./Libraries/STM32F4xx_StdPeriph_Driver/src/stm32f4xx_can.o
 .debug_frame   0x000009a4       0x78 ./Libraries/STM32F4xx_StdPeriph_Driver/src/stm32f4xx_crc.o
 .debug_frame   0x00000a1c      0x140 ./Libraries/STM32F4xx_StdPeriph_Driver/src/stm32f4xx_cryp.o
 .debug_frame   0x00000b5c       0x94 ./Libraries/STM32F4xx_StdPeriph_Driver/src/stm32f4xx_cryp_aes.o
 .debug_frame   0x00000bf0       0x60 ./Libraries/STM32F4xx_StdPeriph_Driver/src/stm32f4xx_cryp_des.o
 .debug_frame   0x00000c50       0x60 ./Libraries/STM32F4xx_StdPeriph_Driver/src/stm32f4xx_cryp_tdes.o
 .debug_frame   0x00000cb0      0x140 ./Libraries/STM32F4xx_StdPeriph_Driver/src/stm32f4xx_dac.o
 .debug_frame   0x00000df0       0x60 ./Libraries/STM32F4xx_StdPeriph_Driver/src/stm32f4xx_dbgmcu.o
 .debug_frame   0x00000e50      0x108 ./Libraries/STM32F4xx_StdPeriph_Driver/src/stm32f4xx_dcmi.o
 .debug_frame   0x00000f58      0x170 ./Libraries/STM32F4xx_StdPeriph_Driver/src/stm32f4xx_dma.o
 .debug_frame   0x000010c8       0x98 ./Libraries/STM32F4xx_StdPeriph_Driver/src/stm32f4xx_exti.o
 .debug_frame   0x00001160      0x264 ./Libraries/STM32F4xx_StdPeriph_Driver/src/stm32f4xx_flash.o
 .debug_frame   0x000013c4      0x168 ./Libraries/STM32F4xx_StdPeriph_Driver/src/stm32f4xx_fsmc.o
 .debug_frame   0x0000152c      0x118 ./Libraries/STM32F4xx_StdPeriph_Driver/src/stm32f4xx_gpio.o
 .debug_frame   0x00001644      0x138 ./Libraries/STM32F4xx_StdPeriph_Driver/src/stm32f4xx_hash.o
 .debug_frame   0x0000177c       0x5c ./Libraries/STM32F4xx_StdPeriph_Driver/src/stm32f4xx_hash_md5.o
 .debug_frame   0x000017d8       0x5c ./Libraries/STM32F4xx_StdPeriph_Driver/src/stm32f4xx_hash_sha1.o
 .debug_frame   0x00001834      0x244 ./Libraries/STM32F4xx_StdPeriph_Driver/src/stm32f4xx_i2c.o
 .debug_frame   0x00001a78       0x70 ./Libraries/STM32F4xx_StdPeriph_Driver/src/stm32f4xx_iwdg.o
 .debug_frame   0x00001ae8       0xd8 ./Libraries/STM32F4xx_StdPeriph_Driver/src/stm32f4xx_pwr.o
 .debug_frame   0x00001bc0      0x2e4 ./Libraries/STM32F4xx_StdPeriph_Driver/src/stm32f4xx_rcc.o
 .debug_frame   0x00001ea4       0x98 ./Libraries/STM32F4xx_StdPeriph_Driver/src/stm32f4xx_rng.o
 .debug_frame   0x00001f3c      0x47c ./Libraries/STM32F4xx_StdPeriph_Driver/src/stm32f4xx_rtc.o
 .debug_frame   0x000023b8      0x214 ./Libraries/STM32F4xx_StdPeriph_Driver/src/stm32f4xx_sdio.o
 .debug_frame   0x000025cc      0x1d0 ./Libraries/STM32F4xx_StdPeriph_Driver/src/stm32f4xx_spi.o
 .debug_frame   0x0000279c       0x84 ./Libraries/STM32F4xx_StdPeriph_Driver/src/stm32f4xx_syscfg.o
 .debug_frame   0x00002820      0x674 ./Libraries/STM32F4xx_StdPeriph_Driver/src/stm32f4xx_tim.o
 .debug_frame   0x00002e94      0x210 ./Libraries/STM32F4xx_StdPeriph_Driver/src/stm32f4xx_usart.o
 .debug_frame   0x000030a4       0x9c ./Libraries/STM32F4xx_StdPeriph_Driver/src/stm32f4xx_wwdg.o
 .debug_frame   0x00003140       0x68 ./FreeRTOS/portable/MemMang/heap_2.o
 .debug_frame   0x000031a8       0xc8 ./FreeRTOS/portable/port.o
 .debug_frame   0x00003270       0x68 ./FreeRTOS/list.o
 .debug_frame   0x000032d8      0x198 ./FreeRTOS/queue.o
 .debug_frame   0x00003470      0x304 ./FreeRTOS/tasks.o
 .debug_frame   0x00003774      0x11c ./FreeRTOS/timers.o
 .debug_frame   0x00003890       0x2c c:/program files/codesourcery/sourcery g++ lite/bin/../lib/gcc/arm-none-eabi/4.5.2/../../../../arm-none-eabi/lib/thumb2\libc.a(lib_a-init.o)
 .debug_frame   0x000038bc       0x2c c:/program files/codesourcery/sourcery g++ lite/bin/../lib/gcc/arm-none-eabi/4.5.2/../../../../arm-none-eabi/lib/thumb2\libc.a(lib_a-memcmp.o)
 .debug_frame   0x000038e8       0x30 c:/program files/codesourcery/sourcery g++ lite/bin/../lib/gcc/arm-none-eabi/4.5.2/../../../../arm-none-eabi/lib/thumb2\libc.a(lib_a-memcpy.o)
 .debug_frame   0x00003918       0x2c c:/program files/codesourcery/sourcery g++ lite/bin/../lib/gcc/arm-none-eabi/4.5.2/../../../../arm-none-eabi/lib/thumb2\libc.a(lib_a-memset.o)
 .debug_frame   0x00003944       0x2c c:/program files/codesourcery/sourcery g++ lite/bin/../lib/gcc/arm-none-eabi/4.5.2/../../../../arm-none-eabi/lib/thumb2\libc.a(lib_a-strncpy.o)

Cross Reference Table

Symbol                                            File
ADC_AnalogWatchdogCmd                             ./Libraries/STM32F4xx_StdPeriph_Driver/src/stm32f4xx_adc.o
ADC_AnalogWatchdogSingleChannelConfig             ./Libraries/STM32F4xx_StdPeriph_Driver/src/stm32f4xx_adc.o
ADC_AnalogWatchdogThresholdsConfig                ./Libraries/STM32F4xx_StdPeriph_Driver/src/stm32f4xx_adc.o
ADC_AutoInjectedConvCmd                           ./Libraries/STM32F4xx_StdPeriph_Driver/src/stm32f4xx_adc.o
ADC_ClearFlag                                     ./Libraries/STM32F4xx_StdPeriph_Driver/src/stm32f4xx_adc.o
ADC_ClearITPendingBit                             ./Libraries/STM32F4xx_StdPeriph_Driver/src/stm32f4xx_adc.o
ADC_Cmd                                           ./Libraries/STM32F4xx_StdPeriph_Driver/src/stm32f4xx_adc.o
ADC_CommonInit                                    ./Libraries/STM32F4xx_StdPeriph_Driver/src/stm32f4xx_adc.o
ADC_CommonStructInit                              ./Libraries/STM32F4xx_StdPeriph_Driver/src/stm32f4xx_adc.o
ADC_ContinuousModeCmd                             ./Libraries/STM32F4xx_StdPeriph_Driver/src/stm32f4xx_adc.o
ADC_DMACmd                                        ./Libraries/STM32F4xx_StdPeriph_Driver/src/stm32f4xx_adc.o
ADC_DMARequestAfterLastTransferCmd                ./Libraries/STM32F4xx_StdPeriph_Driver/src/stm32f4xx_adc.o
ADC_DeInit                                        ./Libraries/STM32F4xx_StdPeriph_Driver/src/stm32f4xx_adc.o
ADC_DiscModeChannelCountConfig                    ./Libraries/STM32F4xx_StdPeriph_Driver/src/stm32f4xx_adc.o
ADC_DiscModeCmd                                   ./Libraries/STM32F4xx_StdPeriph_Driver/src/stm32f4xx_adc.o
ADC_EOCOnEachRegularChannelCmd                    ./Libraries/STM32F4xx_StdPeriph_Driver/src/stm32f4xx_adc.o
ADC_ExternalTrigInjectedConvConfig                ./Libraries/STM32F4xx_StdPeriph_Driver/src/stm32f4xx_adc.o
ADC_ExternalTrigInjectedConvEdgeConfig            ./Libraries/STM32F4xx_StdPeriph_Driver/src/stm32f4xx_adc.o
ADC_GetConversionValue                            ./Libraries/STM32F4xx_StdPeriph_Driver/src/stm32f4xx_adc.o
ADC_GetFlagStatus                                 ./Libraries/STM32F4xx_StdPeriph_Driver/src/stm32f4xx_adc.o
ADC_GetITStatus                                   ./Libraries/STM32F4xx_StdPeriph_Driver/src/stm32f4xx_adc.o
ADC_GetInjectedConversionValue                    ./Libraries/STM32F4xx_StdPeriph_Driver/src/stm32f4xx_adc.o
ADC_GetMultiModeConversionValue                   ./Libraries/STM32F4xx_StdPeriph_Driver/src/stm32f4xx_adc.o
ADC_GetSoftwareStartConvStatus                    ./Libraries/STM32F4xx_StdPeriph_Driver/src/stm32f4xx_adc.o
ADC_GetSoftwareStartInjectedConvCmdStatus         ./Libraries/STM32F4xx_StdPeriph_Driver/src/stm32f4xx_adc.o
ADC_IRQHandler                                    ./src/startup_stm32f4xx.o
ADC_ITConfig                                      ./Libraries/STM32F4xx_StdPeriph_Driver/src/stm32f4xx_adc.o
ADC_Init                                          ./Libraries/STM32F4xx_StdPeriph_Driver/src/stm32f4xx_adc.o
ADC_InjectedChannelConfig                         ./Libraries/STM32F4xx_StdPeriph_Driver/src/stm32f4xx_adc.o
ADC_InjectedDiscModeCmd                           ./Libraries/STM32F4xx_StdPeriph_Driver/src/stm32f4xx_adc.o
ADC_InjectedSequencerLengthConfig                 ./Libraries/STM32F4xx_StdPeriph_Driver/src/stm32f4xx_adc.o
ADC_MultiModeDMARequestAfterLastTransferCmd       ./Libraries/STM32F4xx_StdPeriph_Driver/src/stm32f4xx_adc.o
ADC_RegularChannelConfig                          ./Libraries/STM32F4xx_StdPeriph_Driver/src/stm32f4xx_adc.o