Archive member included because of file (symbol)

c:/program files/codesourcery/sourcery g++ lite/bin/../lib/gcc/arm-none-eabi/4.5.2/../../../../arm-none-eabi/lib/thumb2\libc.a(lib_a-init.o)
                              ./src/startup_stm32f4xx.o (__libc_init_array)
c:/program files/codesourcery/sourcery g++ lite/bin/../lib/gcc/arm-none-eabi/4.5.2/../../../../arm-none-eabi/lib/thumb2\libc.a(lib_a-memcmp.o)
                              ./FreeRTOS/tasks.o (memcmp)
c:/program files/codesourcery/sourcery g++ lite/bin/../lib/gcc/arm-none-eabi/4.5.2/../../../../arm-none-eabi/lib/thumb2\libc.a(lib_a-memcpy.o)
                              ./FreeRTOS/queue.o (memcpy)
c:/program files/codesourcery/sourcery g++ lite/bin/../lib/gcc/arm-none-eabi/4.5.2/../../../../arm-none-eabi/lib/thumb2\libc.a(lib_a-memset.o)
                              ./FreeRTOS/tasks.o (memset)
c:/program files/codesourcery/sourcery g++ lite/bin/../lib/gcc/arm-none-eabi/4.5.2/../../../../arm-none-eabi/lib/thumb2\libc.a(lib_a-strncpy.o)
                              ./FreeRTOS/tasks.o (strncpy)

Allocating common symbols
Common symbol       size              file

xHigherPriorityTaskWoken
                    0x4               ./src/stm32f4xx_it.o
xMEMS_Task          0x4               ./src/main.o
xLED_Tasks          0x10              ./src/main.o
xQueue              0x4               ./src/main.o
xBALANCE_Task       0x4               ./src/main.o
NVIC_InitStructure  0x4               ./Utilities/stm32f4_discovery.o

Discarded input sections

 .text          0x00000000        0x0 c:/program files/codesourcery/sourcery g++ lite/bin/../lib/gcc/arm-none-eabi/4.5.2/thumb2/crti.o
 .data          0x00000000        0x0 c:/program files/codesourcery/sourcery g++ lite/bin/../lib/gcc/arm-none-eabi/4.5.2/thumb2/crti.o
 .bss           0x00000000        0x0 c:/program files/codesourcery/sourcery g++ lite/bin/../lib/gcc/arm-none-eabi/4.5.2/thumb2/crti.o
 .data          0x00000000        0x4 c:/program files/codesourcery/sourcery g++ lite/bin/../lib/gcc/arm-none-eabi/4.5.2/thumb2/crtbegin.o
 .text          0x00000000        0x0 ./src/hw_config.o
 .data          0x00000000        0x0 ./src/hw_config.o
 .bss           0x00000000        0x0 ./src/hw_config.o
 .text          0x00000000        0x0 ./src/main.o
 .data          0x00000000        0x0 ./src/main.o
 .bss           0x00000000        0x0 ./src/main.o
 .text.vApplicationMallocFailedHook
                0x00000000        0x8 ./src/main.o
 .text          0x00000000       0x14 ./src/startup_stm32f4xx.o
 .data          0x00000000        0x0 ./src/startup_stm32f4xx.o
 .bss           0x00000000        0x0 ./src/startup_stm32f4xx.o
 .text          0x00000000        0x0 ./src/stm32f4xx_it.o
 .data          0x00000000        0x0 ./src/stm32f4xx_it.o
 .bss           0x00000000        0x0 ./src/stm32f4xx_it.o
 .text          0x00000000        0x0 ./src/system_stm32f4xx.o
 .data          0x00000000        0x0 ./src/system_stm32f4xx.o
 .bss           0x00000000        0x0 ./src/system_stm32f4xx.o
 .data.AHBPrescTable
                0x00000000       0x10 ./src/system_stm32f4xx.o
 .text.SystemCoreClockUpdate
                0x00000000      0x114 ./src/system_stm32f4xx.o
 .text          0x00000000        0x0 ./src/tiny_printf.o
 .data          0x00000000        0x0 ./src/tiny_printf.o
 .bss           0x00000000        0x0 ./src/tiny_printf.o
 .text.ts_itoa  0x00000000       0x9c ./src/tiny_printf.o
 .text.ts_formatstring
                0x00000000      0x164 ./src/tiny_printf.o
 .text.ts_formatlength
                0x00000000      0x158 ./src/tiny_printf.o
 .text.sprintf  0x00000000       0x30 ./src/tiny_printf.o
 .text.fprintf  0x00000000       0xc0 ./src/tiny_printf.o
 .text.printf   0x00000000       0xbc ./src/tiny_printf.o
 .text          0x00000000        0x0 ./Utilities/stm32f4_discovery.o
 .data          0x00000000        0x0 ./Utilities/stm32f4_discovery.o
 .bss           0x00000000        0x0 ./Utilities/stm32f4_discovery.o
 .rodata.GPIO_CLK
                0x00000000       0x10 ./Utilities/stm32f4_discovery.o
 .text.STM_EVAL_LEDInit
                0x00000000       0x68 ./Utilities/stm32f4_discovery.o
 .text.STM_EVAL_LEDOn
                0x00000000       0x30 ./Utilities/stm32f4_discovery.o
 .text.STM_EVAL_LEDOff
                0x00000000       0x30 ./Utilities/stm32f4_discovery.o
 .text.STM_EVAL_PBGetState
                0x00000000       0x38 ./Utilities/stm32f4_discovery.o
 COMMON         0x00000000        0x4 ./Utilities/stm32f4_discovery.o
 .text          0x00000000        0x0 ./Utilities/stm32f4_discovery_lis302dl.o
 .data          0x00000000        0x0 ./Utilities/stm32f4_discovery_lis302dl.o
 .bss           0x00000000        0x0 ./Utilities/stm32f4_discovery_lis302dl.o
 .text.LIS302DL_FilterConfig
                0x00000000       0x68 ./Utilities/stm32f4_discovery_lis302dl.o
 .text.LIS302DL_LowpowerCmd
[...]
Memory Configuration

Name             Origin             Length             Attributes
FLASH            0x08000000         0x00100000         xr
RAM              0x20000000         0x00020000         xrw
MEMORY_B1        0x60000000         0x00000000         xr
CCMRAM           0x10000000         0x00010000         rw
*default*        0x00000000         0xffffffff

Linker script and memory map

LOAD c:/program files/codesourcery/sourcery g++ lite/bin/../lib/gcc/arm-none-eabi/4.5.2/thumb2/crti.o
LOAD c:/program files/codesourcery/sourcery g++ lite/bin/../lib/gcc/arm-none-eabi/4.5.2/thumb2/crtbegin.o
                0x00001000                malloc_getpagesize_P = 0x1000
LOAD ./src/hw_config.o
LOAD ./src/main.o
LOAD ./src/startup_stm32f4xx.o
LOAD ./src/stm32f4xx_it.o
LOAD ./src/system_stm32f4xx.o
LOAD ./src/tiny_printf.o
LOAD ./Utilities/stm32f4_discovery.o
LOAD ./Utilities/stm32f4_discovery_lis302dl.o
LOAD ./Libraries/STM32F4xx_StdPeriph_Driver/src/misc.o
LOAD ./Libraries/STM32F4xx_StdPeriph_Driver/src/stm32f4xx_adc.o
LOAD ./Libraries/STM32F4xx_StdPeriph_Driver/src/stm32f4xx_can.o
LOAD ./Libraries/STM32F4xx_StdPeriph_Driver/src/stm32f4xx_crc.o
LOAD ./Libraries/STM32F4xx_StdPeriph_Driver/src/stm32f4xx_cryp.o
LOAD ./Libraries/STM32F4xx_StdPeriph_Driver/src/stm32f4xx_cryp_aes.o
LOAD ./Libraries/STM32F4xx_StdPeriph_Driver/src/stm32f4xx_cryp_des.o
LOAD ./Libraries/STM32F4xx_StdPeriph_Driver/src/stm32f4xx_cryp_tdes.o
LOAD ./Libraries/STM32F4xx_StdPeriph_Driver/src/stm32f4xx_dac.o
LOAD ./Libraries/STM32F4xx_StdPeriph_Driver/src/stm32f4xx_dbgmcu.o
LOAD ./Libraries/STM32F4xx_StdPeriph_Driver/src/stm32f4xx_dcmi.o
LOAD ./Libraries/STM32F4xx_StdPeriph_Driver/src/stm32f4xx_dma.o
LOAD ./Libraries/STM32F4xx_StdPeriph_Driver/src/stm32f4xx_exti.o
LOAD ./Libraries/STM32F4xx_StdPeriph_Driver/src/stm32f4xx_flash.o
LOAD ./Libraries/STM32F4xx_StdPeriph_Driver/src/stm32f4xx_fsmc.o
LOAD ./Libraries/STM32F4xx_StdPeriph_Driver/src/stm32f4xx_gpio.o
LOAD ./Libraries/STM32F4xx_StdPeriph_Driver/src/stm32f4xx_hash.o
LOAD ./Libraries/STM32F4xx_StdPeriph_Driver/src/stm32f4xx_hash_md5.o
LOAD ./Libraries/STM32F4xx_StdPeriph_Driver/src/stm32f4xx_hash_sha1.o
LOAD ./Libraries/STM32F4xx_StdPeriph_Driver/src/stm32f4xx_i2c.o
LOAD ./Libraries/STM32F4xx_StdPeriph_Driver/src/stm32f4xx_iwdg.o
LOAD ./Libraries/STM32F4xx_StdPeriph_Driver/src/stm32f4xx_pwr.o
LOAD ./Libraries/STM32F4xx_StdPeriph_Driver/src/stm32f4xx_rcc.o
LOAD ./Libraries/STM32F4xx_StdPeriph_Driver/src/stm32f4xx_rng.o
LOAD ./Libraries/STM32F4xx_StdPeriph_Driver/src/stm32f4xx_rtc.o
LOAD ./Libraries/STM32F4xx_StdPeriph_Driver/src/stm32f4xx_sdio.o
LOAD ./Libraries/STM32F4xx_StdPeriph_Driver/src/stm32f4xx_spi.o
LOAD ./Libraries/STM32F4xx_StdPeriph_Driver/src/stm32f4xx_syscfg.o
LOAD ./Libraries/STM32F4xx_StdPeriph_Driver/src/stm32f4xx_tim.o
LOAD ./Libraries/STM32F4xx_StdPeriph_Driver/src/stm32f4xx_usart.o
LOAD ./Libraries/STM32F4xx_StdPeriph_Driver/src/stm32f4xx_wwdg.o
LOAD ./FreeRTOS/portable/MemMang/heap_2.o
LOAD ./FreeRTOS/portable/port.o
LOAD ./FreeRTOS/list.o
LOAD ./FreeRTOS/queue.o
LOAD ./FreeRTOS/tasks.o
LOAD ./FreeRTOS/timers.o
START GROUP
LOAD c:/program files/codesourcery/sourcery g++ lite/bin/../lib/gcc/arm-none-eabi/4.5.2/thumb2\libgcc.a
LOAD c:/program files/codesourcery/sourcery g++ lite/bin/../lib/gcc/arm-none-eabi/4.5.2/../../../../arm-none-eabi/lib/thumb2\libc.a
END GROUP
LOAD c:/program files/codesourcery/sourcery g++ lite/bin/../lib/gcc/arm-none-eabi/4.5.2/thumb2/crtend.o
LOAD c:/program files/codesourcery/sourcery g++ lite/bin/../lib/gcc/arm-none-eabi/4.5.2/thumb2/crtn.o
                0x20020000                _estack = 0x20020000
                0x00000000                _Min_Heap_Size = 0x0
                0x00000400                _Min_Stack_Size = 0x400

.isr_vector     0x08000000      0x188
                0x08000000                . = ALIGN (0x4)
 *(.isr_vector)
 .isr_vector    0x08000000      0x188 ./src/startup_stm32f4xx.o
                0x08000000                g_pfnVectors
                0x08000188                . = ALIGN (0x4)

.text           0x08000188     0x4248
                0x08000188                . = ALIGN (0x4)
 *(.text)
 .text          0x08000188       0x30 c:/program files/codesourcery/sourcery g++ lite/bin/../lib/gcc/arm-none-eabi/4.5.2/thumb2/crtbegin.o
 .text          0x080001b8       0x50 c:/program files/codesourcery/sourcery g++ lite/bin/../lib/gcc/arm-none-eabi/4.5.2/../../../../arm-none-eabi/lib/thumb2\libc.a(lib_a-init.o)
                0x080001b8                __libc_init_array
 .text          0x08000208       0x64 c:/program files/codesourcery/sourcery g++ lite/bin/../lib/gcc/arm-none-eabi/4.5.2/../../../../arm-none-eabi/lib/thumb2\libc.a(lib_a-memcmp.o)
                0x08000208                memcmp
 .text          0x0800026c      0x150 c:/program files/codesourcery/sourcery g++ lite/bin/../lib/gcc/arm-none-eabi/4.5.2/../../../../arm-none-eabi/lib/thumb2\libc.a(lib_a-memcpy.o)
                0x0800026c                memcpy
 .text          0x080003bc       0xb4 c:/program files/codesourcery/sourcery g++ lite/bin/../lib/gcc/arm-none-eabi/4.5.2/../../../../arm-none-eabi/lib/thumb2\libc.a(lib_a-memset.o)
                0x080003bc                memset
 .text          0x08000470       0x78 c:/program files/codesourcery/sourcery g++ lite/bin/../lib/gcc/arm-none-eabi/4.5.2/../../../../arm-none-eabi/lib/thumb2\libc.a(lib_a-strncpy.o)
                0x08000470                strncpy
 *(.text*)
 .text.prvSetupHardware
                0x080004e8       0x38 ./src/hw_config.o
                0x080004e8                prvSetupHardware
 .text.prvLED_Config
                0x08000520       0xa4 ./src/hw_config.o
                0x08000520                prvLED_Config
 .text.prvMEMS_Config
                0x080005c4      0x120 ./src/hw_config.o
                0x080005c4                prvMEMS_Config
 .text.LIS302DL_TIMEOUT_UserCallback
                0x080006e4        0x8 ./src/hw_config.o
                0x080006e4                LIS302DL_TIMEOUT_UserCallback
 .text.prvTIM4_Config
                0x080006ec      0x118 ./src/hw_config.o
                0x080006ec                prvTIM4_Config
 .text.main     0x08000804      0x1e0 ./src/main.o
                0x08000804                main
 .text.vMEMSTask
                0x080009e4       0x40 ./src/main.o
 .text.vBALANCETask
                0x08000a24      0x174 ./src/main.o
 .text.vLEDTask
                0x08000b98       0x28 ./src/main.o
 .text.vSWITCHTask
                0x08000bc0       0xf4 ./src/main.o
 .text.vApplicationIdleHook
                0x08000cb4       0x18 ./src/main.o
                0x08000cb4                vApplicationIdleHook
 .text.vApplicationStackOverflowHook
                0x08000ccc        0xc ./src/main.o
                0x08000ccc                vApplicationStackOverflowHook
 .text.Reset_Handler
                0x08000cd8       0x58 ./src/startup_stm32f4xx.o
                0x08000cd8                Reset_Handler
 .text.Default_Handler
                0x08000d30        0x2 ./src/startup_stm32f4xx.o
                0x08000d30                RTC_Alarm_IRQHandler
                0x08000d30                HASH_RNG_IRQHandler
                0x08000d30                EXTI2_IRQHandler
                0x08000d30                TIM8_CC_IRQHandler
                0x08000d30                TIM1_CC_IRQHandler
                0x08000d30                DMA2_Stream5_IRQHandler
                0x08000d30                DMA1_Stream5_IRQHandler
                0x08000d30                PVD_IRQHandler
                0x08000d30                SDIO_IRQHandler
                0x08000d30                TAMP_STAMP_IRQHandler
                0x08000d30                CAN2_RX1_IRQHandler
                0x08000d30                EXTI3_IRQHandler
                0x08000d30                TIM8_TRG_COM_TIM14_IRQHandler
                0x08000d30                TIM1_UP_TIM10_IRQHandler
                0x08000d30                TIM8_UP_TIM13_IRQHandler
                0x08000d30                I2C3_ER_IRQHandler
                0x08000d30                I2C2_EV_IRQHandler
                0x08000d30                DMA1_Stream2_IRQHandler
                0x08000d30                CAN1_RX0_IRQHandler
                0x08000d30                FPU_IRQHandler
                0x08000d30                OTG_HS_WKUP_IRQHandler
                0x08000d30                CAN2_SCE_IRQHandler
                0x08000d30                DMA2_Stream2_IRQHandler
                0x08000d30                SPI1_IRQHandler
                0x08000d30                TIM6_DAC_IRQHandler
                0x08000d30                TIM1_BRK_TIM9_IRQHandler
                0x08000d30                DCMI_IRQHandler
                0x08000d30                CAN2_RX0_IRQHandler
                0x08000d30                DMA2_Stream3_IRQHandler
                0x08000d30                USART6_IRQHandler
                0x08000d30                USART3_IRQHandler
                0x08000d30                CRYP_IRQHandler
                0x08000d30                CAN1_RX1_IRQHandler
                0x08000d30                UART5_IRQHandler
                0x08000d30                DMA2_Stream0_IRQHandler
                0x08000d30                TIM4_IRQHandler
                0x08000d30                I2C1_EV_IRQHandler
                0x08000d30                DMA1_Stream6_IRQHandler
                0x08000d30                DMA1_Stream1_IRQHandler
                0x08000d30                UART4_IRQHandler
                0x08000d30                TIM3_IRQHandler
                0x08000d30                RCC_IRQHandler
                0x08000d30                TIM8_BRK_TIM12_IRQHandler
                0x08000d30                Default_Handler
                0x08000d30                EXTI15_10_IRQHandler
                0x08000d30                ADC_IRQHandler
                0x08000d30                DMA1_Stream7_IRQHandler
                0x08000d30                TIM7_IRQHandler
                0x08000d30                CAN2_TX_IRQHandler
                0x08000d30                TIM5_IRQHandler
                0x08000d30                DMA2_Stream7_IRQHandler
                0x08000d30                I2C3_EV_IRQHandler
                0x08000d30                EXTI9_5_IRQHandler
                0x08000d30                RTC_WKUP_IRQHandler
                0x08000d30                ETH_WKUP_IRQHandler
                0x08000d30                SPI2_IRQHandler
                0x08000d30                OTG_HS_EP1_IN_IRQHandler
                0x08000d30                DMA1_Stream0_IRQHandler
                0x08000d30                CAN1_TX_IRQHandler
                0x08000d30                EXTI4_IRQHandler
                0x08000d30                FSMC_IRQHandler
                0x08000d30                ETH_IRQHandler
                0x08000d30                OTG_HS_EP1_OUT_IRQHandler
                0x08000d30                WWDG_IRQHandler
                0x08000d30                TIM2_IRQHandler
                0x08000d30                OTG_FS_WKUP_IRQHandler
                0x08000d30                TIM1_TRG_COM_TIM11_IRQHandler
                0x08000d30                OTG_HS_IRQHandler
                0x08000d30                EXTI1_IRQHandler
                0x08000d30                USART2_IRQHandler
                0x08000d30                I2C2_ER_IRQHandler
                0x08000d30                DMA2_Stream1_IRQHandler
                0x08000d30                CAN1_SCE_IRQHandler
                0x08000d30                FLASH_IRQHandler
                0x08000d30                DMA2_Stream4_IRQHandler
                0x08000d30                USART1_IRQHandler
                0x08000d30                OTG_FS_IRQHandler
                0x08000d30                SPI3_IRQHandler
                0x08000d30                DMA1_Stream4_IRQHandler
                0x08000d30                I2C1_ER_IRQHandler
                0x08000d30                DMA2_Stream6_IRQHandler
                0x08000d30                DMA1_Stream3_IRQHandler
 *fill*         0x08000d32        0x2 00
 .text.NMI_Handler
                0x08000d34        0xc ./src/stm32f4xx_it.o
                0x08000d34                NMI_Handler
 .text.HardFault_Handler
                0x08000d40        0x8 ./src/stm32f4xx_it.o
                0x08000d40                HardFault_Handler
 .text.MemManage_Handler
                0x08000d48        0x8 ./src/stm32f4xx_it.o
                0x08000d48                MemManage_Handler
 .text.BusFault_Handler
                0x08000d50        0x8 ./src/stm32f4xx_it.o
                0x08000d50                BusFault_Handler
 .text.UsageFault_Handler
                0x08000d58        0x8 ./src/stm32f4xx_it.o
                0x08000d58                UsageFault_Handler
 .text.DebugMon_Handler
                0x08000d60        0xc ./src/stm32f4xx_it.o
                0x08000d60                DebugMon_Handler
 .text.EXTI0_IRQHandler
                0x08000d6c       0x4c ./src/stm32f4xx_it.o
                0x08000d6c                EXTI0_IRQHandler
 .text.SystemInit
                0x08000db8       0x5c ./src/system_stm32f4xx.o
                0x08000db8                SystemInit
 .text.SetSysClock
                0x08000e14      0x100 ./src/system_stm32f4xx.o
 .text.STM_EVAL_LEDToggle
                0x08000f14       0x3c ./Utilities/stm32f4_discovery.o
                0x08000f14                STM_EVAL_LEDToggle
 .text.STM_EVAL_PBInit
                0x08000f50       0xe0 ./Utilities/stm32f4_discovery.o
                0x08000f50                STM_EVAL_PBInit
 .text.LIS302DL_Init
                0x08001030       0x5c ./Utilities/stm32f4_discovery_lis302dl.o
                0x08001030                LIS302DL_Init
 .text.LIS302DL_InterruptConfig
                0x0800108c       0x54 ./Utilities/stm32f4_discovery_lis302dl.o
                0x0800108c                LIS302DL_InterruptConfig
 .text.LIS302DL_Write
                0x080010e0       0x68 ./Utilities/stm32f4_discovery_lis302dl.o
                0x080010e0                LIS302DL_Write
 .text.LIS302DL_Read
                0x08001148       0x78 ./Utilities/stm32f4_discovery_lis302dl.o
                0x08001148                LIS302DL_Read
 .text.LIS302DL_LowLevel_Init
                0x080011c0      0x18c ./Utilities/stm32f4_discovery_lis302dl.o
 .text.LIS302DL_SendByte
                0x0800134c       0xb0 ./Utilities/stm32f4_discovery_lis302dl.o
 .text.NVIC_PriorityGroupConfig
                0x080013fc       0x24 ./Libraries/STM32F4xx_StdPeriph_Driver/src/misc.o
                0x080013fc                NVIC_PriorityGroupConfig
 .text.NVIC_Init
                0x08001420       0xd8 ./Libraries/STM32F4xx_StdPeriph_Driver/src/misc.o
                0x08001420                NVIC_Init
 .text.NVIC_SetVectorTable
                0x080014f8       0x2c ./Libraries/STM32F4xx_StdPeriph_Driver/src/misc.o
                0x080014f8                NVIC_SetVectorTable
 .text.EXTI_Init
                0x08001524       0xfc ./Libraries/STM32F4xx_StdPeriph_Driver/src/stm32f4xx_exti.o
                0x08001524                EXTI_Init
 .text.EXTI_GetITStatus
                0x08001620       0x54 ./Libraries/STM32F4xx_StdPeriph_Driver/src/stm32f4xx_exti.o
                0x08001620                EXTI_GetITStatus
 .text.EXTI_ClearITPendingBit
                0x08001674       0x1c ./Libraries/STM32F4xx_StdPeriph_Driver/src/stm32f4xx_exti.o
                0x08001674                EXTI_ClearITPendingBit
 .text.GPIO_Init
                0x08001690      0x148 ./Libraries/STM32F4xx_StdPeriph_Driver/src/stm32f4xx_gpio.o
                0x08001690                GPIO_Init
 .text.GPIO_SetBits
                0x080017d8       0x1c ./Libraries/STM32F4xx_StdPeriph_Driver/src/stm32f4xx_gpio.o
                0x080017d8                GPIO_SetBits
 .text.GPIO_ResetBits
                0x080017f4       0x1c ./Libraries/STM32F4xx_StdPeriph_Driver/src/stm32f4xx_gpio.o
                0x080017f4                GPIO_ResetBits
 .text.GPIO_PinAFConfig
                0x08001810       0xac ./Libraries/STM32F4xx_StdPeriph_Driver/src/stm32f4xx_gpio.o
                0x08001810                GPIO_PinAFConfig
 .text.RCC_AHB1PeriphClockCmd
                0x080018bc       0x44 ./Libraries/STM32F4xx_StdPeriph_Driver/src/stm32f4xx_rcc.o
                0x080018bc                RCC_AHB1PeriphClockCmd
 .text.RCC_APB1PeriphClockCmd
                0x08001900       0x44 ./Libraries/STM32F4xx_StdPeriph_Driver/src/stm32f4xx_rcc.o
                0x08001900                RCC_APB1PeriphClockCmd
 .text.RCC_APB2PeriphClockCmd
                0x08001944       0x44 ./Libraries/STM32F4xx_StdPeriph_Driver/src/stm32f4xx_rcc.o
                0x08001944                RCC_APB2PeriphClockCmd
 .text.RCC_APB1PeriphResetCmd
                0x08001988       0x44 ./Libraries/STM32F4xx_StdPeriph_Driver/src/stm32f4xx_rcc.o
                0x08001988                RCC_APB1PeriphResetCmd
 .text.RCC_APB2PeriphResetCmd
                0x080019cc       0x44 ./Libraries/STM32F4xx_StdPeriph_Driver/src/stm32f4xx_rcc.o
                0x080019cc                RCC_APB2PeriphResetCmd
 .text.SPI_I2S_DeInit
                0x08001a10       0x80 ./Libraries/STM32F4xx_StdPeriph_Driver/src/stm32f4xx_spi.o
                0x08001a10                SPI_I2S_DeInit
 .text.SPI_Init
                0x08001a90       0x98 ./Libraries/STM32F4xx_StdPeriph_Driver/src/stm32f4xx_spi.o
                0x08001a90                SPI_Init
 .text.SPI_Cmd  0x08001b28       0x40 ./Libraries/STM32F4xx_StdPeriph_Driver/src/stm32f4xx_spi.o
                0x08001b28                SPI_Cmd
 .text.SPI_I2S_ReceiveData
                0x08001b68       0x1c ./Libraries/STM32F4xx_StdPeriph_Driver/src/stm32f4xx_spi.o
                0x08001b68                SPI_I2S_ReceiveData
 .text.SPI_I2S_SendData
                0x08001b84       0x1c ./Libraries/STM32F4xx_StdPeriph_Driver/src/stm32f4xx_spi.o
                0x08001b84                SPI_I2S_SendData
 .text.SPI_I2S_GetFlagStatus
                0x08001ba0       0x40 ./Libraries/STM32F4xx_StdPeriph_Driver/src/stm32f4xx_spi.o
                0x08001ba0                SPI_I2S_GetFlagStatus
 .text.SYSCFG_EXTILineConfig
                0x08001be0       0x9c ./Libraries/STM32F4xx_StdPeriph_Driver/src/stm32f4xx_syscfg.o
                0x08001be0                SYSCFG_EXTILineConfig
 .text.TIM_TimeBaseInit
                0x08001c7c       0xdc ./Libraries/STM32F4xx_StdPeriph_Driver/src/stm32f4xx_tim.o
                0x08001c7c                TIM_TimeBaseInit
 .text.TIM_SetAutoreload
                0x08001d58       0x1c ./Libraries/STM32F4xx_StdPeriph_Driver/src/stm32f4xx_tim.o
                0x08001d58                TIM_SetAutoreload
 .text.TIM_ARRPreloadConfig
                0x08001d74       0x40 ./Libraries/STM32F4xx_StdPeriph_Driver/src/stm32f4xx_tim.o
                0x08001d74                TIM_ARRPreloadConfig
 .text.TIM_Cmd  0x08001db4       0x40 ./Libraries/STM32F4xx_StdPeriph_Driver/src/stm32f4xx_tim.o
                0x08001db4                TIM_Cmd
 .text.TIM_OC1Init
                0x08001df4      0x108 ./Libraries/STM32F4xx_StdPeriph_Driver/src/stm32f4xx_tim.o
                0x08001df4                TIM_OC1Init
 .text.TIM_OC2Init
                0x08001efc      0x130 ./Libraries/STM32F4xx_StdPeriph_Driver/src/stm32f4xx_tim.o
                0x08001efc                TIM_OC2Init
 .text.TIM_OC3Init
                0x0800202c      0x12c ./Libraries/STM32F4xx_StdPeriph_Driver/src/stm32f4xx_tim.o
                0x0800202c                TIM_OC3Init
 .text.TIM_OC4Init
                0x08002158       0xe4 ./Libraries/STM32F4xx_StdPeriph_Driver/src/stm32f4xx_tim.o
                0x08002158                TIM_OC4Init
 .text.TIM_SetCompare1
                0x0800223c       0x1c ./Libraries/STM32F4xx_StdPeriph_Driver/src/stm32f4xx_tim.o
                0x0800223c                TIM_SetCompare1
 .text.TIM_SetCompare2
                0x08002258       0x1c ./Libraries/STM32F4xx_StdPeriph_Driver/src/stm32f4xx_tim.o
                0x08002258                TIM_SetCompare2
 .text.TIM_SetCompare3
                0x08002274       0x1c ./Libraries/STM32F4xx_StdPeriph_Driver/src/stm32f4xx_tim.o
                0x08002274                TIM_SetCompare3
 .text.TIM_SetCompare4
                0x08002290       0x1c ./Libraries/STM32F4xx_StdPeriph_Driver/src/stm32f4xx_tim.o
                0x08002290                TIM_SetCompare4
 .text.TIM_OC1PreloadConfig
                0x080022ac       0x3c ./Libraries/STM32F4xx_StdPeriph_Driver/src/stm32f4xx_tim.o
                0x080022ac                TIM_OC1PreloadConfig
 .text.TIM_OC2PreloadConfig
                0x080022e8       0x40 ./Libraries/STM32F4xx_StdPeriph_Driver/src/stm32f4xx_tim.o
                0x080022e8                TIM_OC2PreloadConfig
 .text.TIM_OC3PreloadConfig
                0x08002328       0x3c ./Libraries/STM32F4xx_StdPeriph_Driver/src/stm32f4xx_tim.o
                0x08002328                TIM_OC3PreloadConfig
 .text.TIM_OC4PreloadConfig
                0x08002364       0x40 ./Libraries/STM32F4xx_StdPeriph_Driver/src/stm32f4xx_tim.o
                0x08002364                TIM_OC4PreloadConfig
 .text.TIM_CCxCmd
                0x080023a4       0x60 ./Libraries/STM32F4xx_StdPeriph_Driver/src/stm32f4xx_tim.o
                0x080023a4                TIM_CCxCmd
 .text.pvPortMalloc
                0x08002404      0x15c ./FreeRTOS/portable/MemMang/heap_2.o
                0x08002404                pvPortMalloc
 .text.vPortFree
                0x08002560       0x7c ./FreeRTOS/portable/MemMang/heap_2.o
                0x08002560                vPortFree
 .text.xPortGetFreeHeapSize
                0x080025dc       0x14 ./FreeRTOS/portable/MemMang/heap_2.o
                0x080025dc                xPortGetFreeHeapSize
 .text.pxPortInitialiseStack
                0x080025f0       0x60 ./FreeRTOS/portable/port.o
                0x080025f0                pxPortInitialiseStack
 .text.SVC_Handler
                0x08002650       0x20 ./FreeRTOS/portable/port.o
                0x08002650                SVC_Handler
 .text.vPortStartFirstTask
                0x08002670       0x14 ./FreeRTOS/portable/port.o
                0x08002670                vPortStartFirstTask
 .text.xPortStartScheduler
                0x08002684       0x3c ./FreeRTOS/portable/port.o
                0x08002684                xPortStartScheduler
 .text.vPortYieldFromISR
                0x080026c0       0x18 ./FreeRTOS/portable/port.o
                0x080026c0                vPortYieldFromISR
 .text.vPortEnterCritical
                0x080026d8       0x24 ./FreeRTOS/portable/port.o
                0x080026d8                vPortEnterCritical
 .text.vPortExitCritical
                0x080026fc       0x2c ./FreeRTOS/portable/port.o
                0x080026fc                vPortExitCritical
 .text.PendSV_Handler
                0x08002728       0x3c ./FreeRTOS/portable/port.o
                0x08002728                PendSV_Handler
 .text.SysTick_Handler
                0x08002764       0x34 ./FreeRTOS/portable/port.o
                0x08002764                SysTick_Handler
 .text.prvSetupTimerInterrupt
                0x08002798       0x24 ./FreeRTOS/portable/port.o
 .text.vListInitialise
                0x080027bc       0x48 ./FreeRTOS/list.o
                0x080027bc                vListInitialise
 .text.vListInitialiseItem
                0x08002804       0x1c ./FreeRTOS/list.o
                0x08002804                vListInitialiseItem
 .text.vListInsertEnd
                0x08002820       0x50 ./FreeRTOS/list.o
                0x08002820                vListInsertEnd
 .text.vListInsert
                0x08002870       0x74 ./FreeRTOS/list.o
                0x08002870                vListInsert
 .text.vListRemove
                0x080028e4       0x54 ./FreeRTOS/list.o
                0x080028e4                vListRemove
 .text.xQueueCreate
                0x08002938       0xe0 ./FreeRTOS/queue.o
                0x08002938                xQueueCreate
 .text.xQueueGenericSend
                0x08002a18      0x154 ./FreeRTOS/queue.o
                0x08002a18                xQueueGenericSend
 .text.xQueueGenericSendFromISR
                0x08002b6c       0xd4 ./FreeRTOS/queue.o
                0x08002b6c                xQueueGenericSendFromISR
 .text.xQueueGenericReceive
                0x08002c40      0x190 ./FreeRTOS/queue.o
                0x08002c40                xQueueGenericReceive
 .text.prvCopyDataToQueue
                0x08002dd0       0xa8 ./FreeRTOS/queue.o
 .text.prvCopyDataFromQueue
                0x08002e78       0x50 ./FreeRTOS/queue.o
 .text.prvUnlockQueue
                0x08002ec8       0xa0 ./FreeRTOS/queue.o
 .text.prvIsQueueEmpty
                0x08002f68       0x2c ./FreeRTOS/queue.o
 .text.prvIsQueueFull
                0x08002f94       0x30 ./FreeRTOS/queue.o
 .text.vQueueWaitForMessageRestricted
                0x08002fc4       0x5c ./FreeRTOS/queue.o
                0x08002fc4                vQueueWaitForMessageRestricted
 .text.xTaskGenericCreate
                0x08003020      0x1ac ./FreeRTOS/tasks.o
                0x08003020                xTaskGenericCreate
 .text.vTaskDelay
                0x080031cc       0x58 ./FreeRTOS/tasks.o
                0x080031cc                vTaskDelay
 .text.vTaskSuspend
                0x08003224       0xa4 ./FreeRTOS/tasks.o
                0x08003224                vTaskSuspend
 .text.xTaskIsTaskSuspended
                0x080032c8       0x5c ./FreeRTOS/tasks.o
                0x080032c8                xTaskIsTaskSuspended
 .text.vTaskResume
                0x08003324       0xac ./FreeRTOS/tasks.o
                0x08003324                vTaskResume
 .text.vTaskStartScheduler
                0x080033d0       0x88 ./FreeRTOS/tasks.o
                0x080033d0                vTaskStartScheduler
 .text.vTaskSuspendAll
                0x08003458       0x1c ./FreeRTOS/tasks.o
                0x08003458                vTaskSuspendAll
 .text.xTaskResumeAll
                0x08003474      0x124 ./FreeRTOS/tasks.o
                0x08003474                xTaskResumeAll
 .text.xTaskGetTickCount
                0x08003598       0x24 ./FreeRTOS/tasks.o
                0x08003598                xTaskGetTickCount
 .text.vTaskIncrementTick
                0x080035bc      0x154 ./FreeRTOS/tasks.o
                0x080035bc                vTaskIncrementTick
 .text.vTaskSwitchContext
                0x08003710      0x114 ./FreeRTOS/tasks.o
                0x08003710                vTaskSwitchContext
 .text.vTaskPlaceOnEventList
                0x08003824       0x78 ./FreeRTOS/tasks.o
                0x08003824                vTaskPlaceOnEventList
 .text.vTaskPlaceOnEventListRestricted
                0x0800389c       0x58 ./FreeRTOS/tasks.o
                0x0800389c                vTaskPlaceOnEventListRestricted
 .text.xTaskRemoveFromEventList
                0x080038f4       0xc4 ./FreeRTOS/tasks.o
                0x080038f4                xTaskRemoveFromEventList
 .text.vTaskSetTimeOutState
                0x080039b8       0x3c ./FreeRTOS/tasks.o
                0x080039b8                vTaskSetTimeOutState
 .text.xTaskCheckForTimeOut
                0x080039f4       0xb4 ./FreeRTOS/tasks.o
                0x080039f4                xTaskCheckForTimeOut
 .text.vTaskMissedYield
                0x08003aa8       0x18 ./FreeRTOS/tasks.o
                0x08003aa8                vTaskMissedYield
 .text.prvIdleTask
                0x08003ac0       0x24 ./FreeRTOS/tasks.o
 .text.prvInitialiseTCBVariables
                0x08003ae4       0x78 ./FreeRTOS/tasks.o
 .text.prvInitialiseTaskLists
                0x08003b5c       0x88 ./FreeRTOS/tasks.o
 .text.prvCheckTasksWaitingTermination
                0x08003be4       0x7c ./FreeRTOS/tasks.o
 .text.prvAddCurrentTaskToDelayedList
                0x08003c60       0x70 ./FreeRTOS/tasks.o
 .text.prvAllocateTCBAndStack
                0x08003cd0       0x74 ./FreeRTOS/tasks.o
 .text.prvDeleteTCB
                0x08003d44       0x20 ./FreeRTOS/tasks.o
 .text.xTaskGetSchedulerState
                0x08003d64       0x44 ./FreeRTOS/tasks.o
                0x08003d64                xTaskGetSchedulerState
 .text.xTimerCreateTimerTask
                0x08003da8       0x6c ./FreeRTOS/timers.o
                0x08003da8                xTimerCreateTimerTask
 .text.xTimerGenericCommand
                0x08003e14       0x98 ./FreeRTOS/timers.o
                0x08003e14                xTimerGenericCommand
 .text.prvProcessExpiredTimer
                0x08003eac       0x80 ./FreeRTOS/timers.o
 .text.prvTimerTask
                0x08003f2c       0x24 ./FreeRTOS/timers.o
 .text.prvProcessTimerOrBlockTask
                0x08003f50       0x74 ./FreeRTOS/timers.o
 .text.prvGetNextExpireTime
                0x08003fc4       0x48 ./FreeRTOS/timers.o
 .text.prvSampleTimeNow
                0x0800400c       0x4c ./FreeRTOS/timers.o
 .text.prvInsertTimerInActiveList
                0x08004058       0x90 ./FreeRTOS/timers.o
 .text.prvProcessReceivedCommands
                0x080040e8      0x118 ./FreeRTOS/timers.o
 .text.prvSwitchTimerLists
                0x08004200       0xc4 ./FreeRTOS/timers.o
 .text.prvCheckForValidListAndQueue
                0x080042c4       0x54 ./FreeRTOS/timers.o
 *(.rodata)
 .rodata        0x08004318       0x38 ./src/main.o
 .rodata        0x08004350        0x8 ./FreeRTOS/tasks.o
 .rodata        0x08004358        0x8 ./FreeRTOS/timers.o
 *(.rodata*)
 .rodata.LEDS   0x08004360       0x20 ./src/main.o
 .rodata.GPIO_PIN
                0x08004380        0x8 ./Utilities/stm32f4_discovery.o
                0x08004380                GPIO_PIN
 .rodata.BUTTON_PIN
                0x08004388        0x4 ./Utilities/stm32f4_discovery.o
                0x08004388                BUTTON_PIN
 .rodata.BUTTON_CLK
                0x0800438c        0x4 ./Utilities/stm32f4_discovery.o
                0x0800438c                BUTTON_CLK
 .rodata.BUTTON_EXTI_LINE
                0x08004390        0x4 ./Utilities/stm32f4_discovery.o
                0x08004390                BUTTON_EXTI_LINE
 .rodata.BUTTON_PORT_SOURCE
                0x08004394        0x4 ./Utilities/stm32f4_discovery.o
                0x08004394                BUTTON_PORT_SOURCE
 .rodata.BUTTON_PIN_SOURCE
                0x08004398        0x4 ./Utilities/stm32f4_discovery.o
                0x08004398                BUTTON_PIN_SOURCE
 .rodata.BUTTON_IRQn
                0x0800439c        0x4 ./Utilities/stm32f4_discovery.o
                0x0800439c                BUTTON_IRQn
 .rodata.heapSTRUCT_SIZE
                0x080043a0        0x2 ./FreeRTOS/portable/MemMang/heap_2.o
 *fill*         0x080043a2        0x2 00
 .rodata.ucExpectedStackBytes.5767
                0x080043a4       0x14 ./FreeRTOS/tasks.o
 *(.glue_7)
 .glue_7        0x00000000        0x0 linker stubs
 *(.glue_7t)
 .glue_7t       0x00000000        0x0 linker stubs
 *(.eh_frame)
 *(.init)
 .init          0x080043b8        0x4 c:/program files/codesourcery/sourcery g++ lite/bin/../lib/gcc/arm-none-eabi/4.5.2/thumb2/crti.o
                0x080043b8                _init
 .init          0x080043bc        0x8 c:/program files/codesourcery/sourcery g++ lite/bin/../lib/gcc/arm-none-eabi/4.5.2/thumb2/crtn.o
 *(.fini)
 .fini          0x080043c4        0x4 c:/program files/codesourcery/sourcery g++ lite/bin/../lib/gcc/arm-none-eabi/4.5.2/thumb2/crti.o
                0x080043c4                _fini
 .fini          0x080043c8        0x8 c:/program files/codesourcery/sourcery g++ lite/bin/../lib/gcc/arm-none-eabi/4.5.2/thumb2/crtn.o
                0x080043d0                . = ALIGN (0x4)
                0x080043d0                _etext = .

.vfp11_veneer   0x080043d0        0x0
 .vfp11_veneer  0x00000000        0x0 linker stubs

.v4_bx          0x080043d0        0x0
 .v4_bx         0x00000000        0x0 linker stubs

.ARM.extab
 *(.ARM.extab* .gnu.linkonce.armextab.*)

.ARM            0x080043d0        0x0
                0x080043d0                __exidx_start = .
 *(.ARM.exidx*)
                0x080043d0                __exidx_end = .

.preinit_array  0x080043d0        0x0
                0x080043d0                PROVIDE (__preinit_array_start, .)
 *(.preinit_array*)
                0x080043d0                PROVIDE (__preinit_array_end, .)

.init_array     0x080043d0        0x4
                0x080043d0                PROVIDE (__init_array_start, .)
 *(SORT(.init_array.*))
 *(.init_array*)
 .init_array    0x080043d0        0x4 c:/program files/codesourcery/sourcery g++ lite/bin/../lib/gcc/arm-none-eabi/4.5.2/thumb2/crtbegin.o
                0x080043d4                PROVIDE (__init_array_end, .)

.fini_array     0x080043d4        0x4
                0x080043d4                PROVIDE (__fini_array_start, .)
 *(SORT(.fini_array.*))
 *(.fini_array*)
 .fini_array    0x080043d4        0x4 c:/program files/codesourcery/sourcery g++ lite/bin/../lib/gcc/arm-none-eabi/4.5.2/thumb2/crtbegin.o
                0x080043d8                PROVIDE (__fini_array_end, .)
                0x080043d8                _sidata = LOADADDR (.data)

.data           0x20000000       0x28 load address 0x080043d8
                0x20000000                . = ALIGN (0x4)
                0x20000000                _sdata = .
 *(.data)
 *(.data*)
 .data.SystemCoreClock
                0x20000000        0x4 ./src/system_stm32f4xx.o
                0x20000000                SystemCoreClock
 .data.GPIO_PORT
                0x20000004       0x10 ./Utilities/stm32f4_discovery.o
                0x20000004                GPIO_PORT
 .data.BUTTON_PORT
                0x20000014        0x4 ./Utilities/stm32f4_discovery.o
                0x20000014                BUTTON_PORT
 .data.LIS302DLTimeout
                0x20000018        0x4 ./Utilities/stm32f4_discovery_lis302dl.o
                0x20000018                LIS302DLTimeout
 .data.xFreeBytesRemaining
                0x2000001c        0x4 ./FreeRTOS/portable/MemMang/heap_2.o
 .data.uxCriticalNesting
                0x20000020        0x4 ./FreeRTOS/portable/port.o
 .data.xNextTaskUnblockTime
                0x20000024        0x4 ./FreeRTOS/tasks.o
                0x20000028                . = ALIGN (0x4)
                0x20000028                _edata = .
                0x08004400                _siccmram = LOADADDR (.ccmram)

.jcr            0x20000028        0x0 load address 0x08004400
 .jcr           0x20000028        0x0 c:/program files/codesourcery/sourcery g++ lite/bin/../lib/gcc/arm-none-eabi/4.5.2/thumb2/crtbegin.o

.ccmram         0x10000000        0x0 load address 0x08004400
                0x10000000                . = ALIGN (0x4)
                0x10000000                _sccmram = .
 *(.ccmram)
 *(.ccmram*)
                0x10000000                . = ALIGN (0x4)
                0x10000000                _eccmram = .
                0x10000000                . = ALIGN (0x4)

.bss            0x20000028     0xc97c
                0x20000028                _sbss = .
                0x20000028                __bss_start__ = _sbss
 *(.bss)
 .bss           0x20000028        0x1 c:/program files/codesourcery/sourcery g++ lite/bin/../lib/gcc/arm-none-eabi/4.5.2/thumb2/crtbegin.o
 *(.bss*)
 *fill*         0x20000029        0x3 00
 .bss.xSemaphoreSW
                0x2000002c        0x4 ./src/main.o
                0x2000002c                xSemaphoreSW
 .bss.i.7516    0x20000030        0x4 ./src/main.o
 *fill*         0x20000034        0x4 00
 .bss.xHeap     0x20000038     0xc800 ./FreeRTOS/portable/MemMang/heap_2.o
 .bss.xStart    0x2000c838        0x8 ./FreeRTOS/portable/MemMang/heap_2.o
 .bss.xEnd      0x2000c840        0x8 ./FreeRTOS/portable/MemMang/heap_2.o
 .bss.xHeapHasBeenInitialised.4687
                0x2000c848        0x4 ./FreeRTOS/portable/MemMang/heap_2.o
 .bss.pxCurrentTCB
                0x2000c84c        0x4 ./FreeRTOS/tasks.o
                0x2000c84c                pxCurrentTCB
 .bss.pxReadyTasksLists
                0x2000c850       0x64 ./FreeRTOS/tasks.o
 .bss.xDelayedTaskList1
                0x2000c8b4       0x14 ./FreeRTOS/tasks.o
 .bss.xDelayedTaskList2
                0x2000c8c8       0x14 ./FreeRTOS/tasks.o
 .bss.pxDelayedTaskList
                0x2000c8dc        0x4 ./FreeRTOS/tasks.o
 .bss.pxOverflowDelayedTaskList
                0x2000c8e0        0x4 ./FreeRTOS/tasks.o
 .bss.xPendingReadyList
                0x2000c8e4       0x14 ./FreeRTOS/tasks.o
 .bss.xTasksWaitingTermination
                0x2000c8f8       0x14 ./FreeRTOS/tasks.o
 .bss.uxTasksDeleted
                0x2000c90c        0x4 ./FreeRTOS/tasks.o
 .bss.xSuspendedTaskList
                0x2000c910       0x14 ./FreeRTOS/tasks.o
 .bss.uxCurrentNumberOfTasks
                0x2000c924        0x4 ./FreeRTOS/tasks.o
 .bss.xTickCount
                0x2000c928        0x4 ./FreeRTOS/tasks.o
 .bss.uxTopUsedPriority
                0x2000c92c        0x4 ./FreeRTOS/tasks.o
 .bss.uxTopReadyPriority
                0x2000c930        0x4 ./FreeRTOS/tasks.o
 .bss.xSchedulerRunning
                0x2000c934        0x4 ./FreeRTOS/tasks.o
 .bss.uxSchedulerSuspended
                0x2000c938        0x4 ./FreeRTOS/tasks.o
 .bss.uxMissedTicks
                0x2000c93c        0x4 ./FreeRTOS/tasks.o
 .bss.xMissedYield
                0x2000c940        0x4 ./FreeRTOS/tasks.o
 .bss.xNumOfOverflows
                0x2000c944        0x4 ./FreeRTOS/tasks.o
 .bss.uxTaskNumber
                0x2000c948        0x4 ./FreeRTOS/tasks.o
 .bss.xActiveTimerList1
                0x2000c94c       0x14 ./FreeRTOS/timers.o
 .bss.xActiveTimerList2
                0x2000c960       0x14 ./FreeRTOS/timers.o
 .bss.pxCurrentTimerList
                0x2000c974        0x4 ./FreeRTOS/timers.o
 .bss.pxOverflowTimerList
                0x2000c978        0x4 ./FreeRTOS/timers.o
 .bss.xTimerQueue
                0x2000c97c        0x4 ./FreeRTOS/timers.o
 .bss.xLastTime.4274
                0x2000c980        0x4 ./FreeRTOS/timers.o
 *(COMMON)
 COMMON         0x2000c984       0x1c ./src/main.o
                0x2000c984                xMEMS_Task
                0x2000c988                xLED_Tasks
                0x2000c998                xQueue
                0x2000c99c                xBALANCE_Task
 COMMON         0x2000c9a0        0x4 ./src/stm32f4xx_it.o
                0x2000c9a0                xHigherPriorityTaskWoken
                0x2000c9a4                . = ALIGN (0x4)
                0x2000c9a4                _ebss = .
                0x2000c9a4                __bss_end__ = _ebss

._user_heap_stack
                0x2000c9a4      0x400
                0x2000c9a4                . = ALIGN (0x4)
                0x2000c9a4                PROVIDE (end, .)
                0x2000c9a4                PROVIDE (_end, .)
                0x2000c9a4                . = (. + _Min_Heap_Size)
                0x2000cda4                . = (. + _Min_Stack_Size)
 *fill*         0x2000c9a4      0x400 00
                0x2000cda4                . = ALIGN (0x4)

.memory_b1_text
 *(.mb1text)
 *(.mb1text*)
 *(.mb1rodata)
 *(.mb1rodata*)

/DISCARD/
 libc.a(*)
 libm.a(*)
 libgcc.a(*)

.ARM.attributes
                0x00000000       0x2d
 *(.ARM.attributes)
 .ARM.attributes
                0x00000000       0x19 c:/program files/codesourcery/sourcery g++ lite/bin/../lib/gcc/arm-none-eabi/4.5.2/thumb2/crti.o
 .ARM.attributes
                0x00000019       0x29 c:/program files/codesourcery/sourcery g++ lite/bin/../lib/gcc/arm-none-eabi/4.5.2/thumb2/crtbegin.o
 .ARM.attributes
                0x00000042       0x31 ./src/hw_config.o
 .ARM.attributes
                0x00000073       0x31 ./src/main.o
 .ARM.attributes
                0x000000a4       0x21 ./src/startup_stm32f4xx.o
 .ARM.attributes
                0x000000c5       0x31 ./src/stm32f4xx_it.o
 .ARM.attributes
                0x000000f6       0x31 ./src/system_stm32f4xx.o
 .ARM.attributes
                0x00000127       0x31 ./src/tiny_printf.o
 .ARM.attributes
                0x00000158       0x31 ./Utilities/stm32f4_discovery.o
 .ARM.attributes
                0x00000189       0x31 ./Utilities/stm32f4_discovery_lis302dl.o
 .ARM.attributes
                0x000001ba       0x31 ./Libraries/STM32F4xx_StdPeriph_Driver/src/misc.o
 .ARM.attributes
                0x000001eb       0x31 ./Libraries/STM32F4xx_StdPeriph_Driver/src/stm32f4xx_adc.o
 .ARM.attributes
                0x0000021c       0x31 ./Libraries/STM32F4xx_StdPeriph_Driver/src/stm32f4xx_can.o
 .ARM.attributes
                0x0000024d       0x31 ./Libraries/STM32F4xx_StdPeriph_Driver/src/stm32f4xx_crc.o
 .ARM.attributes
                0x0000027e       0x31 ./Libraries/STM32F4xx_StdPeriph_Driver/src/stm32f4xx_cryp.o
 .ARM.attributes
                0x000002af       0x31 ./Libraries/STM32F4xx_StdPeriph_Driver/src/stm32f4xx_cryp_aes.o
 .ARM.attributes
                0x000002e0       0x31 ./Libraries/STM32F4xx_StdPeriph_Driver/src/stm32f4xx_cryp_des.o
 .ARM.attributes
                0x00000311       0x31 ./Libraries/STM32F4xx_StdPeriph_Driver/src/stm32f4xx_cryp_tdes.o
 .ARM.attributes
                0x00000342       0x31 ./Libraries/STM32F4xx_StdPeriph_Driver/src/stm32f4xx_dac.o
 .ARM.attributes
                0x00000373       0x31 ./Libraries/STM32F4xx_StdPeriph_Driver/src/stm32f4xx_dbgmcu.o
 .ARM.attributes
                0x000003a4       0x31 ./Libraries/STM32F4xx_StdPeriph_Driver/src/stm32f4xx_dcmi.o
 .ARM.attributes
                0x000003d5       0x31 ./Libraries/STM32F4xx_StdPeriph_Driver/src/stm32f4xx_dma.o
 .ARM.attributes
                0x00000406       0x31 ./Libraries/STM32F4xx_StdPeriph_Driver/src/stm32f4xx_exti.o
 .ARM.attributes
                0x00000437       0x31 ./Libraries/STM32F4xx_StdPeriph_Driver/src/stm32f4xx_flash.o
 .ARM.attributes
                0x00000468       0x31 ./Libraries/STM32F4xx_StdPeriph_Driver/src/stm32f4xx_fsmc.o
 .ARM.attributes
                0x00000499       0x31 ./Libraries/STM32F4xx_StdPeriph_Driver/src/stm32f4xx_gpio.o
 .ARM.attributes
                0x000004ca       0x31 ./Libraries/STM32F4xx_StdPeriph_Driver/src/stm32f4xx_hash.o
 .ARM.attributes
                0x000004fb       0x31 ./Libraries/STM32F4xx_StdPeriph_Driver/src/stm32f4xx_hash_md5.o
 .ARM.attributes
                0x0000052c       0x31 ./Libraries/STM32F4xx_StdPeriph_Driver/src/stm32f4xx_hash_sha1.o
 .ARM.attributes
                0x0000055d       0x31 ./Libraries/STM32F4xx_StdPeriph_Driver/src/stm32f4xx_i2c.o
 .ARM.attributes
                0x0000058e       0x31 ./Libraries/STM32F4xx_StdPeriph_Driver/src/stm32f4xx_iwdg.o
 .ARM.attributes
                0x000005bf       0x31 ./Libraries/STM32F4xx_StdPeriph_Driver/src/stm32f4xx_pwr.o
 .ARM.attributes
                0x000005f0       0x31 ./Libraries/STM32F4xx_StdPeriph_Driver/src/stm32f4xx_rcc.o
 .ARM.attributes
                0x00000621       0x31 ./Libraries/STM32F4xx_StdPeriph_Driver/src/stm32f4xx_rng.o
 .ARM.attributes
                0x00000652       0x31 ./Libraries/STM32F4xx_StdPeriph_Driver/src/stm32f4xx_rtc.o
 .ARM.attributes
                0x00000683       0x31 ./Libraries/STM32F4xx_StdPeriph_Driver/src/stm32f4xx_sdio.o
 .ARM.attributes
                0x000006b4       0x31 ./Libraries/STM32F4xx_StdPeriph_Driver/src/stm32f4xx_spi.o
 .ARM.attributes
                0x000006e5       0x31 ./Libraries/STM32F4xx_StdPeriph_Driver/src/stm32f4xx_syscfg.o
 .ARM.attributes
                0x00000716       0x31 ./Libraries/STM32F4xx_StdPeriph_Driver/src/stm32f4xx_tim.o
 .ARM.attributes
                0x00000747       0x31 ./Libraries/STM32F4xx_StdPeriph_Driver/src/stm32f4xx_usart.o
 .ARM.attributes
                0x00000778       0x31 ./Libraries/STM32F4xx_StdPeriph_Driver/src/stm32f4xx_wwdg.o
 .ARM.attributes
                0x000007a9       0x31 ./FreeRTOS/portable/MemMang/heap_2.o
 .ARM.attributes
                0x000007da       0x31 ./FreeRTOS/portable/port.o
 .ARM.attributes
                0x0000080b       0x31 ./FreeRTOS/list.o
 .ARM.attributes
                0x0000083c       0x31 ./FreeRTOS/queue.o
 .ARM.attributes
                0x0000086d       0x31 ./FreeRTOS/tasks.o
 .ARM.attributes
                0x0000089e       0x31 ./FreeRTOS/timers.o
 .ARM.attributes
                0x000008cf       0x29 c:/program files/codesourcery/sourcery g++ lite/bin/../lib/gcc/arm-none-eabi/4.5.2/../../../../arm-none-eabi/lib/thumb2\libc.a(lib_a-init.o)
 .ARM.attributes
                0x000008f8       0x29 c:/program files/codesourcery/sourcery g++ lite/bin/../lib/gcc/arm-none-eabi/4.5.2/../../../../arm-none-eabi/lib/thumb2\libc.a(lib_a-memcmp.o)
 .ARM.attributes
                0x00000921       0x29 c:/program files/codesourcery/sourcery g++ lite/bin/../lib/gcc/arm-none-eabi/4.5.2/../../../../arm-none-eabi/lib/thumb2\libc.a(lib_a-memcpy.o)
 .ARM.attributes
                0x0000094a       0x29 c:/program files/codesourcery/sourcery g++ lite/bin/../lib/gcc/arm-none-eabi/4.5.2/../../../../arm-none-eabi/lib/thumb2\libc.a(lib_a-memset.o)
 .ARM.attributes
                0x00000973       0x29 c:/program files/codesourcery/sourcery g++ lite/bin/../lib/gcc/arm-none-eabi/4.5.2/../../../../arm-none-eabi/lib/thumb2\libc.a(lib_a-strncpy.o)
 .ARM.attributes
                0x0000099c       0x29 c:/program files/codesourcery/sourcery g++ lite/bin/../lib/gcc/arm-none-eabi/4.5.2/thumb2/crtend.o
 .ARM.attributes
                0x000009c5       0x19 c:/program files/codesourcery/sourcery g++ lite/bin/../lib/gcc/arm-none-eabi/4.5.2/thumb2/crtn.o
OUTPUT(STM32F4_FreeRTOS.elf elf32-littlearm)

.comment        0x00000000       0x2a
 .comment       0x00000000       0x2a ./src/hw_config.o
                                 0x2b (size before relaxing)
 .comment       0x00000000       0x2b ./src/main.o
 .comment       0x00000000       0x2b ./src/stm32f4xx_it.o
 .comment       0x00000000       0x2b ./src/system_stm32f4xx.o
 .comment       0x00000000       0x2b ./src/tiny_printf.o
 .comment       0x00000000       0x2b ./Utilities/stm32f4_discovery.o
 .comment       0x00000000       0x2b ./Utilities/stm32f4_discovery_lis302dl.o
 .comment       0x00000000       0x2b ./Libraries/STM32F4xx_StdPeriph_Driver/src/misc.o
 .comment       0x00000000       0x2b ./Libraries/STM32F4xx_StdPeriph_Driver/src/stm32f4xx_adc.o
 .comment       0x00000000       0x2b ./Libraries/STM32F4xx_StdPeriph_Driver/src/stm32f4xx_can.o
 .comment       0x00000000       0x2b ./Libraries/STM32F4xx_StdPeriph_Driver/src/stm32f4xx_crc.o
 .comment       0x00000000       0x2b ./Libraries/STM32F4xx_StdPeriph_Driver/src/stm32f4xx_cryp.o
 .comment       0x00000000       0x2b ./Libraries/STM32F4xx_StdPeriph_Driver/src/stm32f4xx_cryp_aes.o
 .comment       0x00000000       0x2b ./Libraries/STM32F4xx_StdPeriph_Driver/src/stm32f4xx_cryp_des.o
 .comment       0x00000000       0x2b ./Libraries/STM32F4xx_StdPeriph_Driver/src/stm32f4xx_cryp_tdes.o
 .comment       0x00000000       0x2b ./Libraries/STM32F4xx_StdPeriph_Driver/src/stm32f4xx_dac.o
 .comment       0x00000000       0x2b ./Libraries/STM32F4xx_StdPeriph_Driver/src/stm32f4xx_dbgmcu.o
 .comment       0x00000000       0x2b ./Libraries/STM32F4xx_StdPeriph_Driver/src/stm32f4xx_dcmi.o
 .comment       0x00000000       0x2b ./Libraries/STM32F4xx_StdPeriph_Driver/src/stm32f4xx_dma.o
 .comment       0x00000000       0x2b ./Libraries/STM32F4xx_StdPeriph_Driver/src/stm32f4xx_exti.o
 .comment       0x00000000       0x2b ./Libraries/STM32F4xx_StdPeriph_Driver/src/stm32f4xx_flash.o
 .comment       0x00000000       0x2b ./Libraries/STM32F4xx_StdPeriph_Driver/src/stm32f4xx_fsmc.o
 .comment       0x00000000       0x2b ./Libraries/STM32F4xx_StdPeriph_Driver/src/stm32f4xx_gpio.o
 .comment       0x00000000       0x2b ./Libraries/STM32F4xx_StdPeriph_Driver/src/stm32f4xx_hash.o
 .comment       0x00000000       0x2b ./Libraries/STM32F4xx_StdPeriph_Driver/src/stm32f4xx_hash_md5.o
 .comment       0x00000000       0x2b ./Libraries/STM32F4xx_StdPeriph_Driver/src/stm32f4xx_hash_sha1.o
 .comment       0x00000000       0x2b ./Libraries/STM32F4xx_StdPeriph_Driver/src/stm32f4xx_i2c.o
 .comment       0x00000000       0x2b ./Libraries/STM32F4xx_StdPeriph_Driver/src/stm32f4xx_iwdg.o
 .comment       0x00000000       0x2b ./Libraries/STM32F4xx_StdPeriph_Driver/src/stm32f4xx_pwr.o
 .comment       0x00000000       0x2b ./Libraries/STM32F4xx_StdPeriph_Driver/src/stm32f4xx_rcc.o
 .comment       0x00000000       0x2b ./Libraries/STM32F4xx_StdPeriph_Driver/src/stm32f4xx_rng.o
 .comment       0x00000000       0x2b ./Libraries/STM32F4xx_StdPeriph_Driver/src/stm32f4xx_rtc.o
 .comment       0x00000000       0x2b ./Libraries/STM32F4xx_StdPeriph_Driver/src/stm32f4xx_sdio.o
 .comment       0x00000000       0x2b ./Libraries/STM32F4xx_StdPeriph_Driver/src/stm32f4xx_spi.o
 .comment       0x00000000       0x2b ./Libraries/STM32F4xx_StdPeriph_Driver/src/stm32f4xx_syscfg.o
 .comment       0x00000000       0x2b ./Libraries/STM32F4xx_StdPeriph_Driver/src/stm32f4xx_tim.o
 .comment       0x00000000       0x2b ./Libraries/STM32F4xx_StdPeriph_Driver/src/stm32f4xx_usart.o
 .comment       0x00000000       0x2b ./Libraries/STM32F4xx_StdPeriph_Driver/src/stm32f4xx_wwdg.o
 .comment       0x00000000       0x2b ./FreeRTOS/portable/MemMang/heap_2.o
 .comment       0x00000000       0x2b ./FreeRTOS/portable/port.o
 .comment       0x00000000       0x2b ./FreeRTOS/list.o
 .comment       0x00000000       0x2b ./FreeRTOS/queue.o
 .comment       0x00000000       0x2b ./FreeRTOS/tasks.o
 .comment       0x00000000       0x2b ./FreeRTOS/timers.o

.debug_line     0x00000000       0x74
 .debug_line    0x00000000       0x74 ./src/startup_stm32f4xx.o

.debug_info     0x00000000       0x7a
 .debug_info    0x00000000       0x7a ./src/startup_stm32f4xx.o

.debug_abbrev   0x00000000       0x12
 .debug_abbrev  0x00000000       0x12 ./src/startup_stm32f4xx.o

.debug_aranges  0x00000000       0x28
 .debug_aranges
                0x00000000       0x28 ./src/startup_stm32f4xx.o

.debug_ranges   0x00000000       0x20
 .debug_ranges  0x00000000       0x20 ./src/startup_stm32f4xx.o

.debug_frame    0x00000000       0xe0
 .debug_frame   0x00000000       0x2c c:/program files/codesourcery/sourcery g++ lite/bin/../lib/gcc/arm-none-eabi/4.5.2/../../../../arm-none-eabi/lib/thumb2\libc.a(lib_a-init.o)
 .debug_frame   0x0000002c       0x2c c:/program files/codesourcery/sourcery g++ lite/bin/../lib/gcc/arm-none-eabi/4.5.2/../../../../arm-none-eabi/lib/thumb2\libc.a(lib_a-memcmp.o)
 .debug_frame   0x00000058       0x30 c:/program files/codesourcery/sourcery g++ lite/bin/../lib/gcc/arm-none-eabi/4.5.2/../../../../arm-none-eabi/lib/thumb2\libc.a(lib_a-memcpy.o)
 .debug_frame   0x00000088       0x2c c:/program files/codesourcery/sourcery g++ lite/bin/../lib/gcc/arm-none-eabi/4.5.2/../../../../arm-none-eabi/lib/thumb2\libc.a(lib_a-memset.o)
 .debug_frame   0x000000b4       0x2c c:/program files/codesourcery/sourcery g++ lite/bin/../lib/gcc/arm-none-eabi/4.5.2/../../../../arm-none-eabi/lib/thumb2\libc.a(lib_a-strncpy.o)

Cross Reference Table

Symbol                                            File
ADC_AnalogWatchdogCmd                             ./Libraries/STM32F4xx_StdPeriph_Driver/src/stm32f4xx_adc.o
ADC_AnalogWatchdogSingleChannelConfig             ./Libraries/STM32F4xx_StdPeriph_Driver/src/stm32f4xx_adc.o
ADC_AnalogWatchdogThresholdsConfig                ./Libraries/STM32F4xx_StdPeriph_Driver/src/stm32f4xx_adc.o
ADC_AutoInjectedConvCmd                           ./Libraries/STM32F4xx_StdPeriph_Driver/src/stm32f4xx_adc.o
ADC_ClearFlag                                     ./Libraries/STM32F4xx_StdPeriph_Driver/src/stm32f4xx_adc.o
ADC_ClearITPendingBit                             ./Libraries/STM32F4xx_StdPeriph_Driver/src/stm32f4xx_adc.o
ADC_Cmd                                           ./Libraries/STM32F4xx_StdPeriph_Driver/src/stm32f4xx_adc.o
ADC_CommonInit                                    ./Libraries/STM32F4xx_StdPeriph_Driver/src/stm32f4xx_adc.o
ADC_CommonStructInit                              ./Libraries/STM32F4xx_StdPeriph_Driver/src/stm32f4xx_adc.o
ADC_ContinuousModeCmd                             ./Libraries/STM32F4xx_StdPeriph_Driver/src/stm32f4xx_adc.o
ADC_DMACmd                                        ./Libraries/STM32F4xx_StdPeriph_Driver/src/stm32f4xx_adc.o
ADC_DMARequestAfterLastTransferCmd                ./Libraries/STM32F4xx_StdPeriph_Driver/src/stm32f4xx_adc.o
ADC_DeInit                                        ./Libraries/STM32F4xx_StdPeriph_Driver/src/stm32f4xx_adc.o
ADC_DiscModeChannelCountConfig                    ./Libraries/STM32F4xx_StdPeriph_Driver/src/stm32f4xx_adc.o
ADC_DiscModeCmd                                   ./Libraries/STM32F4xx_StdPeriph_Driver/src/stm32f4xx_adc.o
ADC_EOCOnEachRegularChannelCmd                    ./Libraries/STM32F4xx_StdPeriph_Driver/src/stm32f4xx_adc.o
ADC_ExternalTrigInjectedConvConfig                ./Libraries/STM32F4xx_StdPeriph_Driver/src/stm32f4xx_adc.o
ADC_ExternalTrigInjectedConvEdgeConfig            ./Libraries/STM32F4xx_StdPeriph_Driver/src/stm32f4xx_adc.o
ADC_GetConversionValue                            ./Libraries/STM32F4xx_StdPeriph_Driver/src/stm32f4xx_adc.o
ADC_GetFlagStatus                                 ./Libraries/STM32F4xx_StdPeriph_Driver/src/stm32f4xx_adc.o
ADC_GetITStatus                                   ./Libraries/STM32F4xx_StdPeriph_Driver/src/stm32f4xx_adc.o
ADC_GetInjectedConversionValue                    ./Libraries/STM32F4xx_StdPeriph_Driver/src/stm32f4xx_adc.o
ADC_GetMultiModeConversionValue                   ./Libraries/STM32F4xx_StdPeriph_Driver/src/stm32f4xx_adc.o
ADC_GetSoftwareStartConvStatus                    ./Libraries/STM32F4xx_StdPeriph_Driver/src/stm32f4xx_adc.o
ADC_GetSoftwareStartInjectedConvCmdStatus         ./Libraries/STM32F4xx_StdPeriph_Driver/src/stm32f4xx_adc.o
ADC_IRQHandler                                    ./src/startup_stm32f4xx.o
ADC_ITConfig                                      ./Libraries/STM32F4xx_StdPeriph_Driver/src/stm32f4xx_adc.o
ADC_Init                                          ./Libraries/STM32F4xx_StdPeriph_Driver/src/stm32f4xx_adc.o
ADC_InjectedChannelConfig                         ./Libraries/STM32F4xx_StdPeriph_Driver/src/stm32f4xx_adc.o
ADC_InjectedDiscModeCmd                           ./Libraries/STM32F4xx_StdPeriph_Driver/src/stm32f4xx_adc.o
ADC_InjectedSequencerLengthConfig                 ./Libraries/STM32F4xx_StdPeriph_Driver/src/stm32f4xx_adc.o
ADC_MultiModeDMARequestAfterLastTransferCmd       ./Libraries/STM32F4xx_StdPeriph_Driver/src/stm32f4xx_adc.o
ADC_RegularChannelConfig                          ./Libraries/STM32F4xx_StdPeriph_Driver/src/stm32f4xx_adc.o
ADC_SetInjectedOffset                             ./Libraries/STM32F4xx_StdPeriph_Driver/src/stm32f4xx_adc.o
ADC_SoftwareStartConv                             ./Libraries/STM32F4xx_StdPeriph_Driver/src/stm32f4xx_adc.o
ADC_SoftwareStartInjectedConv                     ./Libraries/STM32F4xx_StdPeriph_Driver/src/stm32f4xx_adc.o
ADC_StructInit                                    ./Libraries/STM32F4xx_StdPeriph_Driver/src/stm32f4xx_adc.o
ADC_TempSensorVrefintCmd                          ./Libraries/STM32F4xx_StdPeriph_Driver/src/stm32f4xx_adc.o
ADC_VBATCmd                                       ./Libraries/STM32F4xx_StdPeriph_Driver/src/stm32f4xx_adc.o
AHBPrescTable                                     ./src/system_stm32f4xx.o
BUTTON_CLK                                        ./Utilities/stm32f4_discovery.o
BUTTON_EXTI_LINE                                  ./Utilities/stm32f4_discovery.o
BUTTON_IRQn                                       ./Utilities/stm32f4_discovery.o
BUTTON_PIN                                        ./Utilities/stm32f4_discovery.o
BUTTON_PIN_SOURCE                                 ./Utilities/stm32f4_discovery.o
BUTTON_PORT                                       ./Utilities/stm32f4_discovery.o
BUTTON_PORT_SOURCE                                ./Utilities/stm32f4_discovery.o
BusFault_Handler                                  ./src/stm32f4xx_it.o
                                                  ./src/startup_stm32f4xx.o
CAN1_RX0_IRQHandler                               ./src/startup_stm32f4xx.o
CAN1_RX1_IRQHandler                               ./src/startup_stm32f4xx.o
CAN1_SCE_IRQHandler                               ./src/startup_stm32f4xx.o
CAN1_TX_IRQHandler                                ./src/startup_stm32f4xx.o
CAN2_RX0_IRQHandler                               ./src/startup_stm32f4xx.o
CAN2_RX1_IRQHandler                               ./src/startup_stm32f4xx.o
CAN2_SCE_IRQHandler                               ./src/startup_stm32f4xx.o
CAN2_TX_IRQHandler                                ./src/startup_stm32f4xx.o
CAN_CancelTransmit                                ./Libraries/STM32F4xx_StdPeriph_Driver/src/stm32f4xx_can.o
CAN_ClearFlag                                     ./Libraries/STM32F4xx_StdPeriph_Driver/src/stm32f4xx_can.o
CAN_ClearITPendingBit                             ./Libraries/STM32F4xx_StdPeriph_Driver/src/stm32f4xx_can.o
CAN_DBGFreeze                                     ./Libraries/STM32F4xx_StdPeriph_Driver/src/stm32f4xx_can.o
CAN_DeInit                                        ./Libraries/STM32F4xx_StdPeriph_Driver/src/stm32f4xx_can.o
CAN_FIFORelease                                   ./Libraries/STM32F4xx_StdPeriph_Driver/src/stm32f4xx_can.o
CAN_FilterInit                                    ./Libraries/STM32F4xx_StdPeriph_Driver/src/stm32f4xx_can.o
CAN_GetFlagStatus                                 ./Libraries/STM32F4xx_StdPeriph_Driver/src/stm32f4xx_can.o
CAN_GetITStatus                                   ./Libraries/STM32F4xx_StdPeriph_Driver/src/stm32f4xx_can.o
CAN_GetLSBTransmitErrorCounter                    ./Libraries/STM32F4xx_StdPeriph_Driver/src/stm32f4xx_can.o
CAN_GetLastErrorCode                              ./Libraries/STM32F4xx_StdPeriph_Driver/src/stm32f4xx_can.o
CAN_GetReceiveErrorCounter                        ./Libraries/STM32F4xx_StdPeriph_Driver/src/stm32f4xx_can.o
CAN_ITConfig                                      ./Libraries/STM32F4xx_StdPeriph_Driver/src/stm32f4xx_can.o
CAN_Init                                          ./Libraries/STM32F4xx_StdPeriph_Driver/src/stm32f4xx_can.o
CAN_MessagePending                                ./Libraries/STM32F4xx_StdPeriph_Driver/src/stm32f4xx_can.o
CAN_OperatingModeRequest                          ./Libraries/STM32F4xx_StdPeriph_Driver/src/stm32f4xx_can.o
CAN_Receive                                       ./Libraries/STM32F4xx_StdPeriph_Driver/src/stm32f4xx_can.o
CAN_SlaveStartBank                                ./Libraries/STM32F4xx_StdPeriph_Driver/src/stm32f4xx_can.o
CAN_Sleep                                         ./Libraries/STM32F4xx_StdPeriph_Driver/src/stm32f4xx_can.o
CAN_StructInit                                    ./Libraries/STM32F4xx_StdPeriph_Driver/src/stm32f4xx_can.o
CAN_TTComModeCmd                                  ./Libraries/STM32F4xx_StdPeriph_Driver/src/stm32f4xx_can.o
CAN_Transmit                                      ./Libraries/STM32F4xx_StdPeriph_Driver/src/stm32f4xx_can.o
CAN_TransmitStatus                                ./Libraries/STM32F4xx_StdPeriph_Driver/src/stm32f4xx_can.o
CAN_WakeUp                                        ./Libraries/STM32F4xx_StdPeriph_Driver/src/stm32f4xx_can.o
CRC_CalcBlockCRC                                  ./Libraries/STM32F4xx_StdPeriph_Driver/src/stm32f4xx_crc.o
CRC_CalcCRC                                       ./Libraries/STM32F4xx_StdPeriph_Driver/src/stm32f4xx_crc.o
CRC_GetCRC                                        ./Libraries/STM32F4xx_StdPeriph_Driver/src/stm32f4xx_crc.o
CRC_GetIDRegister                                 ./Libraries/STM32F4xx_StdPeriph_Driver/src/stm32f4xx_crc.o
CRC_ResetDR                                       ./Libraries/STM32F4xx_StdPeriph_Driver/src/stm32f4xx_crc.o
CRC_SetIDRegister                                 ./Libraries/STM32F4xx_StdPeriph_Driver/src/stm32f4xx_crc.o
CRYP_AES_CBC                                      ./Libraries/STM32F4xx_StdPeriph_Driver/src/stm32f4xx_cryp_aes.o
CRYP_AES_CTR                                      ./Libraries/STM32F4xx_StdPeriph_Driver/src/stm32f4xx_cryp_aes.o
CRYP_AES_ECB                                      ./Libraries/STM32F4xx_StdPeriph_Driver/src/stm32f4xx_cryp_aes.o
CRYP_Cmd                                          ./Libraries/STM32F4xx_StdPeriph_Driver/src/stm32f4xx_cryp.o
                                                  ./Libraries/STM32F4xx_StdPeriph_Driver/src/stm32f4xx_cryp_tdes.o
                                                  ./Libraries/STM32F4xx_StdPeriph_Driver/src/stm32f4xx_cryp_des.o
                                                  ./Libraries/STM32F4xx_StdPeriph_Driver/src/stm32f4xx_cryp_aes.o
CRYP_DES_CBC                                      ./Libraries/STM32F4xx_StdPeriph_Driver/src/stm32f4xx_cryp_des.o
CRYP_DES_ECB                                      ./Libraries/STM32F4xx_StdPeriph_Driver/src/stm32f4xx_cryp_des.o
CRYP_DMACmd                                       ./Libraries/STM32F4xx_StdPeriph_Driver/src/stm32f4xx_cryp.o
CRYP_DataIn                                       ./Libraries/STM32F4xx_StdPeriph_Driver/src/stm32f4xx_cryp.o
                                                  ./Libraries/STM32F4xx_StdPeriph_Driver/src/stm32f4xx_cryp_tdes.o
                                                  ./Libraries/STM32F4xx_StdPeriph_Driver/src/stm32f4xx_cryp_des.o
                                                  ./Libraries/STM32F4xx_StdPeriph_Driver/src/stm32f4xx_cryp_aes.o
CRYP_DataOut                                      ./Libraries/STM32F4xx_StdPeriph_Driver/src/stm32f4xx_cryp.o
                                                  ./Libraries/STM32F4xx_StdPeriph_Driver/src/stm32f4xx_cryp_tdes.o
                                                  ./Libraries/STM32F4xx_StdPeriph_Driver/src/stm32f4xx_cryp_des.o
                                                  ./Libraries/STM32F4xx_StdPeriph_Driver/src/stm32f4xx_cryp_aes.o
CRYP_DeInit                                       ./Libraries/STM32F4xx_StdPeriph_Driver/src/stm32f4xx_cryp.o
CRYP_FIFOFlush                                    ./Libraries/STM32F4xx_StdPeriph_Driver/src/stm32f4xx_cryp.o
                                                  ./Libraries/STM32F4xx_StdPeriph_Driver/src/stm32f4xx_cryp_tdes.o
                                                  ./Libraries/STM32F4xx_StdPeriph_Driver/src/stm32f4xx_cryp_des.o
                                                  ./Libraries/STM32F4xx_StdPeriph_Driver/src/stm32f4xx_cryp_aes.o
CRYP_GetFlagStatus                                ./Libraries/STM32F4xx_StdPeriph_Driver/src/stm32f4xx_cryp.o
                                                  ./Libraries/STM32F4xx_StdPeriph_Driver/src/stm32f4xx_cryp_tdes.o
                                                  ./Libraries/STM32F4xx_StdPeriph_Driver/src/stm32f4xx_cryp_des.o
                                                  ./Libraries/STM32F4xx_StdPeriph_Driver/src/stm32f4xx_cryp_aes.o
CRYP_GetITStatus                                  ./Libraries/STM32F4xx_StdPeriph_Driver/src/stm32f4xx_cryp.o
CRYP_IRQHandler                                   ./src/startup_stm32f4xx.o
CRYP_ITConfig                                     ./Libraries/STM32F4xx_StdPeriph_Driver/src/stm32f4xx_cryp.o
CRYP_IVInit                                       ./Libraries/STM32F4xx_StdPeriph_Driver/src/stm32f4xx_cryp.o
                                                  ./Libraries/STM32F4xx_StdPeriph_Driver/src/stm32f4xx_cryp_tdes.o
                                                  ./Libraries/STM32F4xx_StdPeriph_Driver/src/stm32f4xx_cryp_des.o
                                                  ./Libraries/STM32F4xx_StdPeriph_Driver/src/stm32f4xx_cryp_aes.o
CRYP_IVStructInit                                 ./Libraries/STM32F4xx_StdPeriph_Driver/src/stm32f4xx_cryp.o
CRYP_Init                                         ./Libraries/STM32F4xx_StdPeriph_Driver/src/stm32f4xx_cryp.o
                                                  ./Libraries/STM32F4xx_StdPeriph_Driver/src/stm32f4xx_cryp_tdes.o
                                                  ./Libraries/STM32F4xx_StdPeriph_Driver/src/stm32f4xx_cryp_des.o
                                                  ./Libraries/STM32F4xx_StdPeriph_Driver/src/stm32f4xx_cryp_aes.o
CRYP_KeyInit                                      ./Libraries/STM32F4xx_StdPeriph_Driver/src/stm32f4xx_cryp.o
                                                  ./Libraries/STM32F4xx_StdPeriph_Driver/src/stm32f4xx_cryp_tdes.o
                                                  ./Libraries/STM32F4xx_StdPeriph_Driver/src/stm32f4xx_cryp_des.o
                                                  ./Libraries/STM32F4xx_StdPeriph_Driver/src/stm32f4xx_cryp_aes.o
CRYP_KeyStructInit                                ./Libraries/STM32F4xx_StdPeriph_Driver/src/stm32f4xx_cryp.o
                                                  ./Libraries/STM32F4xx_StdPeriph_Driver/src/stm32f4xx_cryp_tdes.o
                                                  ./Libraries/STM32F4xx_StdPeriph_Driver/src/stm32f4xx_cryp_des.o
                                                  ./Libraries/STM32F4xx_StdPeriph_Driver/src/stm32f4xx_cryp_aes.o
CRYP_RestoreContext                               ./Libraries/STM32F4xx_StdPeriph_Driver/src/stm32f4xx_cryp.o
CRYP_SaveContext                                  ./Libraries/STM32F4xx_StdPeriph_Driver/src/stm32f4xx_cryp.o
CRYP_StructInit                                   ./Libraries/STM32F4xx_StdPeriph_Driver/src/stm32f4xx_cryp.o
CRYP_TDES_CBC                                     ./Libraries/STM32F4xx_StdPeriph_Driver/src/stm32f4xx_cryp_tdes.o
CRYP_TDES_ECB                                     ./Libraries/STM32F4xx_StdPeriph_Driver/src/stm32f4xx_cryp_tdes.o
DAC_ClearFlag                                     ./Libraries/STM32F4xx_StdPeriph_Driver/src/stm32f4xx_dac.o
DAC_ClearITPendingBit                             ./Libraries/STM32F4xx_StdPeriph_Driver/src/stm32f4xx_dac.o
DAC_Cmd                                           ./Libraries/STM32F4xx_StdPeriph_Driver/src/stm32f4xx_dac.o
DAC_DMACmd                                        ./Libraries/STM32F4xx_StdPeriph_Driver/src/stm32f4xx_dac.o
DAC_DeInit                                        ./Libraries/STM32F4xx_StdPeriph_Driver/src/stm32f4xx_dac.o
DAC_DualSoftwareTriggerCmd                        ./Libraries/STM32F4xx_StdPeriph_Driver/src/stm32f4xx_dac.o
DAC_GetDataOutputValue                            ./Libraries/STM32F4xx_StdPeriph_Driver/src/stm32f4xx_dac.o
DAC_GetFlagStatus                                 ./Libraries/STM32F4xx_StdPeriph_Driver/src/stm32f4xx_dac.o
DAC_GetITStatus                                   ./Libraries/STM32F4xx_StdPeriph_Driver/src/stm32f4xx_dac.o
DAC_ITConfig                                      ./Libraries/STM32F4xx_StdPeriph_Driver/src/stm32f4xx_dac.o
DAC_Init                                          ./Libraries/STM32F4xx_StdPeriph_Driver/src/stm32f4xx_dac.o
DAC_SetChannel1Data                               ./Libraries/STM32F4xx_StdPeriph_Driver/src/stm32f4xx_dac.o
DAC_SetChannel2Data                               ./Libraries/STM32F4xx_StdPeriph_Driver/src/stm32f4xx_dac.o
DAC_SetDualChannelData                            ./Libraries/STM32F4xx_StdPeriph_Driver/src/stm32f4xx_dac.o
DAC_SoftwareTriggerCmd                            ./Libraries/STM32F4xx_StdPeriph_Driver/src/stm32f4xx_dac.o
DAC_StructInit                                    ./Libraries/STM32F4xx_StdPeriph_Driver/src/stm32f4xx_dac.o
DAC_WaveGenerationCmd                             ./Libraries/STM32F4xx_StdPeriph_Driver/src/stm32f4xx_dac.o
DBGMCU_APB1PeriphConfig                           ./Libraries/STM32F4xx_StdPeriph_Driver/src/stm32f4xx_dbgmcu.o
DBGMCU_APB2PeriphConfig                           ./Libraries/STM32F4xx_StdPeriph_Driver/src/stm32f4xx_dbgmcu.o
DBGMCU_Config                                     ./Libraries/STM32F4xx_StdPeriph_Driver/src/stm32f4xx_dbgmcu.o
DBGMCU_GetDEVID                                   ./Libraries/STM32F4xx_StdPeriph_Driver/src/stm32f4xx_dbgmcu.o
DBGMCU_GetREVID                                   ./Libraries/STM32F4xx_StdPeriph_Driver/src/stm32f4xx_dbgmcu.o
DCMI_CROPCmd                                      ./Libraries/STM32F4xx_StdPeriph_Driver/src/stm32f4xx_dcmi.o
DCMI_CROPConfig                                   ./Libraries/STM32F4xx_StdPeriph_Driver/src/stm32f4xx_dcmi.o
DCMI_CaptureCmd                                   ./Libraries/STM32F4xx_StdPeriph_Driver/src/stm32f4xx_dcmi.o
DCMI_ClearFlag                                    ./Libraries/STM32F4xx_StdPeriph_Driver/src/stm32f4xx_dcmi.o
DCMI_ClearITPendingBit                            ./Libraries/STM32F4xx_StdPeriph_Driver/src/stm32f4xx_dcmi.o
DCMI_Cmd                                          ./Libraries/STM32F4xx_StdPeriph_Driver/src/stm32f4xx_dcmi.o
DCMI_DeInit                                       ./Libraries/STM32F4xx_StdPeriph_Driver/src/stm32f4xx_dcmi.o
DCMI_GetFlagStatus                                ./Libraries/STM32F4xx_StdPeriph_Driver/src/stm32f4xx_dcmi.o
DCMI_GetITStatus                                  ./Libraries/STM32F4xx_StdPeriph_Driver/src/stm32f4xx_dcmi.o
DCMI_IRQHandler                                   ./src/startup_stm32f4xx.o
DCMI_ITConfig                                     ./Libraries/STM32F4xx_StdPeriph_Driver/src/stm32f4xx_dcmi.o
DCMI_Init                                         ./Libraries/STM32F4xx_StdPeriph_Driver/src/stm32f4xx_dcmi.o
DCMI_JPEGCmd                                      ./Libraries/STM32F4xx_StdPeriph_Driver/src/stm32f4xx_dcmi.o
DCMI_ReadData                                     ./Libraries/STM32F4xx_StdPeriph_Driver/src/stm32f4xx_dcmi.o
DCMI_SetEmbeddedSynchroCodes                      ./Libraries/STM32F4xx_StdPeriph_Driver/src/stm32f4xx_dcmi.o
DCMI_StructInit                                   ./Libraries/STM32F4xx_StdPeriph_Driver/src/stm32f4xx_dcmi.o
DMA1_Stream0_IRQHandler                           ./src/startup_stm32f4xx.o
DMA1_Stream1_IRQHandler                           ./src/startup_stm32f4xx.o
DMA1_Stream2_IRQHandler                           ./src/startup_stm32f4xx.o
DMA1_Stream3_IRQHandler                           ./src/startup_stm32f4xx.o
DMA1_Stream4_IRQHandler                           ./src/startup_stm32f4xx.o
DMA1_Stream5_IRQHandler                           ./src/startup_stm32f4xx.o
DMA1_Stream6_IRQHandler                           ./src/startup_stm32f4xx.o
DMA1_Stream7_IRQHandler                           ./src/startup_stm32f4xx.o
DMA2_Stream0_IRQHandler                           ./src/startup_stm32f4xx.o
DMA2_Stream1_IRQHandler                           ./src/startup_stm32f4xx.o
DMA2_Stream2_IRQHandler                           ./src/startup_stm32f4xx.o
DMA2_Stream3_IRQHandler                           ./src/startup_stm32f4xx.o
DMA2_Stream4_IRQHandler                           ./src/startup_stm32f4xx.o
DMA2_Stream5_IRQHandler                           ./src/startup_stm32f4xx.o
DMA2_Stream6_IRQHandler                           ./src/startup_stm32f4xx.o
DMA2_Stream7_IRQHandler                           ./src/startup_stm32f4xx.o
DMA_ClearFlag                                     ./Libraries/STM32F4xx_StdPeriph_Driver/src/stm32f4xx_dma.o
DMA_ClearITPendingBit                             ./Libraries/STM32F4xx_StdPeriph_Driver/src/stm32f4xx_dma.o
DMA_Cmd                                           ./Libraries/STM32F4xx_StdPeriph_Driver/src/stm32f4xx_dma.o
DMA_DeInit                                        ./Libraries/STM32F4xx_StdPeriph_Driver/src/stm32f4xx_dma.o
DMA_DoubleBufferModeCmd                           ./Libraries/STM32F4xx_StdPeriph_Driver/src/stm32f4xx_dma.o
DMA_DoubleBufferModeConfig                        ./Libraries/STM32F4xx_StdPeriph_Driver/src/stm32f4xx_dma.o
DMA_FlowControllerConfig                          ./Libraries/STM32F4xx_StdPeriph_Driver/src/stm32f4xx_dma.o
DMA_GetCmdStatus                                  ./Libraries/STM32F4xx_StdPeriph_Driver/src/stm32f4xx_dma.o
DMA_GetCurrDataCounter                            ./Libraries/STM32F4xx_StdPeriph_Driver/src/stm32f4xx_dma.o
DMA_GetCurrentMemoryTarget                        ./Libraries/STM32F4xx_StdPeriph_Driver/src/stm32f4xx_dma.o
DMA_GetFIFOStatus                                 ./Libraries/STM32F4xx_StdPeriph_Driver/src/stm32f4xx_dma.o
DMA_GetFlagStatus                                 ./Libraries/STM32F4xx_StdPeriph_Driver/src/stm32f4xx_dma.o
DMA_GetITStatus                                   ./Libraries/STM32F4xx_StdPeriph_Driver/src/stm32f4xx_dma.o
DMA_ITConfig                                      ./Libraries/STM32F4xx_StdPeriph_Driver/src/stm32f4xx_dma.o
DMA_Init                                          ./Libraries/STM32F4xx_StdPeriph_Driver/src/stm32f4xx_dma.o
DMA_MemoryTargetConfig                            ./Libraries/STM32F4xx_StdPeriph_Driver/src/stm32f4xx_dma.o
DMA_PeriphIncOffsetSizeConfig                     ./Libraries/STM32F4xx_StdPeriph_Driver/src/stm32f4xx_dma.o
DMA_SetCurrDataCounter                            ./Libraries/STM32F4xx_StdPeriph_Driver/src/stm32f4xx_dma.o
DMA_StructInit                                    ./Libraries/STM32F4xx_StdPeriph_Driver/src/stm32f4xx_dma.o
DebugMon_Handler                                  ./src/stm32f4xx_it.o
                                                  ./src/startup_stm32f4xx.o
Default_Handler                                   ./src/startup_stm32f4xx.o
ETH_IRQHandler                                    ./src/startup_stm32f4xx.o
ETH_WKUP_IRQHandler                               ./src/startup_stm32f4xx.o
EXTI0_IRQHandler                                  ./src/stm32f4xx_it.o
                                                  ./src/startup_stm32f4xx.o
EXTI15_10_IRQHandler                              ./src/startup_stm32f4xx.o
EXTI1_IRQHandler                                  ./src/startup_stm32f4xx.o
EXTI2_IRQHandler                                  ./src/startup_stm32f4xx.o
EXTI3_IRQHandler                                  ./src/startup_stm32f4xx.o
EXTI4_IRQHandler                                  ./src/startup_stm32f4xx.o
EXTI9_5_IRQHandler                                ./src/startup_stm32f4xx.o
EXTI_ClearFlag                                    ./Libraries/STM32F4xx_StdPeriph_Driver/src/stm32f4xx_exti.o
EXTI_ClearITPendingBit                            ./Libraries/STM32F4xx_StdPeriph_Driver/src/stm32f4xx_exti.o
                                                  ./src/stm32f4xx_it.o
EXTI_DeInit                                       ./Libraries/STM32F4xx_StdPeriph_Driver/src/stm32f4xx_exti.o
EXTI_GenerateSWInterrupt                          ./Libraries/STM32F4xx_StdPeriph_Driver/src/stm32f4xx_exti.o
EXTI_GetFlagStatus                                ./Libraries/STM32F4xx_StdPeriph_Driver/src/stm32f4xx_exti.o
EXTI_GetITStatus                                  ./Libraries/STM32F4xx_StdPeriph_Driver/src/stm32f4xx_exti.o
                                                  ./src/stm32f4xx_it.o
EXTI_Init                                         ./Libraries/STM32F4xx_StdPeriph_Driver/src/stm32f4xx_exti.o
                                                  ./Utilities/stm32f4_discovery.o
EXTI_StructInit                                   ./Libraries/STM32F4xx_StdPeriph_Driver/src/stm32f4xx_exti.o
FLASH_ClearFlag                                   ./Libraries/STM32F4xx_StdPeriph_Driver/src/stm32f4xx_flash.o
FLASH_DataCacheCmd                                ./Libraries/STM32F4xx_StdPeriph_Driver/src/stm32f4xx_flash.o
FLASH_DataCacheReset                              ./Libraries/STM32F4xx_StdPeriph_Driver/src/stm32f4xx_flash.o
FLASH_EraseAllSectors                             ./Libraries/STM32F4xx_StdPeriph_Driver/src/stm32f4xx_flash.o
FLASH_EraseSector                                 ./Libraries/STM32F4xx_StdPeriph_Driver/src/stm32f4xx_flash.o
FLASH_GetFlagStatus                               ./Libraries/STM32F4xx_StdPeriph_Driver/src/stm32f4xx_flash.o
FLASH_GetStatus                                   ./Libraries/STM32F4xx_StdPeriph_Driver/src/stm32f4xx_flash.o
FLASH_IRQHandler                                  ./src/startup_stm32f4xx.o
FLASH_ITConfig                                    ./Libraries/STM32F4xx_StdPeriph_Driver/src/stm32f4xx_flash.o
FLASH_InstructionCacheCmd                         ./Libraries/STM32F4xx_StdPeriph_Driver/src/stm32f4xx_flash.o
FLASH_InstructionCacheReset                       ./Libraries/STM32F4xx_StdPeriph_Driver/src/stm32f4xx_flash.o
FLASH_Lock                                        ./Libraries/STM32F4xx_StdPeriph_Driver/src/stm32f4xx_flash.o
FLASH_OB_BORConfig                                ./Libraries/STM32F4xx_StdPeriph_Driver/src/stm32f4xx_flash.o
FLASH_OB_GetBOR                                   ./Libraries/STM32F4xx_StdPeriph_Driver/src/stm32f4xx_flash.o
FLASH_OB_GetRDP                                   ./Libraries/STM32F4xx_StdPeriph_Driver/src/stm32f4xx_flash.o
FLASH_OB_GetUser                                  ./Libraries/STM32F4xx_StdPeriph_Driver/src/stm32f4xx_flash.o
FLASH_OB_GetWRP                                   ./Libraries/STM32F4xx_StdPeriph_Driver/src/stm32f4xx_flash.o
FLASH_OB_Launch                                   ./Libraries/STM32F4xx_StdPeriph_Driver/src/stm32f4xx_flash.o
FLASH_OB_Lock                                     ./Libraries/STM32F4xx_StdPeriph_Driver/src/stm32f4xx_flash.o
FLASH_OB_RDPConfig                                ./Libraries/STM32F4xx_StdPeriph_Driver/src/stm32f4xx_flash.o
FLASH_OB_Unlock                                   ./Libraries/STM32F4xx_StdPeriph_Driver/src/stm32f4xx_flash.o
FLASH_OB_UserConfig                               ./Libraries/STM32F4xx_StdPeriph_Driver/src/stm32f4xx_flash.o
FLASH_OB_WRPConfig                                ./Libraries/STM32F4xx_StdPeriph_Driver/src/stm32f4xx_flash.o
FLASH_PrefetchBufferCmd                           ./Libraries/STM32F4xx_StdPeriph_Driver/src/stm32f4xx_flash.o
FLASH_ProgramByte                                 ./Libraries/STM32F4xx_StdPeriph_Driver/src/stm32f4xx_flash.o
FLASH_ProgramDoubleWord                           ./Libraries/STM32F4xx_StdPeriph_Driver/src/stm32f4xx_flash.o
FLASH_ProgramHalfWord                             ./Libraries/STM32F4xx_StdPeriph_Driver/src/stm32f4xx_flash.o
FLASH_ProgramWord                                 ./Libraries/STM32F4xx_StdPeriph_Driver/src/stm32f4xx_flash.o
FLASH_SetLatency                                  ./Libraries/STM32F4xx_StdPeriph_Driver/src/stm32f4xx_flash.o
FLASH_Unlock                                      ./Libraries/STM32F4xx_StdPeriph_Driver/src/stm32f4xx_flash.o
FLASH_WaitForLastOperation                        ./Libraries/STM32F4xx_StdPeriph_Driver/src/stm32f4xx_flash.o
FPU_IRQHandler                                    ./src/startup_stm32f4xx.o
FSMC_ClearFlag                                    ./Libraries/STM32F4xx_StdPeriph_Driver/src/stm32f4xx_fsmc.o
FSMC_ClearITPendingBit                            ./Libraries/STM32F4xx_StdPeriph_Driver/src/stm32f4xx_fsmc.o
FSMC_GetECC                                       ./Libraries/STM32F4xx_StdPeriph_Driver/src/stm32f4xx_fsmc.o
FSMC_GetFlagStatus                                ./Libraries/STM32F4xx_StdPeriph_Driver/src/stm32f4xx_fsmc.o
FSMC_GetITStatus                                  ./Libraries/STM32F4xx_StdPeriph_Driver/src/stm32f4xx_fsmc.o
FSMC_IRQHandler                                   ./src/startup_stm32f4xx.o
FSMC_ITConfig                                     ./Libraries/STM32F4xx_StdPeriph_Driver/src/stm32f4xx_fsmc.o
FSMC_NANDCmd                                      ./Libraries/STM32F4xx_StdPeriph_Driver/src/stm32f4xx_fsmc.o
FSMC_NANDDeInit                                   ./Libraries/STM32F4xx_StdPeriph_Driver/src/stm32f4xx_fsmc.o
FSMC_NANDECCCmd                                   ./Libraries/STM32F4xx_StdPeriph_Driver/src/stm32f4xx_fsmc.o
FSMC_NANDInit                                     ./Libraries/STM32F4xx_StdPeriph_Driver/src/stm32f4xx_fsmc.o
FSMC_NANDStructInit                               ./Libraries/STM32F4xx_StdPeriph_Driver/src/stm32f4xx_fsmc.o
FSMC_NORSRAMCmd                                   ./Libraries/STM32F4xx_StdPeriph_Driver/src/stm32f4xx_fsmc.o
FSMC_NORSRAMDeInit                                ./Libraries/STM32F4xx_StdPeriph_Driver/src/stm32f4xx_fsmc.o
FSMC_NORSRAMInit                                  ./Libraries/STM32F4xx_StdPeriph_Driver/src/stm32f4xx_fsmc.o
FSMC_NORSRAMStructInit                            ./Libraries/STM32F4xx_StdPeriph_Driver/src/stm32f4xx_fsmc.o
FSMC_PCCARDCmd                                    ./Libraries/STM32F4xx_StdPeriph_Driver/src/stm32f4xx_fsmc.o
FSMC_PCCARDDeInit                                 ./Libraries/STM32F4xx_StdPeriph_Driver/src/stm32f4xx_fsmc.o
FSMC_PCCARDInit                                   ./Libraries/STM32F4xx_StdPeriph_Driver/src/stm32f4xx_fsmc.o
FSMC_PCCARDStructInit                             ./Libraries/STM32F4xx_StdPeriph_Driver/src/stm32f4xx_fsmc.o
GPIO_CLK                                          ./Utilities/stm32f4_discovery.o
GPIO_DeInit                                       ./Libraries/STM32F4xx_StdPeriph_Driver/src/stm32f4xx_gpio.o
GPIO_Init                                         ./Libraries/STM32F4xx_StdPeriph_Driver/src/stm32f4xx_gpio.o
                                                  ./Utilities/stm32f4_discovery_lis302dl.o
                                                  ./Utilities/stm32f4_discovery.o
                                                  ./src/hw_config.o
GPIO_PIN                                          ./Utilities/stm32f4_discovery.o
GPIO_PORT                                         ./Utilities/stm32f4_discovery.o
GPIO_PinAFConfig                                  ./Libraries/STM32F4xx_StdPeriph_Driver/src/stm32f4xx_gpio.o
                                                  ./Utilities/stm32f4_discovery_lis302dl.o
                                                  ./src/hw_config.o
GPIO_PinLockConfig                                ./Libraries/STM32F4xx_StdPeriph_Driver/src/stm32f4xx_gpio.o
GPIO_ReadInputData                                ./Libraries/STM32F4xx_StdPeriph_Driver/src/stm32f4xx_gpio.o
GPIO_ReadInputDataBit                             ./Libraries/STM32F4xx_StdPeriph_Driver/src/stm32f4xx_gpio.o
                                                  ./Utilities/stm32f4_discovery.o
GPIO_ReadOutputData                               ./Libraries/STM32F4xx_StdPeriph_Driver/src/stm32f4xx_gpio.o
GPIO_ReadOutputDataBit                            ./Libraries/STM32F4xx_StdPeriph_Driver/src/stm32f4xx_gpio.o
GPIO_ResetBits                                    ./Libraries/STM32F4xx_StdPeriph_Driver/src/stm32f4xx_gpio.o
                                                  ./Utilities/stm32f4_discovery_lis302dl.o
GPIO_SetBits                                      ./Libraries/STM32F4xx_StdPeriph_Driver/src/stm32f4xx_gpio.o
                                                  ./Utilities/stm32f4_discovery_lis302dl.o
GPIO_StructInit                                   ./Libraries/STM32F4xx_StdPeriph_Driver/src/stm32f4xx_gpio.o
GPIO_ToggleBits                                   ./Libraries/STM32F4xx_StdPeriph_Driver/src/stm32f4xx_gpio.o
GPIO_Write                                        ./Libraries/STM32F4xx_StdPeriph_Driver/src/stm32f4xx_gpio.o
GPIO_WriteBit                                     ./Libraries/STM32F4xx_StdPeriph_Driver/src/stm32f4xx_gpio.o
HASH_ClearFlag                                    ./Libraries/STM32F4xx_StdPeriph_Driver/src/stm32f4xx_hash.o
HASH_ClearITPendingBit                            ./Libraries/STM32F4xx_StdPeriph_Driver/src/stm32f4xx_hash.o
HASH_DMACmd                                       ./Libraries/STM32F4xx_StdPeriph_Driver/src/stm32f4xx_hash.o
HASH_DataIn                                       ./Libraries/STM32F4xx_StdPeriph_Driver/src/stm32f4xx_hash.o
                                                  ./Libraries/STM32F4xx_StdPeriph_Driver/src/stm32f4xx_hash_sha1.o
                                                  ./Libraries/STM32F4xx_StdPeriph_Driver/src/stm32f4xx_hash_md5.o
HASH_DeInit                                       ./Libraries/STM32F4xx_StdPeriph_Driver/src/stm32f4xx_hash.o
                                                  ./Libraries/STM32F4xx_StdPeriph_Driver/src/stm32f4xx_hash_sha1.o
                                                  ./Libraries/STM32F4xx_StdPeriph_Driver/src/stm32f4xx_hash_md5.o
HASH_GetDigest                                    ./Libraries/STM32F4xx_StdPeriph_Driver/src/stm32f4xx_hash.o
                                                  ./Libraries/STM32F4xx_StdPeriph_Driver/src/stm32f4xx_hash_sha1.o
                                                  ./Libraries/STM32F4xx_StdPeriph_Driver/src/stm32f4xx_hash_md5.o
HASH_GetFlagStatus                                ./Libraries/STM32F4xx_StdPeriph_Driver/src/stm32f4xx_hash.o
                                                  ./Libraries/STM32F4xx_StdPeriph_Driver/src/stm32f4xx_hash_sha1.o
                                                  ./Libraries/STM32F4xx_StdPeriph_Driver/src/stm32f4xx_hash_md5.o
HASH_GetITStatus                                  ./Libraries/STM32F4xx_StdPeriph_Driver/src/stm32f4xx_hash.o
HASH_GetInFIFOWordsNbr                            ./Libraries/STM32F4xx_StdPeriph_Driver/src/stm32f4xx_hash.o
HASH_ITConfig                                     ./Libraries/STM32F4xx_StdPeriph_Driver/src/stm32f4xx_hash.o
HASH_Init                                         ./Libraries/STM32F4xx_StdPeriph_Driver/src/stm32f4xx_hash.o
                                                  ./Libraries/STM32F4xx_StdPeriph_Driver/src/stm32f4xx_hash_sha1.o
                                                  ./Libraries/STM32F4xx_StdPeriph_Driver/src/stm32f4xx_hash_md5.o
HASH_MD5                                          ./Libraries/STM32F4xx_StdPeriph_Driver/src/stm32f4xx_hash_md5.o
HASH_RNG_IRQHandler                               ./src/startup_stm32f4xx.o
HASH_Reset                                        ./Libraries/STM32F4xx_StdPeriph_Driver/src/stm32f4xx_hash.o
HASH_RestoreContext                               ./Libraries/STM32F4xx_StdPeriph_Driver/src/stm32f4xx_hash.o
HASH_SHA1                                         ./Libraries/STM32F4xx_StdPeriph_Driver/src/stm32f4xx_hash_sha1.o
HASH_SaveContext                                  ./Libraries/STM32F4xx_StdPeriph_Driver/src/stm32f4xx_hash.o
HASH_SetLastWordValidBitsNbr                      ./Libraries/STM32F4xx_StdPeriph_Driver/src/stm32f4xx_hash.o
                                                  ./Libraries/STM32F4xx_StdPeriph_Driver/src/stm32f4xx_hash_sha1.o
                                                  ./Libraries/STM32F4xx_StdPeriph_Driver/src/stm32f4xx_hash_md5.o
HASH_StartDigest                                  ./Libraries/STM32F4xx_StdPeriph_Driver/src/stm32f4xx_hash.o
                                                  ./Libraries/STM32F4xx_StdPeriph_Driver/src/stm32f4xx_hash_sha1.o
                                                  ./Libraries/STM32F4xx_StdPeriph_Driver/src/stm32f4xx_hash_md5.o
HASH_StructInit                                   ./Libraries/STM32F4xx_StdPeriph_Driver/src/stm32f4xx_hash.o
HMAC_MD5                                          ./Libraries/STM32F4xx_StdPeriph_Driver/src/stm32f4xx_hash_md5.o
HMAC_SHA1                                         ./Libraries/STM32F4xx_StdPeriph_Driver/src/stm32f4xx_hash_sha1.o
HardFault_Handler                                 ./src/stm32f4xx_it.o
                                                  ./src/startup_stm32f4xx.o
I2C1_ER_IRQHandler                                ./src/startup_stm32f4xx.o
I2C1_EV_IRQHandler                                ./src/startup_stm32f4xx.o
I2C2_ER_IRQHandler                                ./src/startup_stm32f4xx.o
I2C2_EV_IRQHandler                                ./src/startup_stm32f4xx.o
I2C3_ER_IRQHandler                                ./src/startup_stm32f4xx.o
I2C3_EV_IRQHandler                                ./src/startup_stm32f4xx.o
I2C_ARPCmd                                        ./Libraries/STM32F4xx_StdPeriph_Driver/src/stm32f4xx_i2c.o
I2C_AcknowledgeConfig                             ./Libraries/STM32F4xx_StdPeriph_Driver/src/stm32f4xx_i2c.o
I2C_CalculatePEC                                  ./Libraries/STM32F4xx_StdPeriph_Driver/src/stm32f4xx_i2c.o
I2C_CheckEvent                                    ./Libraries/STM32F4xx_StdPeriph_Driver/src/stm32f4xx_i2c.o
I2C_ClearFlag                                     ./Libraries/STM32F4xx_StdPeriph_Driver/src/stm32f4xx_i2c.o
I2C_ClearITPendingBit                             ./Libraries/STM32F4xx_StdPeriph_Driver/src/stm32f4xx_i2c.o
I2C_Cmd                                           ./Libraries/STM32F4xx_StdPeriph_Driver/src/stm32f4xx_i2c.o
I2C_DMACmd                                        ./Libraries/STM32F4xx_StdPeriph_Driver/src/stm32f4xx_i2c.o
I2C_DMALastTransferCmd                            ./Libraries/STM32F4xx_StdPeriph_Driver/src/stm32f4xx_i2c.o
I2C_DeInit                                        ./Libraries/STM32F4xx_StdPeriph_Driver/src/stm32f4xx_i2c.o
I2C_DualAddressCmd                                ./Libraries/STM32F4xx_StdPeriph_Driver/src/stm32f4xx_i2c.o
I2C_FastModeDutyCycleConfig                       ./Libraries/STM32F4xx_StdPeriph_Driver/src/stm32f4xx_i2c.o
I2C_GeneralCallCmd                                ./Libraries/STM32F4xx_StdPeriph_Driver/src/stm32f4xx_i2c.o
I2C_GenerateSTART                                 ./Libraries/STM32F4xx_StdPeriph_Driver/src/stm32f4xx_i2c.o
I2C_GenerateSTOP                                  ./Libraries/STM32F4xx_StdPeriph_Driver/src/stm32f4xx_i2c.o
I2C_GetFlagStatus                                 ./Libraries/STM32F4xx_StdPeriph_Driver/src/stm32f4xx_i2c.o
I2C_GetITStatus                                   ./Libraries/STM32F4xx_StdPeriph_Driver/src/stm32f4xx_i2c.o
I2C_GetLastEvent                                  ./Libraries/STM32F4xx_StdPeriph_Driver/src/stm32f4xx_i2c.o
I2C_GetPEC                                        ./Libraries/STM32F4xx_StdPeriph_Driver/src/stm32f4xx_i2c.o
I2C_ITConfig                                      ./Libraries/STM32F4xx_StdPeriph_Driver/src/stm32f4xx_i2c.o
I2C_Init                                          ./Libraries/STM32F4xx_StdPeriph_Driver/src/stm32f4xx_i2c.o
I2C_NACKPositionConfig                            ./Libraries/STM32F4xx_StdPeriph_Driver/src/stm32f4xx_i2c.o
I2C_OwnAddress2Config                             ./Libraries/STM32F4xx_StdPeriph_Driver/src/stm32f4xx_i2c.o
I2C_PECPositionConfig                             ./Libraries/STM32F4xx_StdPeriph_Driver/src/stm32f4xx_i2c.o
I2C_ReadRegister                                  ./Libraries/STM32F4xx_StdPeriph_Driver/src/stm32f4xx_i2c.o
I2C_ReceiveData                                   ./Libraries/STM32F4xx_StdPeriph_Driver/src/stm32f4xx_i2c.o
I2C_SMBusAlertConfig                              ./Libraries/STM32F4xx_StdPeriph_Driver/src/stm32f4xx_i2c.o
I2C_Send7bitAddress                               ./Libraries/STM32F4xx_StdPeriph_Driver/src/stm32f4xx_i2c.o
I2C_SendData                                      ./Libraries/STM32F4xx_StdPeriph_Driver/src/stm32f4xx_i2c.o
I2C_SoftwareResetCmd                              ./Libraries/STM32F4xx_StdPeriph_Driver/src/stm32f4xx_i2c.o
I2C_StretchClockCmd                               ./Libraries/STM32F4xx_StdPeriph_Driver/src/stm32f4xx_i2c.o
I2C_StructInit                                    ./Libraries/STM32F4xx_StdPeriph_Driver/src/stm32f4xx_i2c.o
I2C_TransmitPEC                                   ./Libraries/STM32F4xx_StdPeriph_Driver/src/stm32f4xx_i2c.o
I2S_Cmd                                           ./Libraries/STM32F4xx_StdPeriph_Driver/src/stm32f4xx_spi.o
I2S_FullDuplexConfig                              ./Libraries/STM32F4xx_StdPeriph_Driver/src/stm32f4xx_spi.o
I2S_Init                                          ./Libraries/STM32F4xx_StdPeriph_Driver/src/stm32f4xx_spi.o
I2S_StructInit                                    ./Libraries/STM32F4xx_StdPeriph_Driver/src/stm32f4xx_spi.o
IWDG_Enable                                       ./Libraries/STM32F4xx_StdPeriph_Driver/src/stm32f4xx_iwdg.o
IWDG_GetFlagStatus                                ./Libraries/STM32F4xx_StdPeriph_Driver/src/stm32f4xx_iwdg.o
IWDG_ReloadCounter                                ./Libraries/STM32F4xx_StdPeriph_Driver/src/stm32f4xx_iwdg.o
IWDG_SetPrescaler                                 ./Libraries/STM32F4xx_StdPeriph_Driver/src/stm32f4xx_iwdg.o
IWDG_SetReload                                    ./Libraries/STM32F4xx_StdPeriph_Driver/src/stm32f4xx_iwdg.o
IWDG_WriteAccessCmd                               ./Libraries/STM32F4xx_StdPeriph_Driver/src/stm32f4xx_iwdg.o
LIS302DLTimeout                                   ./Utilities/stm32f4_discovery_lis302dl.o
LIS302DL_DataRateCmd                              ./Utilities/stm32f4_discovery_lis302dl.o
LIS302DL_FilterConfig                             ./Utilities/stm32f4_discovery_lis302dl.o
LIS302DL_FullScaleCmd                             ./Utilities/stm32f4_discovery_lis302dl.o
LIS302DL_Init                                     ./Utilities/stm32f4_discovery_lis302dl.o
                                                  ./src/hw_config.o
LIS302DL_InterruptConfig                          ./Utilities/stm32f4_discovery_lis302dl.o